 agent

 Timestamp is 5a2b7ffc (Fri Dec  8 22:17:32 2017)

 Preferred load address is 00400000

 Start         Length     Name                   Class
 0001:00000000 000001a0H .text$di                CODE
 0001:000001a0 00026970H .text$mn                CODE
 0001:00026b10 00000220H .text$x                 CODE
 0001:00026d30 0000007dH .text$yd                CODE
 0002:00000000 00000168H .idata$5                DATA
 0002:00000168 00000004H .00cfg                  DATA
 0002:0000016c 00000004H .CRT$XCA                DATA
 0002:00000170 00000004H .CRT$XCAA               DATA
 0002:00000174 0000002cH .CRT$XCC                DATA
 0002:000001a0 00000008H .CRT$XCL                DATA
 0002:000001a8 0000000cH .CRT$XCU                DATA
 0002:000001b4 00000004H .CRT$XCZ                DATA
 0002:000001b8 00000004H .CRT$XIA                DATA
 0002:000001bc 00000004H .CRT$XIAA               DATA
 0002:000001c0 00000004H .CRT$XIAC               DATA
 0002:000001c4 00000018H .CRT$XIC                DATA
 0002:000001dc 00000004H .CRT$XIZ                DATA
 0002:000001e0 00000004H .CRT$XLA                DATA
 0002:000001e4 00000004H .CRT$XLZ                DATA
 0002:000001e8 00000004H .CRT$XPA                DATA
 0002:000001ec 00000008H .CRT$XPX                DATA
 0002:000001f4 00000004H .CRT$XPXA               DATA
 0002:000001f8 00000004H .CRT$XPZ                DATA
 0002:000001fc 00000004H .CRT$XTA                DATA
 0002:00000200 00000010H .CRT$XTZ                DATA
 0002:00000210 0000c52cH .rdata                  DATA
 0002:0000c73c 00000018H .rdata$T                DATA
 0002:0000c754 00000aecH .rdata$r                DATA
 0002:0000d240 00000054H .rdata$sxdata           DATA
 0002:0000d294 00000398H .rdata$zzzdbg           DATA
 0002:0000d62c 00000004H .rtc$IAA                DATA
 0002:0000d630 00000004H .rtc$IZZ                DATA
 0002:0000d634 00000004H .rtc$TAA                DATA
 0002:0000d638 00000008H .rtc$TZZ                DATA
 0002:0000d640 00000d9cH .xdata$x                DATA
 0002:0000e3dc 00000000H .edata                  DATA
 0002:0000e3dc 0000003cH .idata$2                DATA
 0002:0000e418 00000014H .idata$3                DATA
 0002:0000e42c 00000168H .idata$4                DATA
 0002:0000e594 00000666H .idata$6                DATA
 0003:00000000 00000bd0H .data                   DATA
 0003:00000bd0 00000538H .data$r                 DATA
 0003:00001108 0000105cH .bss                    DATA
 0004:00000000 000000c0H .gfids$x                DATA
 0004:000000c0 00000104H .gfids$y                DATA
 0005:00000000 00000004H .tls                    DATA
 0005:00000004 00000004H .tls$                   DATA
 0005:00000008 00000001H .tls$ZZZ                DATA

  Address         Publics by Value              Rva+Base       Lib:Object

 0000:00000000       __except_list              00000000     <absolute>
 0000:00000000       ___guard_longjmp_count     00000000     <absolute>
 0000:00000000       ___guard_fids_count        00000000     <absolute>
 0000:00000000       ___guard_longjmp_table     00000000     <absolute>
 0000:00000000       ___guard_iat_table         00000000     <absolute>
 0000:00000000       ___guard_iat_count         00000000     <absolute>
 0000:00000000       ___guard_fids_table        00000000     <absolute>
 0000:00000000       ___dynamic_value_reloc_table 00000000     <absolute>
 0000:00000015       ___safe_se_handler_count   00000015     <absolute>
 0000:0000002c       __tls_array                0000002c     <absolute>
 0000:00000100       ___guard_flags             00000100     <absolute>
 0000:00000000       ___ImageBase               00400000     <linker-defined>
 0001:000002b0       _wWinMain@16               004012b0 f   implant.obj
 0001:00000380       ?sendHeartbeat@@YAXXZ      00401380 f   implant.obj
 0001:000004c0       ?sendFile@@YAXPAD0@Z       004014c0 f   implant.obj
 0001:00000830       ?registerImplant@@YAXXZ    00401830 f   implant.obj
 0001:00000a00       ?getMacAddr@@YAXPAPAD@Z    00401a00 f   implant.obj
 0001:00000af0       ?recvResponse@@YAHPAX@Z    00401af0 f   implant.obj
 0001:00000bd0       ?parseResponse@@YAHPAD@Z   00401bd0 f   implant.obj
 0001:00000c80       ?getFileData@@YAPADV?$basic_string@DU?$char_traits@D@std@@V?$allocator@D@2@@std@@PAH@Z 00401c80 f   implant.obj
 0001:00000d90       ?runImager@@YAXPBD@Z       00401d90 f   implant.obj
 0001:00000e00       ??$?0$$V@?$_Compressed_pair@U?$_Wrap_alloc@V?$allocator@D@std@@@std@@V?$_String_val@U?$_Simple_types@D@std@@@2@$00@std@@QAE@U_Zero_then_variadic_args_t@1@@Z 00401e00 f i implant.obj
 0001:00000e20       ??$?0$$V@?$_Compressed_pair@U?$_Wrap_alloc@V?$allocator@D@std@@@std@@V?$_Vector_val@U?$_Simple_types@D@std@@@2@$00@std@@QAE@U_Zero_then_variadic_args_t@1@@Z 00401e20 f i implant.obj
 0001:00000e40       ??$?0PADX@?$basic_string@DU?$char_traits@D@std@@V?$allocator@D@2@@std@@QAE@PAD0ABV?$allocator@D@1@@Z 00401e40 f i implant.obj
 0001:00000ea0       ??$?0ABV?$allocator@D@std@@$$V@?$_Compressed_pair@U?$_Wrap_alloc@V?$allocator@D@std@@@std@@V?$_String_val@U?$_Simple_types@D@std@@@2@$00@std@@QAE@U_One_then_variadic_args_t@1@ABV?$allocator@D@1@@Z 00401ea0 f i implant.obj
 0001:00000ea0       ??$?0U?$_Wrap_alloc@V?$allocator@D@std@@@std@@$$V@?$_Compressed_pair@U?$_Wrap_alloc@V?$allocator@D@std@@@std@@V?$_String_val@U?$_Simple_types@D@std@@@2@$00@std@@QAE@U_One_then_variadic_args_t@1@$$QAU?$_Wrap_alloc@V?$allocator@D@std@@@1@@Z 00401ea0 f i implant.obj
 0001:00000ed0       ??$?0ABV?$allocator@D@std@@X@?$_String_alloc@U?$_String_base_types@DV?$allocator@D@std@@@std@@@std@@QAE@ABV?$allocator@D@1@@Z 00401ed0 f i implant.obj
 0001:00000ed0       ??$?0U?$_Wrap_alloc@V?$allocator@D@std@@@std@@X@?$_String_alloc@U?$_String_base_types@DV?$allocator@D@std@@@std@@@std@@QAE@$$QAU?$_Wrap_alloc@V?$allocator@D@std@@@1@@Z 00401ed0 f i implant.obj
 0001:00000f00       ??$?0V?$_Vector_iterator@V?$_Vector_val@U?$_Simple_types@D@std@@@std@@@std@@X@?$basic_string@DU?$char_traits@D@std@@V?$allocator@D@2@@std@@QAE@V?$_Vector_iterator@V?$_Vector_val@U?$_Simple_types@D@std@@@std@@@1@0ABV?$allocator@D@1@@Z 00401f00 f i implant.obj
 0001:00000f60       ??$?0V?$allocator@D@std@@@?$_Wrap_alloc@V?$allocator@D@std@@@std@@QAE@$$QAV?$allocator@D@1@@Z 00401f60 f i implant.obj
 0001:00000f60       ??$?0ABV?$allocator@D@std@@@?$_Wrap_alloc@V?$allocator@D@std@@@std@@QAE@ABV?$allocator@D@1@@Z 00401f60 f i implant.obj
 0001:00000f60       ??0?$_Wrap_alloc@V?$allocator@D@std@@@std@@QAE@$$QAU01@@Z 00401f60 f i implant.obj
 0001:00000f90       ??$?6U?$char_traits@D@std@@@std@@YAAAV?$basic_ostream@DU?$char_traits@D@std@@@0@AAV10@PBD@Z 00401f90 f i implant.obj
 0001:00001270       ??$?8DD@std@@YA_NABV?$allocator@D@0@0@Z 00402270 f i implant.obj
 0001:00001280       ??$?8V?$allocator@D@std@@V01@@std@@YA_NABU?$_Wrap_alloc@V?$allocator@D@std@@@0@0@Z 00402280 f i implant.obj
 0001:000012a0       ??$?9DD@std@@YA_NABV?$allocator@D@0@0@Z 004022a0 f i implant.obj
 0001:000012b0       ??$?9V?$allocator@D@std@@V01@@std@@YA_NABU?$_Wrap_alloc@V?$allocator@D@std@@@0@0@Z 004022b0 f i implant.obj
 0001:000012f0       ??$_Destroy_range@V?$allocator@D@std@@PAD@std@@YAXPAD0AAU?$_Wrap_alloc@V?$allocator@D@std@@@0@@Z 004022f0 f i implant.obj
 0001:00001320       ??$_Fgetc@D@std@@YA_NAADPAU_iobuf@@@Z 00402320 f i implant.obj
 0001:00001350       ??$_Fputc@D@std@@YA_NDPAU_iobuf@@@Z 00402350 f i implant.obj
 0001:00001390       ??$_Getvals@D@?$numpunct@D@std@@IAEXDPBUlconv@@U_Cvtvec@@@Z 00402390 f i implant.obj
 0001:000013f0       ??$_Immortalize@V_Iostream_error_category@std@@@std@@YAAAV_Iostream_error_category@0@XZ 004023f0 f i implant.obj
 0001:00001450       ??$_Integral_to_string@DK@std@@YA?AV?$basic_string@DU?$char_traits@D@std@@V?$allocator@D@2@@0@K@Z 00402450 f i implant.obj
 0001:000014f0       ??$_Maklocchr@D@std@@YADDPADABU_Cvtvec@@@Z 004024f0 f i implant.obj
 0001:00001500       ??$_Maklocstr@D@std@@YAPADPBDPADABU_Cvtvec@@@Z 00402500 f i implant.obj
 0001:00001570       ??$_Pocca@U?$_Wrap_alloc@V?$allocator@D@std@@@std@@@std@@YAXAAU?$_Wrap_alloc@V?$allocator@D@std@@@0@ABU10@@Z 00402570 f i implant.obj
 0001:00001590       ??$_UIntegral_to_buff@DK@std@@YAPADPADK@Z 00402590 f i implant.obj
 0001:00001650       ??$_Unchecked@V?$_Vector_val@U?$_Simple_types@D@std@@@std@@@std@@YAPADV?$_Vector_iterator@V?$_Vector_val@U?$_Simple_types@D@std@@@std@@@0@@Z 00402650 f i implant.obj
 0001:00001660       ??$_Ungetc@D@std@@YA_NABDPAU_iobuf@@@Z 00402660 f i implant.obj
 0001:000016a0       ??$_Uninitialized_default_fill_n1@PADIV?$allocator@D@std@@@std@@YAXPADIAAU?$_Wrap_alloc@V?$allocator@D@std@@@0@U?$integral_constant@_N$00@0@@Z 004026a0 f i implant.obj
 0001:000016c0       ??$_Uninitialized_default_fill_n@PADIV?$allocator@D@std@@@std@@YAXPADIAAU?$_Wrap_alloc@V?$allocator@D@std@@@0@@Z 004026c0 f i implant.obj
 0001:000016f0       ??$_Destroy_range1@V?$allocator@D@std@@PAD@std@@YAXPAD0AAU?$_Wrap_alloc@V?$allocator@D@std@@@0@U?$integral_constant@_N$00@0@@Z 004026f0 f i implant.obj
 0001:000016f0       ??$__vcrt_va_start_verify_argument_type@QBD@@YAXXZ 004026f0 f i implant.obj
 0001:000016f0       ??$_Pocca@U?$_Wrap_alloc@V?$allocator@D@std@@@std@@@std@@YAXAAU?$_Wrap_alloc@V?$allocator@D@std@@@0@ABU10@U?$integral_constant@_N$0A@@0@@Z 004026f0 f i implant.obj
 0001:00001700       ??$construct@PADAAPAD@?$_Wrap_alloc@V?$allocator@D@std@@@std@@QAEXPAPADAAPAD@Z 00402700 f i implant.obj
 0001:00001730       ??$construct@PADAAPAD@?$allocator@D@std@@QAEXPAPADAAPAD@Z 00402730 f i implant.obj
 0001:00001780       ??$construct@PADAAPAD@?$allocator_traits@V?$allocator@D@std@@@std@@SAXAAV?$allocator@D@1@PAPADAAPAD@Z 00402780 f i implant.obj
 0001:000017a0       ??$destroy@PAD@?$_Wrap_alloc@V?$allocator@D@std@@@std@@QAEXPAPAD@Z 004027a0 f i implant.obj
 0001:000017c0       ??$destroy@PAD@?$allocator_traits@V?$allocator@D@std@@@std@@SAXAAV?$allocator@D@1@PAPAD@Z 004027c0 f i implant.obj
 0001:000017e0       ??$end@D$0BF@@std@@YAPADAAY0BF@D@Z 004027e0 f i implant.obj
 0001:000017f0       ??$endl@DU?$char_traits@D@std@@@std@@YAAAV?$basic_ostream@DU?$char_traits@D@std@@@0@AAV10@@Z 004027f0 f i implant.obj
 0001:00001820       ??$addressof@PAD@std@@YAPAPADAAPAD@Z 00402820 f i implant.obj
 0001:00001820       ??$move@AAU?$_Wrap_alloc@V?$allocator@D@std@@@std@@@std@@YA$$QAU?$_Wrap_alloc@V?$allocator@D@std@@@0@AAU10@@Z 00402820 f i implant.obj
 0001:00001820       ??$_Unchecked@PAD@std@@YAPADPAD@Z 00402820 f i implant.obj
 0001:00001820       ??$addressof@D@std@@YAPADAAD@Z 00402820 f i implant.obj
 0001:00001820       ??$forward@ABV?$allocator@D@std@@@std@@YAABV?$allocator@D@0@ABV10@@Z 00402820 f i implant.obj
 0001:00001820       ??$forward@AAPAD@std@@YAAAPADAAPAD@Z 00402820 f i implant.obj
 0001:00001820       ??$_Unfancy@D@std@@YAPADPAD@Z 00402820 f i implant.obj
 0001:00001820       ??$forward@V?$allocator@D@std@@@std@@YA$$QAV?$allocator@D@0@AAV10@@Z 00402820 f i implant.obj
 0001:00001820       ??$forward@U?$_Wrap_alloc@V?$allocator@D@std@@@std@@@std@@YA$$QAU?$_Wrap_alloc@V?$allocator@D@std@@@0@AAU10@@Z 00402820 f i implant.obj
 0001:00001820       ??$forward@V?$basic_string@DU?$char_traits@D@std@@V?$allocator@D@2@@std@@@std@@YA$$QAV?$basic_string@DU?$char_traits@D@std@@V?$allocator@D@2@@0@AAV10@@Z 00402820 f i implant.obj
 0001:00001830       ??$use_facet@V?$codecvt@DDU_Mbstatet@@@std@@@std@@YAABV?$codecvt@DDU_Mbstatet@@@0@ABVlocale@0@@Z 00402830 f i implant.obj
 0001:000018f0       ??$use_facet@V?$ctype@D@std@@@std@@YAABV?$ctype@D@0@ABVlocale@0@@Z 004028f0 f i implant.obj
 0001:000019b0       ??$use_facet@V?$num_put@DV?$ostreambuf_iterator@DU?$char_traits@D@std@@@std@@@std@@@std@@YAABV?$num_put@DV?$ostreambuf_iterator@DU?$char_traits@D@std@@@std@@@0@ABVlocale@0@@Z 004029b0 f i implant.obj
 0001:00001a70       ??$use_facet@V?$numpunct@D@std@@@std@@YAABV?$numpunct@D@0@ABVlocale@0@@Z 00402a70 f i implant.obj
 0001:00001b30       ??0?$_Immortalizer@V_Iostream_error_category@std@@@std@@QAE@XZ 00402b30 f i implant.obj
 0001:00001b70       ??0?$_String_alloc@U?$_String_base_types@DV?$allocator@D@std@@@std@@@std@@QAE@XZ 00402b70 f i implant.obj
 0001:00001b90       ??0?$_String_val@U?$_Simple_types@D@std@@@std@@QAE@XZ 00402b90 f i implant.obj
 0001:00001bc0       ??0?$_Vector_alloc@U?$_Vec_base_types@DV?$allocator@D@std@@@std@@@std@@QAE@XZ 00402bc0 f i implant.obj
 0001:00001be0       ??0?$_String_const_iterator@V?$_String_val@U?$_Simple_types@D@std@@@std@@@std@@QAE@PBDPBU_Container_base0@1@@Z 00402be0 f i implant.obj
 0001:00001be0       ??0?$_Vector_const_iterator@V?$_Vector_val@U?$_Simple_types@D@std@@@std@@@std@@QAE@PADPBU_Container_base0@1@@Z 00402be0 f i implant.obj
 0001:00001c10       ??0?$_Vector_iterator@V?$_Vector_val@U?$_Simple_types@D@std@@@std@@@std@@QAE@PADPBU_Container_base0@1@@Z 00402c10 f i implant.obj
 0001:00001c10       ??0?$_String_iterator@V?$_String_val@U?$_Simple_types@D@std@@@std@@@std@@QAE@PADPBU_Container_base0@1@@Z 00402c10 f i implant.obj
 0001:00001c30       ??0?$_Vector_val@U?$_Simple_types@D@std@@@std@@QAE@XZ 00402c30 f i implant.obj
 0001:00001c60       ??0?$_Wrap_alloc@V?$allocator@D@std@@@std@@QAE@XZ 00402c60 f i implant.obj
 0001:00001c80       ??0?$_Yarn@D@std@@QAE@XZ   00402c80 f i implant.obj
 0001:00001ca0       ??0?$_Yarn@_W@std@@QAE@XZ  00402ca0 f i implant.obj
 0001:00001cc0       ??0?$allocator@D@std@@QAE@ABV01@@Z 00402cc0 f i implant.obj
 0001:00001cd0       ??0?$basic_filebuf@DU?$char_traits@D@std@@@std@@QAE@PAU_iobuf@@@Z 00402cd0 f i implant.obj
 0001:00001d00       ??0?$basic_ifstream@DU?$char_traits@D@std@@@std@@QAE@ABV?$basic_string@DU?$char_traits@D@std@@V?$allocator@D@2@@1@HH@Z 00402d00 f i implant.obj
 0001:00001dc0       ??0?$basic_ios@DU?$char_traits@D@std@@@std@@IAE@XZ 00402dc0 f i implant.obj
 0001:00001de0       ??0?$basic_istream@DU?$char_traits@D@std@@@std@@QAE@PAV?$basic_streambuf@DU?$char_traits@D@std@@@1@_N@Z 00402de0 f i implant.obj
 0001:00001e70       ??0?$basic_streambuf@DU?$char_traits@D@std@@@std@@IAE@XZ 00402e70 f i implant.obj
 0001:00001ed0       ??0?$basic_string@DU?$char_traits@D@std@@V?$allocator@D@2@@std@@QAE@$$QAV01@@Z 00402ed0 f i implant.obj
 0001:00001f20       ??0?$basic_string@DU?$char_traits@D@std@@V?$allocator@D@2@@std@@QAE@ABV01@@Z 00402f20 f i implant.obj
 0001:00001f80       ??0?$basic_string@DU?$char_traits@D@std@@V?$allocator@D@2@@std@@QAE@ID@Z 00402f80 f i implant.obj
 0001:00001fc0       ??0?$basic_string@DU?$char_traits@D@std@@V?$allocator@D@2@@std@@QAE@PBD@Z 00402fc0 f i implant.obj
 0001:00001ff0       ??0?$basic_string@DU?$char_traits@D@std@@V?$allocator@D@2@@std@@QAE@XZ 00402ff0 f i implant.obj
 0001:00002020       ??0?$codecvt@DDU_Mbstatet@@@std@@QAE@ABV_Locinfo@1@I@Z 00403020 f i implant.obj
 0001:00002060       ??0?$ctype@D@std@@QAE@ABV_Locinfo@1@I@Z 00403060 f i implant.obj
 0001:000020a0       ??0?$fpos@U_Mbstatet@@@std@@QAE@U_Mbstatet@@_J@Z 004030a0 f i implant.obj
 0001:000020e0       ??0?$fpos@U_Mbstatet@@@std@@QAE@_J@Z 004030e0 f i implant.obj
 0001:00002120       ??0?$num_put@DV?$ostreambuf_iterator@DU?$char_traits@D@std@@@std@@@std@@QAE@ABV_Locinfo@1@I@Z 00403120 f i implant.obj
 0001:00002160       ??0?$numpunct@D@std@@QAE@ABV_Locinfo@1@I_N@Z 00403160 f i implant.obj
 0001:000021a0       ??0?$ostreambuf_iterator@DU?$char_traits@D@std@@@std@@QAE@PAV?$basic_streambuf@DU?$char_traits@D@std@@@1@@Z 004031a0 f i implant.obj
 0001:000021c0       ??0?$vector@DV?$allocator@D@std@@@std@@QAE@I@Z 004031c0 f i implant.obj
 0001:00002290       ??0_Facet_base@std@@QAE@XZ 00403290 f i implant.obj
 0001:000022b0       ??0_Generic_error_category@std@@QAE@XZ 004032b0 f i implant.obj
 0001:000022e0       ??0_Iostream_error_category@std@@QAE@XZ 004032e0 f i implant.obj
 0001:00002310       ??0_Locinfo@std@@QAE@PBD@Z 00403310 f i implant.obj
 0001:000023a0       ??0_Sentry_base@?$basic_ostream@DU?$char_traits@D@std@@@std@@QAE@AAV12@@Z 004033a0 f i implant.obj
 0001:000023a0       ??0_Sentry_base@?$basic_istream@DU?$char_traits@D@std@@@std@@QAE@AAV12@@Z 004033a0 f i implant.obj
 0001:00002400       ??0_System_error@std@@IAE@Verror_code@1@ABV?$basic_string@DU?$char_traits@D@std@@V?$allocator@D@2@@1@@Z 00403400 f i implant.obj
 0001:00002480       ??0_System_error@std@@QAE@ABV01@@Z 00403480 f i implant.obj
 0001:000024c0       ??0bad_cast@std@@QAE@ABV01@@Z 004034c0 f i implant.obj
 0001:000024f0       ??0bad_cast@std@@QAE@XZ    004034f0 f i implant.obj
 0001:00002520       ??0codecvt_base@std@@QAE@I@Z 00403520 f i implant.obj
 0001:00002550       ??0ctype_base@std@@QAE@I@Z 00403550 f i implant.obj
 0001:00002580       ??0error_category@std@@QAE@XZ 00403580 f i implant.obj
 0001:000025a0       ??0error_condition@std@@QAE@HABVerror_category@1@@Z 004035a0 f i implant.obj
 0001:000025a0       ??0error_code@std@@QAE@HABVerror_category@1@@Z 004035a0 f i implant.obj
 0001:000025d0       ??0exception@std@@QAE@ABV01@@Z 004035d0 f i implant.obj
 0001:00002610       ??0exception@std@@QAE@QBD@Z 00403610 f i implant.obj
 0001:00002660       ??0exception@std@@QAE@QBDH@Z 00403660 f i implant.obj
 0001:00002690       ??0facet@locale@std@@IAE@I@Z 00403690 f i implant.obj
 0001:000026d0       ??0failure@ios_base@std@@QAE@ABV012@@Z 004036d0 f i implant.obj
 0001:00002700       ??0failure@ios_base@std@@QAE@PBDABVerror_code@2@@Z 00403700 f i implant.obj
 0001:00002730       ??0id@locale@std@@QAE@I@Z  00403730 f i implant.obj
 0001:00002750       ??0ios_base@std@@IAE@XZ    00403750 f i implant.obj
 0001:00002770       ??0locale@std@@QAE@ABV01@@Z 00403770 f i implant.obj
 0001:000027a0       ??0locale@std@@QAE@XZ      004037a0 f i implant.obj
 0001:000027c0       ??0runtime_error@std@@QAE@ABV01@@Z 004037c0 f i implant.obj
 0001:000027f0       ??0runtime_error@std@@QAE@ABV?$basic_string@DU?$char_traits@D@std@@V?$allocator@D@2@@1@@Z 004037f0 f i implant.obj
 0001:00002820       ??0runtime_error@std@@QAE@PBD@Z 00403820 f i implant.obj
 0001:00002850       ??0sentry@?$basic_istream@DU?$char_traits@D@std@@@std@@QAE@AAV12@_N@Z 00403850 f i implant.obj
 0001:00002890       ??0sentry@?$basic_ostream@DU?$char_traits@D@std@@@std@@QAE@AAV12@@Z 00403890 f i implant.obj
 0001:00002920       ??0system_error@std@@QAE@ABV01@@Z 00403920 f i implant.obj
 0001:00002950       ??0system_error@std@@QAE@Verror_code@1@PBD@Z 00403950 f i implant.obj
 0001:000029b0       ??1?$_Compressed_pair@U?$_Wrap_alloc@V?$allocator@D@std@@@std@@V?$_String_val@U?$_Simple_types@D@std@@@2@$00@std@@QAE@XZ 004039b0 f i implant.obj
 0001:000029d0       ??1?$_String_alloc@U?$_String_base_types@DV?$allocator@D@std@@@std@@@std@@QAE@XZ 004039d0 f i implant.obj
 0001:000029f0       ??1?$_String_val@U?$_Simple_types@D@std@@@std@@QAE@XZ 004039f0 f i implant.obj
 0001:00002a10       ??1?$_Yarn@_W@std@@QAE@XZ  00403a10 f i implant.obj
 0001:00002a10       ??1?$_Yarn@D@std@@QAE@XZ   00403a10 f i implant.obj
 0001:00002a30       ??1?$basic_filebuf@DU?$char_traits@D@std@@@std@@UAE@XZ 00403a30 f i implant.obj
 0001:00002a70       ??1?$basic_ifstream@DU?$char_traits@D@std@@@std@@UAE@XZ 00403a70 f i implant.obj
 0001:00002ad0       ??1?$basic_ios@DU?$char_traits@D@std@@@std@@UAE@XZ 00403ad0 f i implant.obj
 0001:00002af0       ??1?$basic_istream@DU?$char_traits@D@std@@@std@@UAE@XZ 00403af0 f i implant.obj
 0001:00002b30       ??1?$basic_streambuf@DU?$char_traits@D@std@@@std@@UAE@XZ 00403b30 f i implant.obj
 0001:00002b80       ??1?$basic_string@DU?$char_traits@D@std@@V?$allocator@D@2@@std@@QAE@XZ 00403b80 f i implant.obj
 0001:00002ba0       ??1?$codecvt@DDU_Mbstatet@@@std@@MAE@XZ 00403ba0 f i implant.obj
 0001:00002bc0       ??1?$ctype@D@std@@MAE@XZ   00403bc0 f i implant.obj
 0001:00002bf0       ??1?$num_put@DV?$ostreambuf_iterator@DU?$char_traits@D@std@@@std@@@std@@MAE@XZ 00403bf0 f i implant.obj
 0001:00002c10       ??1?$numpunct@D@std@@MAE@XZ 00403c10 f i implant.obj
 0001:00002c40       ??1?$vector@DV?$allocator@D@std@@@std@@QAE@XZ 00403c40 f i implant.obj
 0001:00002c60       ??1_Facet_base@std@@UAE@XZ 00403c60 f i implant.obj
 0001:00002c80       ??1_Generic_error_category@std@@UAE@XZ 00403c80 f i implant.obj
 0001:00002ca0       ??1_Iostream_error_category@std@@UAE@XZ 00403ca0 f i implant.obj
 0001:00002cc0       ??1_Locinfo@std@@QAE@XZ    00403cc0 f i implant.obj
 0001:00002d30       ??1_Sentry_base@?$basic_istream@DU?$char_traits@D@std@@@std@@QAE@XZ 00403d30 f i implant.obj
 0001:00002d30       ??1_Sentry_base@?$basic_ostream@DU?$char_traits@D@std@@@std@@QAE@XZ 00403d30 f i implant.obj
 0001:00002d90       ??1_System_error@std@@UAE@XZ 00403d90 f i implant.obj
 0001:00002db0       ??1codecvt_base@std@@UAE@XZ 00403db0 f i implant.obj
 0001:00002dd0       ??1ctype_base@std@@UAE@XZ  00403dd0 f i implant.obj
 0001:00002df0       ??1error_category@std@@UAE@XZ 00403df0 f i implant.obj
 0001:00002e10       ??1exception@std@@UAE@XZ   00403e10 f i implant.obj
 0001:00002e40       ??1facet@locale@std@@MAE@XZ 00403e40 f i implant.obj
 0001:00002e60       ??1failure@ios_base@std@@UAE@XZ 00403e60 f i implant.obj
 0001:00002e80       ??1ios_base@std@@UAE@XZ    00403e80 f i implant.obj
 0001:00002ea0       ??1locale@std@@QAE@XZ      00403ea0 f i implant.obj
 0001:00002f00       ??1bad_cast@std@@UAE@XZ    00403f00 f i implant.obj
 0001:00002f00       ??1runtime_error@std@@UAE@XZ 00403f00 f i implant.obj
 0001:00002f20       ??1sentry@?$basic_istream@DU?$char_traits@D@std@@@std@@QAE@XZ 00403f20 f i implant.obj
 0001:00002f40       ??1sentry@?$basic_ostream@DU?$char_traits@D@std@@@std@@QAE@XZ 00403f40 f i implant.obj
 0001:00002f70       ??1system_error@std@@UAE@XZ 00403f70 f i implant.obj
 0001:00002f90       ??2@YAPAXIPAX@Z            00403f90 f i implant.obj
 0001:00002fa0       ??4?$basic_string@DU?$char_traits@D@std@@V?$allocator@D@2@@std@@QAEAAV01@ABV01@@Z 00403fa0 f i implant.obj
 0001:00003010       ??4?$ostreambuf_iterator@DU?$char_traits@D@std@@@std@@QAEAAV01@D@Z 00404010 f i implant.obj
 0001:00003070       ??6?$basic_ostream@DU?$char_traits@D@std@@@std@@QAEAAV01@K@Z 00404070 f i implant.obj
 0001:000031e0       ??6?$basic_ostream@DU?$char_traits@D@std@@@std@@QAEAAV01@P6AAAV01@AAV01@@Z@Z 004041e0 f i implant.obj
 0001:00003200       ??8error_category@std@@QBE_NABV01@@Z 00404200 f i implant.obj
 0001:00003230       ??8std@@YA_NABVerror_condition@0@0@Z 00404230 f i implant.obj
 0001:00003290       ??A?$basic_string@DU?$char_traits@D@std@@V?$allocator@D@2@@std@@QAEAADI@Z 00404290 f i implant.obj
 0001:00003290       ??A?$basic_string@DU?$char_traits@D@std@@V?$allocator@D@2@@std@@QBEABDI@Z 00404290 f i implant.obj
 0001:000032b0       ??A?$vector@DV?$allocator@D@std@@@std@@QAEAADI@Z 004042b0 f i implant.obj
 0001:000032d0       ??B?$fpos@U_Mbstatet@@@std@@QBE_JXZ 004042d0 f i implant.obj
 0001:00003300       ??Bid@locale@std@@QAEIXZ   00404300 f i implant.obj
 0001:00003350       ??Bsentry@?$basic_ostream@DU?$char_traits@D@std@@@std@@QBE_NXZ 00404350 f i implant.obj
 0001:00003350       ??Bsentry@?$basic_istream@DU?$char_traits@D@std@@@std@@QBE_NXZ 00404350 f i implant.obj
 0001:00003370       ?value@error_condition@std@@QBEHXZ 00404370 f i implant.obj
 0001:00003370       ?value@error_code@std@@QBEHXZ 00404370 f i implant.obj
 0001:00003370       ?_Unchecked@?$_Vector_iterator@V?$_Vector_val@U?$_Simple_types@D@std@@@std@@@std@@QBEPADXZ 00404370 f i implant.obj
 0001:00003370       ??D?$_String_const_iterator@V?$_String_val@U?$_Simple_types@D@std@@@std@@@std@@QBEABDXZ 00404370 f i implant.obj
 0001:00003380       ??D?$_String_iterator@V?$_String_val@U?$_Simple_types@D@std@@@std@@@std@@QBEAADXZ 00404380 f i implant.obj
 0001:000033a0       ?_Get_second@?$_Compressed_pair@U?$_Wrap_alloc@V?$allocator@D@std@@@std@@V?$_String_val@U?$_Simple_types@D@std@@@2@$00@std@@QAEAAV?$_String_val@U?$_Simple_types@D@std@@@2@XZ 004043a0 f i implant.obj
 0001:000033a0       ??0?$allocator@D@std@@QAE@XZ 004043a0 f i implant.obj
 0001:000033a0       ?_Get_first@?$_Compressed_pair@U?$_Wrap_alloc@V?$allocator@D@std@@@std@@V?$_String_val@U?$_Simple_types@D@std@@@2@$00@std@@QAEAAU?$_Wrap_alloc@V?$allocator@D@std@@@2@XZ 004043a0 f i implant.obj
 0001:000033a0       ?_Get_second@?$_Compressed_pair@U?$_Wrap_alloc@V?$allocator@D@std@@@std@@V?$_Vector_val@U?$_Simple_types@D@std@@@2@$00@std@@QAEAAV?$_Vector_val@U?$_Simple_types@D@std@@@2@XZ 004043a0 f i implant.obj
 0001:000033a0       ?_Get_first@?$_Compressed_pair@U?$_Wrap_alloc@V?$allocator@D@std@@@std@@V?$_String_val@U?$_Simple_types@D@std@@@2@$00@std@@QBEABU?$_Wrap_alloc@V?$allocator@D@std@@@2@XZ 004043a0 f i implant.obj
 0001:000033a0       ??0_Bxty@?$_String_val@U?$_Simple_types@D@std@@@std@@QAE@XZ 004043a0 f i implant.obj
 0001:000033a0       ??D?$ostreambuf_iterator@DU?$char_traits@D@std@@@std@@QAEAAV01@XZ 004043a0 f i implant.obj
 0001:000033a0       ?_Get_first@?$_Compressed_pair@U?$_Wrap_alloc@V?$allocator@D@std@@@std@@V?$_Vector_val@U?$_Simple_types@D@std@@@2@$00@std@@QBEABU?$_Wrap_alloc@V?$allocator@D@std@@@2@XZ 004043a0 f i implant.obj
 0001:000033a0       ?_Get_second@?$_Compressed_pair@U?$_Wrap_alloc@V?$allocator@D@std@@@std@@V?$_String_val@U?$_Simple_types@D@std@@@2@$00@std@@QBEABV?$_String_val@U?$_Simple_types@D@std@@@2@XZ 004043a0 f i implant.obj
 0001:000033a0       ??E?$ostreambuf_iterator@DU?$char_traits@D@std@@@std@@QAEAAV01@XZ 004043a0 f i implant.obj
 0001:000033a0       ?_Get_first@?$_Compressed_pair@U?$_Wrap_alloc@V?$allocator@D@std@@@std@@V?$_Vector_val@U?$_Simple_types@D@std@@@2@$00@std@@QAEAAU?$_Wrap_alloc@V?$allocator@D@std@@@2@XZ 004043a0 f i implant.obj
 0001:000033b0       ??_D?$basic_ifstream@DU?$char_traits@D@std@@@std@@QAEXXZ 004043b0 f i implant.obj
 0001:000033e0       ??_D?$basic_istream@DU?$char_traits@D@std@@@std@@QAEXXZ 004043e0 f i implant.obj
 0001:00003401       ??_E?$basic_ifstream@DU?$char_traits@D@std@@@std@@$4PPPPPPPM@A@AEPAXI@Z 00404401 f i implant.obj
 0001:00003409       ??_E?$basic_istream@DU?$char_traits@D@std@@@std@@$4PPPPPPPM@A@AEPAXI@Z 00404409 f i implant.obj
 0001:00003420       ??_G?$basic_filebuf@DU?$char_traits@D@std@@@std@@UAEPAXI@Z 00404420 f i implant.obj
 0001:00003420       ??_E?$basic_filebuf@DU?$char_traits@D@std@@@std@@UAEPAXI@Z 00404420 f i implant.obj
 0001:00003450       ??_G?$basic_ifstream@DU?$char_traits@D@std@@@std@@UAEPAXI@Z 00404450 f i implant.obj
 0001:00003450       ??_E?$basic_ifstream@DU?$char_traits@D@std@@@std@@UAEPAXI@Z 00404450 f i implant.obj
 0001:00003490       ??_E?$basic_ios@DU?$char_traits@D@std@@@std@@UAEPAXI@Z 00404490 f i implant.obj
 0001:00003490       ??_G?$basic_ios@DU?$char_traits@D@std@@@std@@UAEPAXI@Z 00404490 f i implant.obj
 0001:000034c0       ??_G?$basic_istream@DU?$char_traits@D@std@@@std@@UAEPAXI@Z 004044c0 f i implant.obj
 0001:000034c0       ??_E?$basic_istream@DU?$char_traits@D@std@@@std@@UAEPAXI@Z 004044c0 f i implant.obj
 0001:00003500       ??_E?$basic_streambuf@DU?$char_traits@D@std@@@std@@UAEPAXI@Z 00404500 f i implant.obj
 0001:00003500       ??_G?$basic_streambuf@DU?$char_traits@D@std@@@std@@UAEPAXI@Z 00404500 f i implant.obj
 0001:00003530       ??_G?$codecvt@DDU_Mbstatet@@@std@@MAEPAXI@Z 00404530 f i implant.obj
 0001:00003530       ??_E?$codecvt@DDU_Mbstatet@@@std@@MAEPAXI@Z 00404530 f i implant.obj
 0001:00003560       ??_G?$ctype@D@std@@MAEPAXI@Z 00404560 f i implant.obj
 0001:00003560       ??_E?$ctype@D@std@@MAEPAXI@Z 00404560 f i implant.obj
 0001:00003590       ??_G?$num_put@DV?$ostreambuf_iterator@DU?$char_traits@D@std@@@std@@@std@@MAEPAXI@Z 00404590 f i implant.obj
 0001:00003590       ??_E?$num_put@DV?$ostreambuf_iterator@DU?$char_traits@D@std@@@std@@@std@@MAEPAXI@Z 00404590 f i implant.obj
 0001:000035c0       ??_E?$numpunct@D@std@@MAEPAXI@Z 004045c0 f i implant.obj
 0001:000035c0       ??_G?$numpunct@D@std@@MAEPAXI@Z 004045c0 f i implant.obj
 0001:000035f0       ??_E_Facet_base@std@@UAEPAXI@Z 004045f0 f i implant.obj
 0001:000035f0       ??_G_Facet_base@std@@UAEPAXI@Z 004045f0 f i implant.obj
 0001:00003620       ??_G_Generic_error_category@std@@UAEPAXI@Z 00404620 f i implant.obj
 0001:00003620       ??_E_Generic_error_category@std@@UAEPAXI@Z 00404620 f i implant.obj
 0001:00003650       ??_E_Iostream_error_category@std@@UAEPAXI@Z 00404650 f i implant.obj
 0001:00003650       ??_G_Iostream_error_category@std@@UAEPAXI@Z 00404650 f i implant.obj
 0001:00003680       ??_E_System_error@std@@UAEPAXI@Z 00404680 f i implant.obj
 0001:00003680       ??_G_System_error@std@@UAEPAXI@Z 00404680 f i implant.obj
 0001:000036b0       ??_Ecodecvt_base@std@@UAEPAXI@Z 004046b0 f i implant.obj
 0001:000036b0       ??_Gcodecvt_base@std@@UAEPAXI@Z 004046b0 f i implant.obj
 0001:000036e0       ??_Gctype_base@std@@UAEPAXI@Z 004046e0 f i implant.obj
 0001:000036e0       ??_Ectype_base@std@@UAEPAXI@Z 004046e0 f i implant.obj
 0001:00003710       ??_Eerror_category@std@@UAEPAXI@Z 00404710 f i implant.obj
 0001:00003710       ??_Gerror_category@std@@UAEPAXI@Z 00404710 f i implant.obj
 0001:00003740       ??_Eexception@std@@UAEPAXI@Z 00404740 f i implant.obj
 0001:00003740       ??_Gexception@std@@UAEPAXI@Z 00404740 f i implant.obj
 0001:00003770       ??_Efacet@locale@std@@MAEPAXI@Z 00404770 f i implant.obj
 0001:00003770       ??_Gfacet@locale@std@@MAEPAXI@Z 00404770 f i implant.obj
 0001:000037a0       ??_Efailure@ios_base@std@@UAEPAXI@Z 004047a0 f i implant.obj
 0001:000037a0       ??_Gfailure@ios_base@std@@UAEPAXI@Z 004047a0 f i implant.obj
 0001:000037d0       ??_Gios_base@std@@UAEPAXI@Z 004047d0 f i implant.obj
 0001:000037d0       ??_Eios_base@std@@UAEPAXI@Z 004047d0 f i implant.obj
 0001:00003800       ??_Glocale@std@@QAEPAXI@Z  00404800 f i implant.obj
 0001:00003830       ??_Eruntime_error@std@@UAEPAXI@Z 00404830 f i implant.obj
 0001:00003830       ??_Gbad_cast@std@@UAEPAXI@Z 00404830 f i implant.obj
 0001:00003830       ??_Gruntime_error@std@@UAEPAXI@Z 00404830 f i implant.obj
 0001:00003830       ??_Ebad_cast@std@@UAEPAXI@Z 00404830 f i implant.obj
 0001:00003860       ??_Gsystem_error@std@@UAEPAXI@Z 00404860 f i implant.obj
 0001:00003860       ??_Esystem_error@std@@UAEPAXI@Z 00404860 f i implant.obj
 0001:00003890       ?_Allocate@std@@YAPAXII_N@Z 00404890 f i implant.obj
 0001:00003950       ?_Assign_rv@?$basic_string@DU?$char_traits@D@std@@V?$allocator@D@2@@std@@QAEX$$QAV12@@Z 00404950 f i implant.obj
 0001:00003a10       ?_Buy@?$vector@DV?$allocator@D@std@@@std@@IAE_NI@Z 00404a10 f i implant.obj
 0001:00003ac0       ?_Chassign@?$basic_string@DU?$char_traits@D@std@@V?$allocator@D@2@@std@@QAEXIID@Z 00404ac0 f i implant.obj
 0001:00003b10       ?_Check_offset@?$basic_string@DU?$char_traits@D@std@@V?$allocator@D@2@@std@@QBEXI@Z 00404b10 f i implant.obj
 0001:00003b40       ?_Clamp_suffix_size@?$basic_string@DU?$char_traits@D@std@@V?$allocator@D@2@@std@@QBEIII@Z 00404b40 f i implant.obj
 0001:00003b80       ?_Construct@?$basic_string@DU?$char_traits@D@std@@V?$allocator@D@2@@std@@QAEXPAD0Urandom_access_iterator_tag@2@@Z 00404b80 f i implant.obj
 0001:00003bb0       ?_Copy@?$basic_string@DU?$char_traits@D@std@@V?$allocator@D@2@@std@@QAEXII@Z 00404bb0 f i implant.obj
 0001:00003d80       ?_Copy_alloc@?$_String_alloc@U?$_String_base_types@DV?$allocator@D@std@@@std@@@std@@QAEXABU?$_Wrap_alloc@V?$allocator@D@std@@@2@@Z 00404d80 f i implant.obj
 0001:00003db0       ?_Deallocate@std@@YAXPAXII@Z 00404db0 f i implant.obj
 0001:00003e50       ?_Decref@facet@locale@std@@UAEPAV_Facet_base@3@XZ 00404e50 f i implant.obj
 0001:00003e80       ?_Destroy@?$vector@DV?$allocator@D@std@@@std@@IAEXPAD0@Z 00404e80 f i implant.obj
 0001:00003eb0       ?_Endwrite@?$basic_filebuf@DU?$char_traits@D@std@@@std@@IAE_NXZ 00404eb0 f i implant.obj
 0001:00004070       ?_Eos@?$basic_string@DU?$char_traits@D@std@@V?$allocator@D@2@@std@@QAEXI@Z 00405070 f i implant.obj
 0001:000040b0       ?_Ffmt@?$num_put@DV?$ostreambuf_iterator@DU?$char_traits@D@std@@@std@@@std@@ABAPADPADDH@Z 004050b0 f i implant.obj
 0001:000041f0       ?_Fput@?$num_put@DV?$ostreambuf_iterator@DU?$char_traits@D@std@@@std@@@std@@ABA?AV?$ostreambuf_iterator@DU?$char_traits@D@std@@@2@V32@AAVios_base@2@DPBDI@Z 004051f0 f i implant.obj
 0001:00004660       ?_Getal@?$_String_alloc@U?$_String_base_types@DV?$allocator@D@std@@@std@@@std@@QBEABU?$_Wrap_alloc@V?$allocator@D@std@@@2@XZ 00405660 f i implant.obj
 0001:00004660       ?_Getal@?$_String_alloc@U?$_String_base_types@DV?$allocator@D@std@@@std@@@std@@QAEAAU?$_Wrap_alloc@V?$allocator@D@std@@@2@XZ 00405660 f i implant.obj
 0001:00004660       ?_Get_data@?$_String_alloc@U?$_String_base_types@DV?$allocator@D@std@@@std@@@std@@QAEAAV?$_String_val@U?$_Simple_types@D@std@@@2@XZ 00405660 f i implant.obj
 0001:00004660       ?_Get_data@?$_String_alloc@U?$_String_base_types@DV?$allocator@D@std@@@std@@@std@@QBEABV?$_String_val@U?$_Simple_types@D@std@@@2@XZ 00405660 f i implant.obj
 0001:00004660       ?_Get_data@?$_Vector_alloc@U?$_Vec_base_types@DV?$allocator@D@std@@@std@@@std@@QAEAAV?$_Vector_val@U?$_Simple_types@D@std@@@2@XZ 00405660 f i implant.obj
 0001:00004660       ?_Getal@?$_Vector_alloc@U?$_Vec_base_types@DV?$allocator@D@std@@@std@@@std@@QBEABU?$_Wrap_alloc@V?$allocator@D@std@@@2@XZ 00405660 f i implant.obj
 0001:00004660       ?_Getal@?$_Vector_alloc@U?$_Vec_base_types@DV?$allocator@D@std@@@std@@@std@@QAEAAU?$_Wrap_alloc@V?$allocator@D@std@@@2@XZ 00405660 f i implant.obj
 0001:00004680       ?_Getcat@?$codecvt@DDU_Mbstatet@@@std@@SAIPAPBVfacet@locale@2@PBV42@@Z 00405680 f i implant.obj
 0001:00004700       ?_Getcat@?$ctype@D@std@@SAIPAPBVfacet@locale@2@PBV42@@Z 00405700 f i implant.obj
 0001:00004780       ?_Getcat@?$num_put@DV?$ostreambuf_iterator@DU?$char_traits@D@std@@@std@@@std@@SAIPAPBVfacet@locale@2@PBV42@@Z 00405780 f i implant.obj
 0001:00004800       ?_Getcat@?$numpunct@D@std@@SAIPAPBVfacet@locale@2@PBV42@@Z 00405800 f i implant.obj
 0001:00004890       ?_Getctype@_Locinfo@std@@QBE?AU_Ctypevec@@XZ 00405890 f i implant.obj
 0001:000048e0       ?_Getcvt@_Locinfo@std@@QBE?AU_Cvtvec@@XZ 004058e0 f i implant.obj
 0001:00004930       ?_Getfacet@locale@std@@QBEPBVfacet@12@I@Z 00405930 f i implant.obj
 0001:000049c0       ?_Getfalse@_Locinfo@std@@QBEPBDXZ 004059c0 f i implant.obj
 0001:000049d0       ?_Getlconv@_Locinfo@std@@QBEPBUlconv@@XZ 004059d0 f i implant.obj
 0001:000049e0       ?_Gettrue@_Locinfo@std@@QBEPBDXZ 004059e0 f i implant.obj
 0001:000049f0       ?_Gnavail@?$basic_streambuf@DU?$char_traits@D@std@@@std@@IBE_JXZ 004059f0 f i implant.obj
 0001:00004a20       ?_Gndec@?$basic_streambuf@DU?$char_traits@D@std@@@std@@IAEPADXZ 00405a20 f i implant.obj
 0001:00004a60       ?_Gninc@?$basic_streambuf@DU?$char_traits@D@std@@@std@@IAEPADXZ 00405a60 f i implant.obj
 0001:00004ab0       ?_Gnpreinc@?$basic_streambuf@DU?$char_traits@D@std@@@std@@IAEPADXZ 00405ab0 f i implant.obj
 0001:00004af0       ?_Grow@?$basic_string@DU?$char_traits@D@std@@V?$allocator@D@2@@std@@QAE_NI_N@Z 00405af0 f i implant.obj
 0001:00004bb0       ?_Ifmt@?$num_put@DV?$ostreambuf_iterator@DU?$char_traits@D@std@@@std@@@std@@ABAPADPADPBDH@Z 00405bb0 f i implant.obj
 0001:00004cd0       ?_Incref@facet@locale@std@@UAEXXZ 00405cd0 f i implant.obj
 0001:00004cf0       ?_Init@?$basic_filebuf@DU?$char_traits@D@std@@@std@@IAEXPAU_iobuf@@W4_Initfl@12@@Z 00405cf0 f i implant.obj
 0001:00004dc0       ?_Init@?$basic_streambuf@DU?$char_traits@D@std@@@std@@IAEXPAPAD0PAH001@Z 00405dc0 f i implant.obj
 0001:00004e10       ?_Init@?$basic_streambuf@DU?$char_traits@D@std@@@std@@IAEXXZ 00405e10 f i implant.obj
 0001:00004e80       ?_Init@?$num_put@DV?$ostreambuf_iterator@DU?$char_traits@D@std@@@std@@@std@@IAEXABV_Locinfo@2@@Z 00405e80 f i implant.obj
 0001:00004e80       ?imbue@?$basic_streambuf@DU?$char_traits@D@std@@@std@@MAEXABVlocale@2@@Z 00405e80 f i implant.obj
 0001:00004e80       ??$destroy@PAD@?$allocator@D@std@@QAEXPAPAD@Z 00405e80 f i implant.obj
 0001:00004e80       ?_Init@?$codecvt@DDU_Mbstatet@@@std@@IAEXABV_Locinfo@2@@Z 00405e80 f i implant.obj
 0001:00004e80       ?_Adopt@_Iterator_base0@std@@QAEXPBX@Z 00405e80 f i implant.obj
 0001:00004e90       ?_Init@?$ctype@D@std@@IAEXABV_Locinfo@2@@Z 00405e90 f i implant.obj
 0001:00004ed0       ?_Init@?$numpunct@D@std@@IAEXABV_Locinfo@2@_N@Z 00405ed0 f i implant.obj
 0001:00005050       ?_Init@ios_base@std@@IAEXXZ 00406050 f i implant.obj
 0001:00005100       ?_Init_atomic_counter@std@@YAXAAKK@Z 00406100 f i implant.obj
 0001:00005110       ?_Initcvt@?$basic_filebuf@DU?$char_traits@D@std@@@std@@IAEXPBV?$codecvt@DDU_Mbstatet@@@2@@Z 00406110 f i implant.obj
 0001:00005150       ?_Inside@?$basic_string@DU?$char_traits@D@std@@V?$allocator@D@2@@std@@QAE_NPBD@Z 00406150 f i implant.obj
 0001:000051a0       ?_Ipfx@?$basic_istream@DU?$char_traits@D@std@@@std@@QAE_N_N@Z 004061a0 f i implant.obj
 0001:00005380       ?_Iput@?$num_put@DV?$ostreambuf_iterator@DU?$char_traits@D@std@@@std@@@std@@ABA?AV?$ostreambuf_iterator@DU?$char_traits@D@std@@@2@V32@AAVios_base@2@DPADI@Z 00406380 f i implant.obj
 0001:00005740       ?_Lock@?$basic_filebuf@DU?$char_traits@D@std@@@std@@UAEXXZ 00406740 f i implant.obj
 0001:00005770       ?_Makestr@_System_error@std@@CA?AV?$basic_string@DU?$char_traits@D@std@@V?$allocator@D@2@@2@Verror_code@2@V32@@Z 00406770 f i implant.obj
 0001:000057e0       ?_Myend@?$_Vector_alloc@U?$_Vec_base_types@DV?$allocator@D@std@@@std@@@std@@QAEAAPADXZ 004067e0 f i implant.obj
 0001:00005800       ?_Myfirst@?$_Vector_alloc@U?$_Vec_base_types@DV?$allocator@D@std@@@std@@@std@@QAEAAPADXZ 00406800 f i implant.obj
 0001:00005800       ?_Bx@?$_String_alloc@U?$_String_base_types@DV?$allocator@D@std@@@std@@@std@@QAEAAT_Bxty@?$_String_val@U?$_Simple_types@D@std@@@2@XZ 00406800 f i implant.obj
 0001:00005820       ?_Mylast@?$_Vector_alloc@U?$_Vec_base_types@DV?$allocator@D@std@@@std@@@std@@QAEAAPADXZ 00406820 f i implant.obj
 0001:00005840       ?_Myptr@?$_String_alloc@U?$_String_base_types@DV?$allocator@D@std@@@std@@@std@@QAEPADXZ 00406840 f i implant.obj
 0001:00005840       ?_Myptr@?$_String_alloc@U?$_String_base_types@DV?$allocator@D@std@@@std@@@std@@QBEPBDXZ 00406840 f i implant.obj
 0001:00005860       ?_Myptr@?$_String_val@U?$_Simple_types@D@std@@@std@@QBEPBDXZ 00406860 f i implant.obj
 0001:00005860       ?_Myptr@?$_String_val@U?$_Simple_types@D@std@@@std@@QAEPADXZ 00406860 f i implant.obj
 0001:000058a0       ?_Myres@?$_String_alloc@U?$_String_base_types@DV?$allocator@D@std@@@std@@@std@@QAEAAIXZ 004068a0 f i implant.obj
 0001:000058c0       ?_Mysize@?$_String_alloc@U?$_String_base_types@DV?$allocator@D@std@@@std@@@std@@QAEAAIXZ 004068c0 f i implant.obj
 0001:000058c0       ?_Mysize@?$_String_alloc@U?$_String_base_types@DV?$allocator@D@std@@@std@@@std@@QBEABIXZ 004068c0 f i implant.obj
 0001:000058e0       ?_Orphan_all@?$_Vector_alloc@U?$_Vec_base_types@DV?$allocator@D@std@@@std@@@std@@QAEXXZ 004068e0 f i implant.obj
 0001:00005900       ?_Osfx@?$basic_ostream@DU?$char_traits@D@std@@@std@@QAEXXZ 00406900 f i implant.obj
 0001:000059c0       ?_Pnavail@?$basic_streambuf@DU?$char_traits@D@std@@@std@@IBE_JXZ 004069c0 f i implant.obj
 0001:000059f0       ?_Pninc@?$basic_streambuf@DU?$char_traits@D@std@@@std@@IAEPADXZ 004069f0 f i implant.obj
 0001:00005a40       ?_Put@?$num_put@DV?$ostreambuf_iterator@DU?$char_traits@D@std@@@std@@@std@@ABA?AV?$ostreambuf_iterator@DU?$char_traits@D@std@@@2@V32@PBDI@Z 00406a40 f i implant.obj
 0001:00005a90       ?_Rep@?$num_put@DV?$ostreambuf_iterator@DU?$char_traits@D@std@@@std@@@std@@ABA?AV?$ostreambuf_iterator@DU?$char_traits@D@std@@@2@V32@DI@Z 00406a90 f i implant.obj
 0001:00005ae0       ?_Reset_back@?$basic_filebuf@DU?$char_traits@D@std@@@std@@AAEXXZ 00406ae0 f i implant.obj
 0001:00005b20       ?_Set_back@?$basic_filebuf@DU?$char_traits@D@std@@@std@@AAEXXZ 00406b20 f i implant.obj
 0001:00005b80       ?_Tidy@?$_Yarn@_W@std@@AAEXXZ 00406b80 f i implant.obj
 0001:00005b80       ?_Tidy@?$_Yarn@D@std@@AAEXXZ 00406b80 f i implant.obj
 0001:00005bb0       ?_Tidy@?$basic_string@DU?$char_traits@D@std@@V?$allocator@D@2@@std@@QAEX_NI@Z 00406bb0 f i implant.obj
 0001:00005c70       ?_Tidy@?$ctype@D@std@@IAEXXZ 00406c70 f i implant.obj
 0001:00005cd0       ?_Tidy@?$numpunct@D@std@@AAEXXZ 00406cd0 f i implant.obj
 0001:00005d10       ?_Tidy@?$vector@DV?$allocator@D@std@@@std@@IAEXXZ 00406d10 f i implant.obj
 0001:00005db0       ?_Unlock@?$basic_filebuf@DU?$char_traits@D@std@@@std@@UAEXXZ 00406db0 f i implant.obj
 0001:00005de0       ?_Lock@?$basic_streambuf@DU?$char_traits@D@std@@@std@@UAEXXZ 00406de0 f i implant.obj
 0001:00005de0       ??1?$_Immortalizer@V_Iostream_error_category@std@@@std@@QAE@XZ 00406de0 f i implant.obj
 0001:00005de0       ??1_Bxty@?$_String_val@U?$_Simple_types@D@std@@@std@@QAE@XZ 00406de0 f i implant.obj
 0001:00005de0       ?_Orphan_all@_Container_base0@std@@QAEXXZ 00406de0 f i implant.obj
 0001:00005de0       ?_Unlock@?$basic_streambuf@DU?$char_traits@D@std@@@std@@UAEXXZ 00406de0 f i implant.obj
 0001:00005df0       ?_Xlen@?$basic_string@DU?$char_traits@D@std@@V?$allocator@D@2@@std@@QBEXXZ 00406df0 f i implant.obj
 0001:00005e10       ?_Xlen@?$vector@DV?$allocator@D@std@@@std@@IBEXXZ 00406e10 f i implant.obj
 0001:00005e30       ?_Xran@?$basic_string@DU?$char_traits@D@std@@V?$allocator@D@2@@std@@QBEXXZ 00406e30 f i implant.obj
 0001:00005e50       ?address@?$_Wrap_alloc@V?$allocator@D@std@@@std@@QBEPADAAD@Z 00406e50 f i implant.obj
 0001:00005e70       ?allocate@?$_Wrap_alloc@V?$allocator@D@std@@@std@@QAEPADI@Z 00406e70 f i implant.obj
 0001:00005e90       ?allocate@?$allocator@D@std@@QAEPADI@Z 00406e90 f i implant.obj
 0001:00005eb0       ?always_noconv@codecvt_base@std@@QBE_NXZ 00406eb0 f i implant.obj
 0001:00005eb0       ?decimal_point@?$numpunct@D@std@@QBEDXZ 00406eb0 f i implant.obj
 0001:00005ed0       ?append@?$basic_string@DU?$char_traits@D@std@@V?$allocator@D@2@@std@@QAEAAV12@ABV12@@Z 00406ed0 f i implant.obj
 0001:00005f00       ?append@?$basic_string@DU?$char_traits@D@std@@V?$allocator@D@2@@std@@QAEAAV12@ABV12@II@Z 00406f00 f i implant.obj
 0001:00005fc0       ?append@?$basic_string@DU?$char_traits@D@std@@V?$allocator@D@2@@std@@QAEAAV12@ID@Z 00406fc0 f i implant.obj
 0001:00006050       ?append@?$basic_string@DU?$char_traits@D@std@@V?$allocator@D@2@@std@@QAEAAV12@PBD@Z 00407050 f i implant.obj
 0001:00006080       ?append@?$basic_string@DU?$char_traits@D@std@@V?$allocator@D@2@@std@@QAEAAV12@PBDI@Z 00407080 f i implant.obj
 0001:00006140       ?assign@?$basic_string@DU?$char_traits@D@std@@V?$allocator@D@2@@std@@QAEAAV12@$$QAV12@@Z 00407140 f i implant.obj
 0001:000061d0       ?assign@?$basic_string@DU?$char_traits@D@std@@V?$allocator@D@2@@std@@QAEAAV12@ABV12@@Z 004071d0 f i implant.obj
 0001:00006200       ?assign@?$basic_string@DU?$char_traits@D@std@@V?$allocator@D@2@@std@@QAEAAV12@ABV12@II@Z 00407200 f i implant.obj
 0001:000062a0       ?assign@?$basic_string@DU?$char_traits@D@std@@V?$allocator@D@2@@std@@QAEAAV12@ID@Z 004072a0 f i implant.obj
 0001:00006300       ?assign@?$basic_string@DU?$char_traits@D@std@@V?$allocator@D@2@@std@@QAEAAV12@PBD@Z 00407300 f i implant.obj
 0001:00006330       ?assign@?$basic_string@DU?$char_traits@D@std@@V?$allocator@D@2@@std@@QAEAAV12@PBDI@Z 00407330 f i implant.obj
 0001:000063b0       ?assign@?$char_traits@D@std@@SAPADPADID@Z 004073b0 f i implant.obj
 0001:000063d0       ?assign@?$char_traits@D@std@@SAXAADABD@Z 004073d0 f i implant.obj
 0001:000063e0       ?begin@?$basic_string@DU?$char_traits@D@std@@V?$allocator@D@2@@std@@QAE?AV?$_String_iterator@V?$_String_val@U?$_Simple_types@D@std@@@std@@@2@XZ 004073e0 f i implant.obj
 0001:00006430       ?begin@?$vector@DV?$allocator@D@std@@@std@@QAE?AV?$_Vector_iterator@V?$_Vector_val@U?$_Simple_types@D@std@@@std@@@2@XZ 00407430 f i implant.obj
 0001:00006460       ?c_str@?$_Yarn@D@std@@QBEPBDXZ 00407460 f i implant.obj
 0001:00006490       ?c_str@?$basic_string@DU?$char_traits@D@std@@V?$allocator@D@2@@std@@QBEPBDXZ 00407490 f i implant.obj
 0001:000064b0       ?c_str@locale@std@@QBEPBDXZ 004074b0 f i implant.obj
 0001:000064f0       ?category@error_condition@std@@QBEABVerror_category@2@XZ 004074f0 f i implant.obj
 0001:000064f0       ?category@error_code@std@@QBEABVerror_category@2@XZ 004074f0 f i implant.obj
 0001:00006510       ?clear@?$basic_ios@DU?$char_traits@D@std@@@std@@QAEXH_N@Z 00407510 f i implant.obj
 0001:00006550       ?clear@ios_base@std@@QAEXH@Z 00407550 f i implant.obj
 0001:00006570       ?clear@ios_base@std@@QAEXH_N@Z 00407570 f i implant.obj
 0001:00006660       ?close@?$basic_filebuf@DU?$char_traits@D@std@@@std@@QAEPAV12@XZ 00407660 f i implant.obj
 0001:000066d0       ?close@?$basic_ifstream@DU?$char_traits@D@std@@@std@@QAEXXZ 004076d0 f i implant.obj
 0001:00006700       ?copy@?$char_traits@D@std@@SAPADPADPBDI@Z 00407700 f i implant.obj
 0001:00006730       ?deallocate@?$_Wrap_alloc@V?$allocator@D@std@@@std@@QAEXPADI@Z 00407730 f i implant.obj
 0001:00006750       ?deallocate@?$allocator@D@std@@QAEXPADI@Z 00407750 f i implant.obj
 0001:00006770       ?default_error_condition@error_category@std@@UBE?AVerror_condition@2@H@Z 00407770 f i implant.obj
 0001:00006790       ?do_always_noconv@?$codecvt@DDU_Mbstatet@@@std@@MBE_NXZ 00407790 f i implant.obj
 0001:000067a0       ?do_always_noconv@codecvt_base@std@@MBE_NXZ 004077a0 f i implant.obj
 0001:000067b0       ?do_decimal_point@?$numpunct@D@std@@MBEDXZ 004077b0 f i implant.obj
 0001:000067d0       ?do_falsename@?$numpunct@D@std@@MBE?AV?$basic_string@DU?$char_traits@D@std@@V?$allocator@D@2@@2@XZ 004077d0 f i implant.obj
 0001:000067f0       ?do_grouping@?$numpunct@D@std@@MBE?AV?$basic_string@DU?$char_traits@D@std@@V?$allocator@D@2@@2@XZ 004077f0 f i implant.obj
 0001:00006810       ?do_out@?$codecvt@DDU_Mbstatet@@@std@@MBEHAAU_Mbstatet@@PBD1AAPBDPAD3AAPAD@Z 00407810 f i implant.obj
 0001:00006810       ?do_in@?$codecvt@DDU_Mbstatet@@@std@@MBEHAAU_Mbstatet@@PBD1AAPBDPAD3AAPAD@Z 00407810 f i implant.obj
 0001:00006890       ?do_length@?$codecvt@DDU_Mbstatet@@@std@@MBEHAAU_Mbstatet@@PBD1I@Z 00407890 f i implant.obj
 0001:000068c0       ?do_max_length@codecvt_base@std@@MBEHXZ 004078c0 f i implant.obj
 0001:000068c0       ?do_encoding@codecvt_base@std@@MBEHXZ 004078c0 f i implant.obj
 0001:000068d0       ?do_narrow@?$ctype@D@std@@MBEDDD@Z 004078d0 f i implant.obj
 0001:000068e0       ?do_narrow@?$ctype@D@std@@MBEPBDPBD0DPAD@Z 004078e0 f i implant.obj
 0001:00006910       ?do_put@?$num_put@DV?$ostreambuf_iterator@DU?$char_traits@D@std@@@std@@@std@@MBE?AV?$ostreambuf_iterator@DU?$char_traits@D@std@@@2@V32@AAVios_base@2@DJ@Z 00407910 f i implant.obj
 0001:00006990       ?do_put@?$num_put@DV?$ostreambuf_iterator@DU?$char_traits@D@std@@@std@@@std@@MBE?AV?$ostreambuf_iterator@DU?$char_traits@D@std@@@2@V32@AAVios_base@2@DK@Z 00407990 f i implant.obj
 0001:00006a10       ?do_put@?$num_put@DV?$ostreambuf_iterator@DU?$char_traits@D@std@@@std@@@std@@MBE?AV?$ostreambuf_iterator@DU?$char_traits@D@std@@@2@V32@AAVios_base@2@DN@Z 00407a10 f i implant.obj
 0001:00006bc0       ?do_put@?$num_put@DV?$ostreambuf_iterator@DU?$char_traits@D@std@@@std@@@std@@MBE?AV?$ostreambuf_iterator@DU?$char_traits@D@std@@@2@V32@AAVios_base@2@DO@Z 00407bc0 f i implant.obj
 0001:00006d70       ?do_put@?$num_put@DV?$ostreambuf_iterator@DU?$char_traits@D@std@@@std@@@std@@MBE?AV?$ostreambuf_iterator@DU?$char_traits@D@std@@@2@V32@AAVios_base@2@DPBX@Z 00407d70 f i implant.obj
 0001:00006de0       ?do_put@?$num_put@DV?$ostreambuf_iterator@DU?$char_traits@D@std@@@std@@@std@@MBE?AV?$ostreambuf_iterator@DU?$char_traits@D@std@@@2@V32@AAVios_base@2@D_J@Z 00407de0 f i implant.obj
 0001:00006e70       ?do_put@?$num_put@DV?$ostreambuf_iterator@DU?$char_traits@D@std@@@std@@@std@@MBE?AV?$ostreambuf_iterator@DU?$char_traits@D@std@@@2@V32@AAVios_base@2@D_K@Z 00407e70 f i implant.obj
 0001:00006f00       ?do_put@?$num_put@DV?$ostreambuf_iterator@DU?$char_traits@D@std@@@std@@@std@@MBE?AV?$ostreambuf_iterator@DU?$char_traits@D@std@@@2@V32@AAVios_base@2@D_N@Z 00407f00 f i implant.obj
 0001:000070e0       ?do_thousands_sep@?$numpunct@D@std@@MBEDXZ 004080e0 f i implant.obj
 0001:00007100       ?do_tolower@?$ctype@D@std@@MBEDD@Z 00408100 f i implant.obj
 0001:00007130       ?do_tolower@?$ctype@D@std@@MBEPBDPADPBD@Z 00408130 f i implant.obj
 0001:00007170       ?do_toupper@?$ctype@D@std@@MBEDD@Z 00408170 f i implant.obj
 0001:000071a0       ?do_toupper@?$ctype@D@std@@MBEPBDPADPBD@Z 004081a0 f i implant.obj
 0001:000071e0       ?do_truename@?$numpunct@D@std@@MBE?AV?$basic_string@DU?$char_traits@D@std@@V?$allocator@D@2@@2@XZ 004081e0 f i implant.obj
 0001:00007200       ?do_unshift@?$codecvt@DDU_Mbstatet@@@std@@MBEHAAU_Mbstatet@@PAD1AAPAD@Z 00408200 f i implant.obj
 0001:00007220       ?do_widen@?$ctype@D@std@@MBEDD@Z 00408220 f i implant.obj
 0001:00007230       ?do_widen@?$ctype@D@std@@MBEPBDPBD0PAD@Z 00408230 f i implant.obj
 0001:00007260       ?eback@?$basic_streambuf@DU?$char_traits@D@std@@@std@@IBEPADXZ 00408260 f i implant.obj
 0001:00007280       ?egptr@?$basic_streambuf@DU?$char_traits@D@std@@@std@@IBEPADXZ 00408280 f i implant.obj
 0001:000072a0       ?empty@?$basic_string@DU?$char_traits@D@std@@V?$allocator@D@2@@std@@QBE_NXZ 004082a0 f i implant.obj
 0001:000072d0       ?end@?$vector@DV?$allocator@D@std@@@std@@QAE?AV?$_Vector_iterator@V?$_Vector_val@U?$_Simple_types@D@std@@@std@@@2@XZ 004082d0 f i implant.obj
 0001:00007300       ?eof@?$char_traits@D@std@@SAHXZ 00408300 f i implant.obj
 0001:00007310       ?epptr@?$basic_streambuf@DU?$char_traits@D@std@@@std@@IBEPADXZ 00408310 f i implant.obj
 0001:00007330       ?eq_int_type@?$char_traits@D@std@@SA_NABH0@Z 00408330 f i implant.obj
 0001:00007360       ?equivalent@error_category@std@@UBE_NABVerror_code@2@H@Z 00408360 f i implant.obj
 0001:000073b0       ?equivalent@error_category@std@@UBE_NHABVerror_condition@2@@Z 004083b0 f i implant.obj
 0001:000073f0       ?erase@?$basic_string@DU?$char_traits@D@std@@V?$allocator@D@2@@std@@QAEAAV12@I@Z 004083f0 f i implant.obj
 0001:00007420       ?erase@?$basic_string@DU?$char_traits@D@std@@V?$allocator@D@2@@std@@QAEAAV12@II@Z 00408420 f i implant.obj
 0001:000074b0       ?fail@ios_base@std@@QBE_NXZ 004084b0 f i implant.obj
 0001:000074e0       ?failed@?$ostreambuf_iterator@DU?$char_traits@D@std@@@std@@QBE_NXZ 004084e0 f i implant.obj
 0001:000074f0       ?falsename@?$numpunct@D@std@@QBE?AV?$basic_string@DU?$char_traits@D@std@@V?$allocator@D@2@@2@XZ 004084f0 f i implant.obj
 0001:00007520       ?fill@?$basic_ios@DU?$char_traits@D@std@@@std@@QBEDXZ 00408520 f i implant.obj
 0001:00007540       ?flags@ios_base@std@@QBEHXZ 00408540 f i implant.obj
 0001:00007560       ?flush@?$basic_ostream@DU?$char_traits@D@std@@@std@@QAEAAV12@XZ 00408560 f i implant.obj
 0001:000075e0       ?gbump@?$basic_streambuf@DU?$char_traits@D@std@@@std@@IAEXH@Z 004085e0 f i implant.obj
 0001:00007620       ?get_allocator@?$basic_string@DU?$char_traits@D@std@@V?$allocator@D@2@@std@@QBE?AV?$allocator@D@2@XZ 00408620 f i implant.obj
 0001:00007650       ?getloc@?$basic_streambuf@DU?$char_traits@D@std@@@std@@QBE?AVlocale@2@XZ 00408650 f i implant.obj
 0001:00007670       ?getloc@ios_base@std@@QBE?AVlocale@2@XZ 00408670 f i implant.obj
 0001:00007690       ?good@ios_base@std@@QBE_NXZ 00408690 f i implant.obj
 0001:000076c0       ?gptr@?$basic_streambuf@DU?$char_traits@D@std@@@std@@IBEPADXZ 004086c0 f i implant.obj
 0001:000076e0       ?grouping@?$numpunct@D@std@@QBE?AV?$basic_string@DU?$char_traits@D@std@@V?$allocator@D@2@@2@XZ 004086e0 f i implant.obj
 0001:00007710       ?imbue@?$basic_filebuf@DU?$char_traits@D@std@@@std@@MAEXABVlocale@2@@Z 00408710 f i implant.obj
 0001:00007740       ?in@?$codecvt@DDU_Mbstatet@@@std@@QBEHAAU_Mbstatet@@PBD1AAPBDPAD3AAPAD@Z 00408740 f i implant.obj
 0001:00007780       ?init@?$basic_ios@DU?$char_traits@D@std@@@std@@IAEXPAV?$basic_streambuf@DU?$char_traits@D@std@@@2@_N@Z 00408780 f i implant.obj
 0001:000077f0       ?insert@?$basic_string@DU?$char_traits@D@std@@V?$allocator@D@2@@std@@QAEAAV12@IID@Z 004087f0 f i implant.obj
 0001:000078b0       ?iostream_category@std@@YAABVerror_category@1@XZ 004088b0 f i implant.obj
 0001:000078c0       ?is@?$ctype@D@std@@QBE_NFD@Z 004088c0 f i implant.obj
 0001:00007900       ?length@?$char_traits@D@std@@SAIPBD@Z 00408900 f i implant.obj
 0001:00007930       ?make_error_code@std@@YA?AVerror_code@1@W4io_errc@1@@Z 00408930 f i implant.obj
 0001:00007950       ?max_size@?$_Wrap_alloc@V?$allocator@D@std@@@std@@QBEIU_Nil@2@@Z 00408950 f i implant.obj
 0001:00007970       ?max_size@?$allocator@D@std@@QBEIXZ 00408970 f i implant.obj
 0001:00007980       ?max_size@?$allocator_traits@V?$allocator@D@std@@@std@@SAIABV?$allocator@D@2@@Z 00408980 f i implant.obj
 0001:00007990       ?max_size@?$basic_string@DU?$char_traits@D@std@@V?$allocator@D@2@@std@@QBEIXZ 00408990 f i implant.obj
 0001:000079d0       ?max_size@?$vector@DV?$allocator@D@std@@@std@@QBEIXZ 004089d0 f i implant.obj
 0001:00007a00       ?message@_Generic_error_category@std@@UBE?AV?$basic_string@DU?$char_traits@D@std@@V?$allocator@D@2@@2@H@Z 00408a00 f i implant.obj
 0001:00007a30       ?message@_Iostream_error_category@std@@UBE?AV?$basic_string@DU?$char_traits@D@std@@V?$allocator@D@2@@2@H@Z 00408a30 f i implant.obj
 0001:00007a70       ?message@error_code@std@@QBE?AV?$basic_string@DU?$char_traits@D@std@@V?$allocator@D@2@@2@XZ 00408a70 f i implant.obj
 0001:00007ab0       ?move@?$char_traits@D@std@@SAPADPADPBDI@Z 00408ab0 f i implant.obj
 0001:00007ae0       ?name@_Generic_error_category@std@@UBEPBDXZ 00408ae0 f i implant.obj
 0001:00007af0       ?name@_Iostream_error_category@std@@UBEPBDXZ 00408af0 f i implant.obj
 0001:00007b00       ?not_eof@?$char_traits@D@std@@SAHABH@Z 00408b00 f i implant.obj
 0001:00007b50       ?open@?$basic_filebuf@DU?$char_traits@D@std@@@std@@QAEPAV12@PBDHH@Z 00408b50 f i implant.obj
 0001:00007bc0       ?out@?$codecvt@DDU_Mbstatet@@@std@@QBEHAAU_Mbstatet@@PBD1AAPBDPAD3AAPAD@Z 00408bc0 f i implant.obj
 0001:00007c00       ?overflow@?$basic_filebuf@DU?$char_traits@D@std@@@std@@MAEHH@Z 00408c00 f i implant.obj
 0001:00007ec0       ?pbackfail@?$basic_filebuf@DU?$char_traits@D@std@@@std@@MAEHH@Z 00408ec0 f i implant.obj
 0001:00008010       ?pbackfail@?$basic_streambuf@DU?$char_traits@D@std@@@std@@MAEHH@Z 00409010 f i implant.obj
 0001:00008010       ?overflow@?$basic_streambuf@DU?$char_traits@D@std@@@std@@MAEHH@Z 00409010 f i implant.obj
 0001:00008030       ?pbump@?$basic_streambuf@DU?$char_traits@D@std@@@std@@IAEXH@Z 00409030 f i implant.obj
 0001:00008070       ?pointer_to@?$pointer_traits@PAD@std@@SAPADAAD@Z 00409070 f i implant.obj
 0001:00008090       ?pptr@?$basic_streambuf@DU?$char_traits@D@std@@@std@@IBEPADXZ 00409090 f i implant.obj
 0001:000080b0       ?precision@ios_base@std@@QBE_JXZ 004090b0 f i implant.obj
 0001:000080d0       ?pubseekoff@?$basic_streambuf@DU?$char_traits@D@std@@@std@@QAE?AV?$fpos@U_Mbstatet@@@2@_JHH@Z 004090d0 f i implant.obj
 0001:00008110       ?pubsync@?$basic_streambuf@DU?$char_traits@D@std@@@std@@QAEHXZ 00409110 f i implant.obj
 0001:00008130       ?put@?$basic_ostream@DU?$char_traits@D@std@@@std@@QAEAAV12@D@Z 00409130 f i implant.obj
 0001:00008250       ?put@?$num_put@DV?$ostreambuf_iterator@DU?$char_traits@D@std@@@std@@@std@@QBE?AV?$ostreambuf_iterator@DU?$char_traits@D@std@@@2@V32@AAVios_base@2@DK@Z 00409250 f i implant.obj
 0001:00008290       ?rdbuf@?$basic_ios@DU?$char_traits@D@std@@@std@@QBEPAV?$basic_streambuf@DU?$char_traits@D@std@@@2@XZ 00409290 f i implant.obj
 0001:000082b0       ?rdstate@ios_base@std@@QBEHXZ 004092b0 f i implant.obj
 0001:000082d0       ?read@?$basic_istream@DU?$char_traits@D@std@@@std@@QAEAAV12@PAD_J@Z 004092d0 f i implant.obj
 0001:00008420       ?resize@?$basic_string@DU?$char_traits@D@std@@V?$allocator@D@2@@std@@QAEXI@Z 00409420 f i implant.obj
 0001:00008440       ?resize@?$basic_string@DU?$char_traits@D@std@@V?$allocator@D@2@@std@@QAEXID@Z 00409440 f i implant.obj
 0001:00008490       ?sbumpc@?$basic_streambuf@DU?$char_traits@D@std@@@std@@QAEHXZ 00409490 f i implant.obj
 0001:000084f0       ?seekg@?$basic_istream@DU?$char_traits@D@std@@@std@@QAEAAV12@_JH@Z 004094f0 f i implant.obj
 0001:000085d0       ?seekoff@?$basic_filebuf@DU?$char_traits@D@std@@@std@@MAE?AV?$fpos@U_Mbstatet@@@2@_JHH@Z 004095d0 f i implant.obj
 0001:000086b0       ?seekoff@?$basic_streambuf@DU?$char_traits@D@std@@@std@@MAE?AV?$fpos@U_Mbstatet@@@2@_JHH@Z 004096b0 f i implant.obj
 0001:000086e0       ?seekpos@?$basic_filebuf@DU?$char_traits@D@std@@@std@@MAE?AV?$fpos@U_Mbstatet@@@2@V32@H@Z 004096e0 f i implant.obj
 0001:000087e0       ?seekpos@?$basic_streambuf@DU?$char_traits@D@std@@@std@@MAE?AV?$fpos@U_Mbstatet@@@2@V32@H@Z 004097e0 f i implant.obj
 0001:00008810       ?seekpos@?$fpos@U_Mbstatet@@@std@@QBE_JXZ 00409810 f i implant.obj
 0001:00008830       ?select_on_container_copy_construction@?$_Wrap_alloc@V?$allocator@D@std@@@std@@QBE?AU12@U_Nil@2@@Z 00409830 f i implant.obj
 0001:00008860       ?select_on_container_copy_construction@?$allocator_traits@V?$allocator@D@std@@@std@@SA?AV?$allocator@D@2@ABV32@@Z 00409860 f i implant.obj
 0001:00008880       ?setbuf@?$basic_filebuf@DU?$char_traits@D@std@@@std@@MAEPAV?$basic_streambuf@DU?$char_traits@D@std@@@2@PAD_J@Z 00409880 f i implant.obj
 0001:000088f0       ?setbuf@?$basic_streambuf@DU?$char_traits@D@std@@@std@@MAEPAV12@PAD_J@Z 004098f0 f i implant.obj
 0001:00008900       ?setg@?$basic_streambuf@DU?$char_traits@D@std@@@std@@IAEXPAD00@Z 00409900 f i implant.obj
 0001:00008940       ?setp@?$basic_streambuf@DU?$char_traits@D@std@@@std@@IAEXPAD0@Z 00409940 f i implant.obj
 0001:00008980       ?setstate@?$basic_ios@DU?$char_traits@D@std@@@std@@QAEXH_N@Z 00409980 f i implant.obj
 0001:000089b0       ?sgetc@?$basic_streambuf@DU?$char_traits@D@std@@@std@@QAEHXZ 004099b0 f i implant.obj
 0001:00008a10       ?sgetn@?$basic_streambuf@DU?$char_traits@D@std@@@std@@QAE_JPAD_J@Z 00409a10 f i implant.obj
 0001:00008a40       ?showmanyc@?$basic_streambuf@DU?$char_traits@D@std@@@std@@MAE_JXZ 00409a40 f i implant.obj
 0001:00008a50       ?size@?$basic_string@DU?$char_traits@D@std@@V?$allocator@D@2@@std@@QBEIXZ 00409a50 f i implant.obj
 0001:00008a70       ?snextc@?$basic_streambuf@DU?$char_traits@D@std@@@std@@QAEHXZ 00409a70 f i implant.obj
 0001:00008b00       ?sputc@?$basic_streambuf@DU?$char_traits@D@std@@@std@@QAEHD@Z 00409b00 f i implant.obj
 0001:00008b70       ?sputn@?$basic_streambuf@DU?$char_traits@D@std@@@std@@QAE_JPBD_J@Z 00409b70 f i implant.obj
 0001:00008ba0       ?state@?$fpos@U_Mbstatet@@@std@@QBE?AU_Mbstatet@@XZ 00409ba0 f i implant.obj
 0001:00008bd0       ?strstr@@YAPADQADQBD@Z     00409bd0 f i implant.obj
 0001:00008bf0       ?sync@?$basic_filebuf@DU?$char_traits@D@std@@@std@@MAEHXZ 00409bf0 f i implant.obj
 0001:00008c70       ?sync@?$basic_streambuf@DU?$char_traits@D@std@@@std@@MAEHXZ 00409c70 f i implant.obj
 0001:00008c80       ?tellg@?$basic_istream@DU?$char_traits@D@std@@@std@@QAE?AV?$fpos@U_Mbstatet@@@2@XZ 00409c80 f i implant.obj
 0001:00008d20       ?thousands_sep@?$numpunct@D@std@@QBEDXZ 00409d20 f i implant.obj
 0001:00008d40       ?tie@?$basic_ios@DU?$char_traits@D@std@@@std@@QBEPAV?$basic_ostream@DU?$char_traits@D@std@@@2@XZ 00409d40 f i implant.obj
 0001:00008d60       ?to_char_type@?$char_traits@D@std@@SADABH@Z 00409d60 f i implant.obj
 0001:00008d70       ?to_int_type@?$char_traits@D@std@@SAHABD@Z 00409d70 f i implant.obj
 0001:00008d80       ?to_string@std@@YA?AV?$basic_string@DU?$char_traits@D@std@@V?$allocator@D@2@@1@K@Z 00409d80 f i implant.obj
 0001:00008da0       ?truename@?$numpunct@D@std@@QBE?AV?$basic_string@DU?$char_traits@D@std@@V?$allocator@D@2@@2@XZ 00409da0 f i implant.obj
 0001:00008dd0       ?uflow@?$basic_filebuf@DU?$char_traits@D@std@@@std@@MAEHXZ 00409dd0 f i implant.obj
 0001:00009070       ?uflow@?$basic_streambuf@DU?$char_traits@D@std@@@std@@MAEHXZ 0040a070 f i implant.obj
 0001:000090d0       ?underflow@?$basic_filebuf@DU?$char_traits@D@std@@@std@@MAEHXZ 0040a0d0 f i implant.obj
 0001:00009160       ?underflow@?$basic_streambuf@DU?$char_traits@D@std@@@std@@MAEHXZ 0040a160 f i implant.obj
 0001:00009170       ?unshift@?$codecvt@DDU_Mbstatet@@@std@@QBEHAAU_Mbstatet@@PAD1AAPAD@Z 0040a170 f i implant.obj
 0001:000091a0       ?what@exception@std@@UBEPBDXZ 0040a1a0 f i implant.obj
 0001:000091d0       ?widen@?$basic_ios@DU?$char_traits@D@std@@@std@@QBEDD@Z 0040a1d0 f i implant.obj
 0001:00009210       ?widen@?$ctype@D@std@@QBEDD@Z 0040a210 f i implant.obj
 0001:00009230       ?widen@?$ctype@D@std@@QBEPBDPBD0PAD@Z 0040a230 f i implant.obj
 0001:00009260       ?width@ios_base@std@@QAE_J_J@Z 0040a260 f i implant.obj
 0001:000092a0       ?width@ios_base@std@@QBE_JXZ 0040a2a0 f i implant.obj
 0001:000092c0       ?xsgetn@?$basic_streambuf@DU?$char_traits@D@std@@@std@@MAE_JPAD_J@Z 0040a2c0 f i implant.obj
 0001:00009400       ?xsputn@?$basic_streambuf@DU?$char_traits@D@std@@@std@@MAE_JPBD_J@Z 0040a400 f i implant.obj
 0001:00009540       ___local_stdio_printf_options 0040a540 f i implant.obj
 0001:00009550       __vsnprintf_l              0040a550 f i implant.obj
 0001:000095a0       __vsprintf_l               0040a5a0 f i implant.obj
 0001:000095c0       __vsprintf_s_l             0040a5c0 f i implant.obj
 0001:00009610       _fabsl                     0040a610 f i implant.obj
 0001:00009630       _frexpl                    0040a630 f i implant.obj
 0001:00009650       _sprintf                   0040a650 f i implant.obj
 0001:00009690       _sprintf_s                 0040a690 f i implant.obj
 0001:000096cc       ??0_Init_locks@std@@QAE@XZ 0040a6cc f   libcpmt:xlock.obj
 0001:000096f9       ??0_Lockit@std@@QAE@H@Z    0040a6f9 f   libcpmt:xlock.obj
 0001:0000972a       ??1_Init_locks@std@@QAE@XZ 0040a72a f   libcpmt:xlock.obj
 0001:00009751       ??1_Lockit@std@@QAE@XZ     0040a751 f   libcpmt:xlock.obj
 0001:00009770       ?uncaught_exception@std@@YA_NXZ 0040a770 f   libcpmt:uncaught.obj
 0001:00009775       ??0bad_alloc@std@@QAE@ABV01@@Z 0040a775 f i libcpmt:xthrow.obj
 0001:00009790       ??0bad_alloc@std@@QAE@XZ   0040a790 f i libcpmt:xthrow.obj
 0001:000097a8       ??0length_error@std@@QAE@ABV01@@Z 0040a7a8 f i libcpmt:xthrow.obj
 0001:000097c3       ??0length_error@std@@QAE@PBD@Z 0040a7c3 f i libcpmt:xthrow.obj
 0001:000097e4       ??0logic_error@std@@QAE@ABV01@@Z 0040a7e4 f i libcpmt:xthrow.obj
 0001:000097ff       ??0out_of_range@std@@QAE@ABV01@@Z 0040a7ff f i libcpmt:xthrow.obj
 0001:0000981a       ??0out_of_range@std@@QAE@PBD@Z 0040a81a f i libcpmt:xthrow.obj
 0001:0000983b       ??1bad_alloc@std@@UAE@XZ   0040a83b f i libcpmt:xthrow.obj
 0001:0000983b       ??1bad_exception@std@@UAE@XZ 0040a83b f i libvcruntime:frame.obj
 0001:0000983b       ??1length_error@std@@UAE@XZ 0040a83b f i libcpmt:xthrow.obj
 0001:0000983b       ??1out_of_range@std@@UAE@XZ 0040a83b f i libcpmt:xthrow.obj
 0001:0000983b       ??1bad_array_new_length@std@@UAE@XZ 0040a83b f i LIBCMT:throw_bad_alloc.obj
 0001:0000984c       ??_Gbad_alloc@std@@UAEPAXI@Z 0040a84c f i libcpmt:xthrow.obj
 0001:0000984c       ??_Glogic_error@std@@UAEPAXI@Z 0040a84c f i libcpmt:xthrow.obj
 0001:0000984c       ??_Gbad_array_new_length@std@@UAEPAXI@Z 0040a84c f i LIBCMT:throw_bad_alloc.obj
 0001:0000984c       ??_Gout_of_range@std@@UAEPAXI@Z 0040a84c f i libcpmt:xthrow.obj
 0001:0000984c       ??_Gbad_exception@std@@UAEPAXI@Z 0040a84c f i libvcruntime:frame.obj
 0001:0000984c       ??_Glength_error@std@@UAEPAXI@Z 0040a84c f i libcpmt:xthrow.obj
 0001:0000984c       ??_Elogic_error@std@@UAEPAXI@Z 0040a84c f i libcpmt:xthrow.obj
 0001:0000984c       ??_Ebad_alloc@std@@UAEPAXI@Z 0040a84c f i libcpmt:xthrow.obj
 0001:0000984c       ??_Elength_error@std@@UAEPAXI@Z 0040a84c f i libcpmt:xthrow.obj
 0001:0000984c       ??_Ebad_exception@std@@UAEPAXI@Z 0040a84c f i libvcruntime:frame.obj
 0001:0000984c       ??_Ebad_array_new_length@std@@UAEPAXI@Z 0040a84c f i LIBCMT:throw_bad_alloc.obj
 0001:0000984c       ??_Eout_of_range@std@@UAEPAXI@Z 0040a84c f i libcpmt:xthrow.obj
 0001:00009879       ?_Xlength_error@std@@YAXPBD@Z 0040a879 f   libcpmt:xthrow.obj
 0001:00009899       ?_Xout_of_range@std@@YAXPBD@Z 0040a899 f   libcpmt:xthrow.obj
 0001:000098b9       __Getctype                 0040a8b9 f   libcpmt:_tolower.obj
 0001:00009924       __Tolower                  0040a924 f   libcpmt:_tolower.obj
 0001:00009a1e       __Getcvt                   0040aa1e f   libcpmt:xwctomb.obj
 0001:00009a8b       __Toupper                  0040aa8b f   libcpmt:_toupper.obj
 0001:00009b85       ??0_Locimp@locale@std@@AAE@_N@Z 0040ab85 f i libcpmt:locale0.obj
 0001:00009bc8       ??1_Fac_node@std@@QAE@XZ   0040abc8 f i libcpmt:locale0.obj
 0001:00009c27       ??1_Fac_tidy_reg_t@std@@QAE@XZ 0040ac27 f i libcpmt:locale0.obj
 0001:00009c4e       ??1_Locimp@locale@std@@MAE@XZ 0040ac4e f i libcpmt:locale0.obj
 0001:00009ca9       ??4?$_Yarn@D@std@@QAEAAV01@PBD@Z 0040aca9 f i libcpmt:locale0.obj
 0001:00009cfd       ??_E_Locimp@locale@std@@MAEPAXI@Z 0040acfd f i libcpmt:locale0.obj
 0001:00009cfd       ??_G_Locimp@locale@std@@MAEPAXI@Z 0040acfd f i libcpmt:locale0.obj
 0001:00009d1f       ?_Facet_Register@std@@YAXPAV_Facet_base@1@@Z 0040ad1f f   libcpmt:locale0.obj
 0001:00009d4d       ?_Getgloballocale@locale@std@@CAPAV_Locimp@12@XZ 0040ad4d f   libcpmt:locale0.obj
 0001:00009d53       ?_Init@locale@std@@CAPAV_Locimp@12@_N@Z 0040ad53 f   libcpmt:locale0.obj
 0001:00009de1       ?_Locimp_dtor@_Locimp@locale@std@@CAXPAV123@@Z 0040ade1 f   libcpmt:locale0.obj
 0001:00009e56       ?_Locinfo_ctor@_Locinfo@std@@SAXPAV12@PBD@Z 0040ae56 f   libcpmt:locale0.obj
 0001:00009ea1       ?_Locinfo_dtor@_Locinfo@std@@SAXPAV12@@Z 0040aea1 f   libcpmt:locale0.obj
 0001:00009ec3       ?_New_Locimp@_Locimp@locale@std@@CAPAV123@_N@Z 0040aec3 f   libcpmt:locale0.obj
 0001:00009ee8       ?_Setgloballocale@locale@std@@CAXPAX@Z 0040aee8 f   libcpmt:locale0.obj
 0001:00009f10       __Deletegloballocale       0040af10 f   libcpmt:locale0.obj
 0001:00009f75       ?_Syserror_map@std@@YAPBDH@Z 0040af75 f   libcpmt:syserror.obj
 0001:00009f9a       ?_Addstd@ios_base@std@@SAXPAV12@@Z 0040af9a f   libcpmt:ios.obj
 0001:00009feb       ?_Callfns@ios_base@std@@AAEXW4event@12@@Z 0040afeb f i libcpmt:ios.obj
 0001:0000a01d       ?_Ios_base_dtor@ios_base@std@@CAXPAV12@@Z 0040b01d f   libcpmt:ios.obj
 0001:0000a05d       ?_Tidy@ios_base@std@@AAEXXZ 0040b05d f i libcpmt:ios.obj
 0001:0000a0a5       ??$_Xfiopen@D@std@@YAPAU_iobuf@@PBDHH@Z 0040b0a5 f i libcpmt:fiopen.obj
 0001:0000a147       ?_Fiopen@std@@YAPAU_iobuf@@PBDHH@Z 0040b147 f   libcpmt:fiopen.obj
 0001:0000a150       ?_Xfsopen@std@@YAPAU_iobuf@@PBDHH@Z 0040b150 f   libcpmt:fiopen.obj
 0001:0000a16d       ??0?$basic_ostream@DU?$char_traits@D@std@@@std@@QAE@PAV?$basic_streambuf@DU?$char_traits@D@std@@@1@_N@Z 0040b16d f i libcpmt:cout.obj
 0001:0000a1d4       ??0_Init_cout@std@@QAE@XZ  0040b1d4 f i libcpmt:cout.obj
 0001:0000a22d       ??_D?$basic_ostream@DU?$char_traits@D@std@@@std@@QAEXXZ 0040b22d f i libcpmt:cout.obj
 0001:0000a28d       ??_E?$basic_ostream@DU?$char_traits@D@std@@@std@@$4PPPPPPPM@A@AEPAXI@Z 0040b28d f i libcpmt:cout.obj
 0001:0000a295       ??_G?$basic_ostream@DU?$char_traits@D@std@@@std@@UAEPAXI@Z 0040b295 f i libcpmt:cout.obj
 0001:0000a295       ??_E?$basic_ostream@DU?$char_traits@D@std@@@std@@UAEPAXI@Z 0040b295 f i libcpmt:cout.obj
 0001:0000a2ba       ??0_Init_cerr@std@@QAE@XZ  0040b2ba f i libcpmt:cerr.obj
 0001:0000a2ea       __Mtxdst                   0040b2ea f   libcpmt:xmtx.obj
 0001:0000a2f8       __Mtxinit                  0040b2f8 f   libcpmt:xmtx.obj
 0001:0000a30f       __Mtxlock                  0040b30f f   libcpmt:xmtx.obj
 0001:0000a31d       __Mtxunlock                0040b31d f   libcpmt:xmtx.obj
 0001:0000a32b       ___crtLCMapStringA         0040b32b f   libcpmt:StlLCMapStringA.obj
 0001:0000a52e       __freea_crt                0040b52e f i libcpmt:StlLCMapStringA.obj
 0001:0000a54c       ??1_Init_atexit@@QAE@XZ    0040b54c f i libcpmt:iosptrs.obj
 0001:0000a5b0       ?_Atexit@@YAXP6AXXZ@Z      0040b5b0 f   libcpmt:iosptrs.obj
 0001:0000a988       ___crtInitializeCriticalSectionEx 0040b988 f   libcpmt:winapisupp.obj
 0001:0000a9c0       _GetTableIndexFromLocaleName 0040b9c0 f   libcpmt:winapinls.obj
 0001:0000aa0e       ___crtDownlevelLocaleNameToLCID 0040ba0e f   libcpmt:winapinls.obj
 0001:0000aa38       ___crtLCMapStringEx        0040ba38 f   libcpmt:winapinls.obj
 0001:0000aa8e       ___wcsnicmp_ascii          0040ba8e f   libcpmt:winapinls.obj
 0001:0000ab02       _GetAdaptersInfo@8         0040bb02 f   iphlpapi:IPHLPAPI.DLL
 0001:0000ab08       ??2@YAPAXI@Z               0040bb08 f   LIBCMT:new_scalar.obj
 0001:0000ab3b       ??3@YAXPAX@Z               0040bb3b f   LIBCMT:delete_scalar.obj
 0001:0000ab40       ??3@YAXPAXI@Z              0040bb40 f   LIBCMT:delete_scalar_size.obj
 0001:0000ab4e       ??_V@YAXPAX@Z              0040bb4e f   LIBCMT:delete_array.obj
 0001:0000ab97       ___scrt_acquire_startup_lock 0040bb97 f   LIBCMT:utility.obj
 0001:0000abcc       ___scrt_initialize_crt     0040bbcc f   LIBCMT:utility.obj
 0001:0000ac05       ___scrt_initialize_onexit_tables 0040bc05 f   LIBCMT:utility.obj
 0001:0000ac9c       ___scrt_is_nonwritable_in_current_image 0040bc9c f   LIBCMT:utility.obj
 0001:0000ad26       ___scrt_release_startup_lock 0040bd26 f   LIBCMT:utility.obj
 0001:0000ad43       ___scrt_uninitialize_crt   0040bd43 f   LIBCMT:utility.obj
 0001:0000ad6b       __onexit                   0040bd6b f   LIBCMT:utility.obj
 0001:0000ada6       _atexit                    0040bda6 f   LIBCMT:utility.obj
 0001:0000adbb       ___raise_securityfailure   0040bdbb f   LIBCMT:gs_report.obj
 0001:0000ade3       ___report_gsfailure        0040bde3 f   LIBCMT:gs_report.obj
 0001:0000aede       ___report_rangecheckfailure 0040bede f   LIBCMT:gs_report.obj
 0001:0000aeea       ___report_securityfailure  0040beea f   LIBCMT:gs_report.obj
 0001:0000b096       __Init_thread_footer       0040c096 f   LIBCMT:thread_safe_statics.obj
 0001:0000b0d5       __Init_thread_header       0040c0d5 f   LIBCMT:thread_safe_statics.obj
 0001:0000b11b       __Init_thread_lock         0040c11b f   LIBCMT:thread_safe_statics.obj
 0001:0000b127       __Init_thread_notify       0040c127 f   LIBCMT:thread_safe_statics.obj
 0001:0000b168       __Init_thread_unlock       0040c168 f   LIBCMT:thread_safe_statics.obj
 0001:0000b174       __Init_thread_wait         0040c174 f   LIBCMT:thread_safe_statics.obj
 0001:0000b1d9       @__security_check_cookie@4 0040c1d9 f   LIBCMT:_secchk_.obj
 0001:0000b1ea       ??_Etype_info@@UAEPAXI@Z   0040c1ea f i LIBCMT:std_type_info_static.obj
 0001:0000b1ea       ??_Gtype_info@@UAEPAXI@Z   0040c1ea f i LIBCMT:std_type_info_static.obj
 0001:0000b433       _wWinMainCRTStartup        0040c433 f   LIBCMT:exe_wwinmain.obj
 0001:0000b43d       @_guard_check_icall@4      0040c43d f i LIBCMT:checkcfg.obj
 0001:0000b443       __EH_epilog3               0040c443 f   LIBCMT:ehprolg3.obj
 0001:0000b458       __EH_prolog3               0040c458 f   LIBCMT:ehprolg3.obj
 0001:0000b48c       __EH_prolog3_catch         0040c48c f   LIBCMT:ehprolg3.obj
 0001:0000b4d0       __alloca_probe_16          0040c4d0 f   LIBCMT:alloca16.obj
 0001:0000b4e6       __alloca_probe_8           0040c4e6     LIBCMT:alloca16.obj
 0001:0000b500       __allmul                   0040c500 f   LIBCMT:llmul.obj
 0001:0000b540       __aulldiv                  0040c540 f   LIBCMT:ulldiv.obj
 0001:0000b5a8       ??0bad_array_new_length@std@@QAE@ABV01@@Z 0040c5a8 f i LIBCMT:throw_bad_alloc.obj
 0001:0000b5c3       ??0bad_array_new_length@std@@QAE@XZ 0040c5c3 f i LIBCMT:throw_bad_alloc.obj
 0001:0000b5db       ?_Xbad_alloc@std@@YAXXZ    0040c5db f   libcpmt:xthrow.obj
 0001:0000b5db       ?__scrt_throw_std_bad_alloc@@YAXXZ 0040c5db f   LIBCMT:throw_bad_alloc.obj
 0001:0000b5f8       ?__scrt_throw_std_bad_array_new_length@@YAXXZ 0040c5f8 f   LIBCMT:throw_bad_alloc.obj
 0001:0000b615       ___isa_available_init      0040c615 f   LIBCMT:_cpu_disp_.obj
 0001:0000b7af       __get_startup_argv_mode    0040c7af f   LIBCMT:argv_mode.obj
 0001:0000b7b3       ___scrt_is_ucrt_dll_in_use 0040c7b3 f   LIBCMT:ucrt_detection.obj
 0001:0000b7bf       ___scrt_fastfail           0040c7bf f   LIBCMT:utility_desktop.obj
 0001:0000b8da       ___scrt_get_show_window_mode 0040c8da f   LIBCMT:utility_desktop.obj
 0001:0000b90d       __get_startup_thread_locale_mode 0040c90d f   LIBCMT:thread_locale.obj
 0001:0000b90d       __get_startup_new_mode     0040c90d f   LIBCMT:new_mode.obj
 0001:0000b90d       __matherr                  0040c90d f   LIBCMT:matherr.obj
 0001:0000b90d       __get_startup_commit_mode  0040c90d f   LIBCMT:commit_mode.obj
 0001:0000b90d       ___scrt_initialize_winrt   0040c90d f   LIBCMT:utility_desktop.obj
 0001:0000b910       ___scrt_is_managed_app     0040c910 f   LIBCMT:utility_desktop.obj
 0001:0000b954       ___scrt_set_unhandled_exception_filter 0040c954 f   LIBCMT:utility_desktop.obj
 0001:0000b960       ___scrt_unhandled_exception_filter@4 0040c960 f   LIBCMT:utility_desktop.obj
 0001:0000b9a1       __crt_debugger_hook        0040c9a1 f   LIBCMT:utility_desktop.obj
 0001:0000b9b0       __SEH_prolog4              0040c9b0 f   LIBCMT:_sehprolg4_.obj
 0001:0000b9f6       __SEH_epilog4              0040c9f6 f   LIBCMT:_sehprolg4_.obj
 0001:0000ba0b       ___security_init_cookie    0040ca0b f   LIBCMT:gs_support.obj
 0001:0000baa7       __get_startup_file_mode    0040caa7 f   LIBCMT:file_mode.obj
 0001:0000baad       ?__scrt_initialize_type_info@@YAXXZ 0040caad f   LIBCMT:tncleanup.obj
 0001:0000bab9       __initialize_default_precision 0040cab9 f   LIBCMT:default_precision.obj
 0001:0000bada       ___except_validate_jump_buffer 0040cada f   libvcruntime:jbcxrval.obj
 0001:0000bada       __initialize_invalid_parameter_handler 0040cada f   LIBCMT:invalid_parameter_handler.obj
 0001:0000bada       __initialize_denormal_control 0040cada f   LIBCMT:denormal_control.obj
 0001:0000bada       @_guard_check_icall_nop@4  0040cada f   LIBCMT:guard_support.obj
 0001:0000bada       ___except_validate_context_record 0040cada f   libvcruntime:jbcxrval.obj
 0001:0000badb       ___local_stdio_scanf_options 0040cadb f i LIBCMT:default_local_stdio_options.obj
 0001:0000bae1       ___scrt_initialize_default_local_stdio_options 0040cae1 f   LIBCMT:default_local_stdio_options.obj
 0001:0000bafe       ___scrt_is_user_matherr_present 0040cafe f   LIBCMT:matherr_detection.obj
 0001:0000bb0a       ___scrt_get_dyn_tls_init_callback 0040cb0a f   LIBCMT:dyn_tls_init.obj
 0001:0000bb10       ___scrt_get_dyn_tls_dtor_callback 0040cb10 f   LIBCMT:dyn_tls_dtor.obj
 0001:0000bb16       __RTC_Initialize           0040cb16 f   LIBCMT:_initsect_.obj
 0001:0000bb41       __RTC_Terminate            0040cb41 f   LIBCMT:_initsect_.obj
 0001:0000bb70       __alloca_probe             0040cb70 f   LIBCMT:chkstk.obj
 0001:0000bb70       __chkstk                   0040cb70 f   LIBCMT:chkstk.obj
 0001:0000bb9e       _IsProcessorFeaturePresent@4 0040cb9e f   kernel32:KERNEL32.dll
 0001:0000bba4       __get_purecall_handler     0040cba4 f   libvcruntime:purevirt.obj
 0001:0000bbc3       __purecall                 0040cbc3 f   libvcruntime:purevirt.obj
 0001:0000bbe0       _memcpy                    0040cbe0 f   libvcruntime:memcpy.obj
 0001:0000c160       _memmove                   0040d160 f   libvcruntime:memmove.obj
 0001:0000c6e0       _memset                    0040d6e0 f   libvcruntime:memset.obj
 0001:0000c840       _strstr                    0040d840 f   libvcruntime:strstr.obj
 0001:0000caa3       ___std_exception_copy      0040daa3 f   libvcruntime:std_exception.obj
 0001:0000cb06       ___std_exception_destroy   0040db06 f   libvcruntime:std_exception.obj
 0001:0000cb25       __CxxThrowException@8      0040db25 f   libvcruntime:throw.obj
 0001:0000cb93       ?_CallCatchBlock2@@YAPAXPAUEHRegistrationNode@@PBU_s_FuncInfo@@PAXHK@Z 0040db93 f   libvcruntime:trnsctrl.obj
 0001:0000cbf3       ?_CallSETranslator@@YAHPAUEHExceptionRecord@@PAUEHRegistrationNode@@PAX2PBU_s_FuncInfo@@H1@Z 0040dbf3 f   libvcruntime:trnsctrl.obj
 0001:0000ccd0       ?_GetRangeOfTrysToCheck@@YAPBU_s_TryBlockMapEntry@@PBU_s_FuncInfo@@HHPAI1@Z 0040dcd0 f   libvcruntime:trnsctrl.obj
 0001:0000cd48       ?_JumpToContinuation@@YGXPAXPAUEHRegistrationNode@@@Z 0040dd48 f   libvcruntime:trnsctrl.obj
 0001:0000cd7a       ?_UnwindNestedFrames@@YGXPAUEHRegistrationNode@@PAUEHExceptionRecord@@@Z 0040dd7a f   libvcruntime:trnsctrl.obj
 0001:0000cdcf       __CatchGuardHandler        0040ddcf f   libvcruntime:trnsctrl.obj
 0001:0000ce00       __CreateFrameInfo          0040de00 f   libvcruntime:trnsctrl.obj
 0001:0000ce24       __FindAndUnlinkFrame       0040de24 f   libvcruntime:trnsctrl.obj
 0001:0000ce6e       __IsExceptionObjectToBeDestroyed 0040de6e f   libvcruntime:trnsctrl.obj
 0001:0000ce94       __TranslatorGuardHandler   0040de94 f   libvcruntime:trnsctrl.obj
 0001:0000cf33       ___CxxFrameHandler3        0040df33 f   libvcruntime:trnsctrl.obj
 0001:0000cf69       ___DestructExceptionObject 0040df69 f   libvcruntime:frame.obj
 0001:0000cffd       ??0bad_exception@std@@QAE@ABV01@@Z 0040dffd f i libvcruntime:frame.obj
 0001:0000d018       ??0bad_exception@std@@QAE@XZ 0040e018 f i libvcruntime:frame.obj
 0001:0000d849       ?_CallMemberFunction0@@YGXQAX0@Z 0040e849 f i libvcruntime:frame.obj
 0001:0000d849       ?_CallMemberFunction2@@YGXQAX00H@Z 0040e849 f i libvcruntime:frame.obj
 0001:0000d849       ?_CallMemberFunction1@@YGXQAX00@Z 0040e849 f i libvcruntime:frame.obj
 0001:0000d850       ___AdjustPointer           0040e850 f   libvcruntime:frame.obj
 0001:0000d875       ___BuildCatchObject        0040e875 f   libvcruntime:frame.obj
 0001:0000d904       ___BuildCatchObjectHelper  0040e904 f   libvcruntime:frame.obj
 0001:0000da32       ___FrameUnwindFilter       0040ea32 f   libvcruntime:frame.obj
 0001:0000da77       ___FrameUnwindToState      0040ea77 f   libvcruntime:frame.obj
 0001:0000db3f       ___InternalCxxFrameHandler 0040eb3f f   libvcruntime:frame.obj
 0001:0000dc3b       ___TypeMatch               0040ec3b f   libvcruntime:frame.obj
 0001:0000dcc9       ___std_terminate           0040ecc9 f   libvcruntime:frame.obj
 0001:0000dcce       ___uncaught_exception      0040ecce f   libvcruntime:frame.obj
 0001:0000dce0       _memchr                    0040ece0 f   libvcruntime:memchr.obj
 0001:0000dd8d       _memcmp                    0040ed8d f   libvcruntime:_memcmp_.obj
 0001:0000f50d       ___vcrt_initialize         0041050d f   libvcruntime:initialization.obj
 0001:0000f536       ___vcrt_uninitialize       00410536 f   libvcruntime:initialization.obj
 0001:0000f5a0       __except_handler4          004105a0 f   libvcruntime:_chandler4_.obj
 0001:0000f706       ??$__crt_fast_encode_pointer@PAX@@YAPAXQAX@Z 00410706 f i libvcruntime:winapi_downlevel.obj
 0001:0000f706       ??$__crt_fast_encode_pointer@PAP6AXXZ@@YAPAP6AXXZQAP6AXXZ@Z 00410706 f i LIBCMT:utility.obj
 0001:0000f706       ??$__crt_fast_encode_pointer@P6GXPAU_RTL_CONDITION_VARIABLE@@@Z@@YAP6GXPAU_RTL_CONDITION_VARIABLE@@@ZQ6GX0@Z@Z 00410706 f i LIBCMT:thread_safe_statics.obj
 0001:0000f706       ??$__crt_fast_encode_pointer@P6GHPAU_RTL_CONDITION_VARIABLE@@PAU_RTL_CRITICAL_SECTION@@K@Z@@YAP6GHPAU_RTL_CONDITION_VARIABLE@@PAU_RTL_CRITICAL_SECTION@@K@ZQ6GH01K@Z@Z 00410706 f i LIBCMT:thread_safe_statics.obj
 0001:0000f844       ___vcrt_FlsAlloc           00410844 f   libvcruntime:winapi_downlevel.obj
 0001:0000f87e       ___vcrt_FlsFree            0041087e f   libvcruntime:winapi_downlevel.obj
 0001:0000f8b8       ___vcrt_FlsGetValue        004108b8 f   libvcruntime:winapi_downlevel.obj
 0001:0000f8f2       ___vcrt_FlsSetValue        004108f2 f   libvcruntime:winapi_downlevel.obj
 0001:0000f92f       ___vcrt_InitializeCriticalSectionEx 0041092f f   libvcruntime:winapi_downlevel.obj
 0001:0000f975       ___vcrt_initialize_winapi_thunks 00410975 f   libvcruntime:winapi_downlevel.obj
 0001:0000f9af       ___vcrt_uninitialize_winapi_thunks 004109af f   libvcruntime:winapi_downlevel.obj
 0001:0000f9e1       ___std_type_info_compare   004109e1 f   libvcruntime:std_type_info.obj
[...]
 0002:0000e0a0       __sehtable$??$?RV<lambda_c76fdea48760d5f9368b465f31df4405>@@AAV<lambda_e378711a6f6581bf7f0efd7cdf97f5d9>@@V<lambda_e927a58b2a85c081d733e8c6192ae2d2>@@@?$__crt_seh_guarded_call@X@@QAEX$$QAV<lambda_c76fdea48760d5f9368b465f31df4405>@@AAV<lambda_e378711a6f6581bf7f0efd7cdf97f5d9>@@$$QAV<lambda_e927a58b2a85c081d733e8c6192ae2d2>@@@Z 004360a0     libucrt:wsetlocale.obj
 0002:0000e0c0       __sehtable$_terminate      004360c0     libucrt:terminate.obj
 0002:0000e0e0       __sehtable$??$?RV<lambda_9df27f884b057bc3edfc946cb5b7cf47>@@AAV<lambda_e69574bed617af4e071282c136b37893>@@V<lambda_cc0d902bcbbeb830f749456577db4721>@@@?$__crt_seh_guarded_call@X@@QAEX$$QAV<lambda_9df27f884b057bc3edfc946cb5b7cf47>@@AAV<lambda_e69574bed617af4e071282c136b37893>@@$$QAV<lambda_cc0d902bcbbeb830f749456577db4721>@@@Z 004360e0     libucrt:per_thread_data.obj
 0002:0000e100       __sehtable$??$?RV<lambda_3518db117f0e7cdb002338c5d3c47b6c>@@AAV<lambda_b2ea41f6bbb362cd97d94c6828d90b61>@@V<lambda_abdedf541bb04549bc734292b4a045d4>@@@?$__crt_seh_guarded_call@X@@QAEX$$QAV<lambda_3518db117f0e7cdb002338c5d3c47b6c>@@AAV<lambda_b2ea41f6bbb362cd97d94c6828d90b61>@@$$QAV<lambda_abdedf541bb04549bc734292b4a045d4>@@@Z 00436100     libucrt:per_thread_data.obj
 0002:0000e120       __sehtable$??$?RV<lambda_51b6e8b1eb166f2a3faf91f424b38130>@@AAV<lambda_6250bd4b2a391816dd638c3bf72b0bcb>@@V<lambda_0b5a4a3e68152e1d9b943535f5f47bed>@@@?$__crt_seh_guarded_call@X@@QAEX$$QAV<lambda_51b6e8b1eb166f2a3faf91f424b38130>@@AAV<lambda_6250bd4b2a391816dd638c3bf72b0bcb>@@$$QAV<lambda_0b5a4a3e68152e1d9b943535f5f47bed>@@@Z 00436120     libucrt:per_thread_data.obj
 0002:0000e140       __sehtable$??$?RV<lambda_5b71d36f03204c0beab531769a5b5694>@@AAV<lambda_be2b3da3f62db62e9dad5dc70221a656>@@V<lambda_8f9ce462984622f9bf76b59e2aaaf805>@@@?$__crt_seh_guarded_call@X@@QAEX$$QAV<lambda_5b71d36f03204c0beab531769a5b5694>@@AAV<lambda_be2b3da3f62db62e9dad5dc70221a656>@@$$QAV<lambda_8f9ce462984622f9bf76b59e2aaaf805>@@@Z 00436140     libucrt:per_thread_data.obj
 0002:0000e160       __sehtable$??$?RV<lambda_9227be29367c048ad7fd93a717dcb1a1>@@AAV<lambda_a463b7b0560cfcaf9b17f27c6ef46564>@@V<lambda_ccea11b5727ccf69be64f5f5d9a08d9f>@@@?$__crt_seh_guarded_call@H@@QAEH$$QAV<lambda_9227be29367c048ad7fd93a717dcb1a1>@@AAV<lambda_a463b7b0560cfcaf9b17f27c6ef46564>@@$$QAV<lambda_ccea11b5727ccf69be64f5f5d9a08d9f>@@@Z 00436160     libucrt:winapi_thunks.obj
 0002:0000e180       __sehtable$___set_fpsr_sse2 00436180     libucrt:fpctrl.obj
 0002:0000e1a0       __sehtable$__fcloseall     004361a0     libucrt:closeall.obj
 0002:0000e1c0       __sehtable$___acrt_initialize_lowio 004361c0     libucrt:ioinit.obj
 0002:0000e1e0       __sehtable$??$?RV<lambda_123407a5e2ac06da108355a851863b7a>@@AAV<lambda_2fe9b910cf3cbf4a0ab98a02ba45b3ec>@@V<lambda_ae55bdf541ad94d75914d381c370e64d>@@@?$__crt_seh_guarded_call@H@@QAEH$$QAV<lambda_123407a5e2ac06da108355a851863b7a>@@AAV<lambda_2fe9b910cf3cbf4a0ab98a02ba45b3ec>@@$$QAV<lambda_ae55bdf541ad94d75914d381c370e64d>@@@Z 004361e0     libucrt:close.obj
 0002:0000e200       __sehtable$?__acrt_stdio_allocate_stream@@YA?AV__crt_stdio_stream@@XZ 00436200     libucrt:stream.obj
 0002:0000e220       __sehtable$??$?RV<lambda_61cee617f5178ae960314fd4d05640a0>@@AAV<lambda_6978c1fb23f02e42e1d9e99668cc68aa>@@V<lambda_9cd88cf8ad10232537feb2133f08c833>@@@?$__crt_seh_guarded_call@H@@QAEH$$QAV<lambda_61cee617f5178ae960314fd4d05640a0>@@AAV<lambda_6978c1fb23f02e42e1d9e99668cc68aa>@@$$QAV<lambda_9cd88cf8ad10232537feb2133f08c833>@@@Z 00436220     libucrt:commit.obj
 0002:0000e240       __sehtable$__write         00436240     libucrt:write.obj
 0002:0000e260       __sehtable$__read          00436260     libucrt:read.obj
 0002:0000e280       __sehtable$??$common_lseek@J@@YAJHJH@Z 00436280     libucrt:lseek.obj
 0002:0000e2a0       __sehtable$??$common_lseek@_J@@YA_JH_JH@Z 004362a0     libucrt:lseek.obj
 0002:0000e2c0       __sehtable$_raise          004362c0     libucrt:signal.obj
 0002:0000e2e0       __sehtable$??$?RV<lambda_a048d3beccc847880fc8490e18b82769>@@AAV<lambda_ec61778202f4f5fc7e7711acc23c3bca>@@V<lambda_f7496a158712204296dd6628a163878e>@@@?$__crt_seh_guarded_call@P6AXH@Z@@QAEP6AXH@Z$$QAV<lambda_a048d3beccc847880fc8490e18b82769>@@AAV<lambda_ec61778202f4f5fc7e7711acc23c3bca>@@$$QAV<lambda_f7496a158712204296dd6628a163878e>@@@Z 004362e0     libucrt:signal.obj
 0002:0000e300       __sehtable$___acrt_update_thread_multibyte_data 00436300     libucrt:mbctype.obj
 0002:0000e320       __sehtable$??$?RV<lambda_978dc153c237d78434369da87b74ff60>@@AAV<lambda_ad1ced32f4ac17aa236e5ef05d6b3b7c>@@V<lambda_4a8533e2866a575feecb8298ce776b0d>@@@?$__crt_seh_guarded_call@X@@QAEX$$QAV<lambda_978dc153c237d78434369da87b74ff60>@@AAV<lambda_ad1ced32f4ac17aa236e5ef05d6b3b7c>@@$$QAV<lambda_4a8533e2866a575feecb8298ce776b0d>@@@Z 00436320     libucrt:mbctype.obj
 0002:0000e340       __sehtable$__alloc_osfhnd  00436340     libucrt:osfinfo.obj
 0002:0000e360       __sehtable$___acrt_lowio_ensure_fh_exists 00436360     libucrt:osfinfo.obj
 0002:0000e380       __sehtable$___acrt_update_thread_locale_data 00436380     libucrt:locale_refcounting.obj
 0002:0000e3a0       __sehtable$??$common_sopen_dispatch@D@@YAHQBDHHHQAHH@Z 004363a0     libucrt:open.obj
 0002:0000e3c0       __sehtable$__IsNonwritableInCurrentImage 004363c0     LIBCMT:pesect.obj
 0002:0000e63a       .idata$6                   0043663a     wininet:WININET.dll
 0002:0000e658       .idata$6                   00436658     iphlpapi:IPHLPAPI.DLL
 0002:0000e976       .idata$6                   00436976     kernel32:KERNEL32.dll
 0003:00000000       _srvrIP                    00437000     implant.obj
 0003:00000100       _ownerID                   00437100     implant.obj
 0003:00000200       _built                     00437200     implant.obj
 0003:00000204       ?boundary@?1??sendFile@@YAXPAD0@Z@4PADA 00437204     implant.obj
 0003:00000210       ?url@?1??sendHeartbeat@@YAXXZ@4PADA 00437210     implant.obj
 0003:0000021c       ?boundary@?1??registerImplant@@YAXXZ@4PADA 0043721c     implant.obj
 0003:00000228       ?init@std@@3JA             00437228     libcpmt:xlock.obj
 0003:00000230       ?atcount_cdecl@@3IA        00437230     libcpmt:iosptrs.obj
 0003:000002c0       ?__vcrt_flsindex@@3KA      004372c0     libvcruntime:per_thread_data.obj
 0003:000002e0       _errno_no_memory           004372e0     libucrt:errno.obj
 0003:000002e4       _doserrno_no_memory        004372e4     libucrt:errno.obj
 0003:00000400       __ctype_loc_style          00437400     libucrt:wsetlocale.obj
 0003:00000404       ___acrt_flsindex           00437404     libucrt:per_thread_data.obj
 0003:000004d4       ?__DAZ_ENABLED@?1??__set_fpsr_sse2@@9@9 004374d4     libucrt:fpctrl.obj
 0003:00000610       _tzstd_program             00437610     libucrt:timeset.obj
 0003:00000650       _tzdst_program             00437650     libucrt:timeset.obj
 0003:00000690       _tzname_states             00437690     libucrt:timeset.obj
 0003:00000698       ___rgctypeflag             00437698     libucrt:mbctype.obj
 0003:000006a0       ___rgcode_page_info        004376a0     libucrt:mbctype.obj
 0003:00001110       _botID                     00438110     implant.obj
 0003:00001148       ?initlocks@std@@3V_Init_locks@1@A 00438148     libcpmt:xlock.obj
 0003:00001150       ?mtx@std@@3PAU_RTL_CRITICAL_SECTION@@A 00438150     libcpmt:xlock.obj
 0003:00001218       _global_locale             00438218     libcpmt:locale0.obj
 0003:0000121c       ?_Fac_head@std@@3PAU_Fac_node@1@A 0043821c     libcpmt:locale0.obj
 0003:00001234       ?classic_locale@std@@3Vlocale@1@A 00438234     libcpmt:locale0.obj
 0003:0000123c       ?_Fac_tidy_reg@std@@3U_Fac_tidy_reg_t@1@B 0043823c     libcpmt:locale0.obj
 0003:0000123d       ?registered@?1??_Setgloballocale@locale@std@@CAXPAX@Z@4_NA 0043823d     libcpmt:locale0.obj
 0003:00001244       ?stdstr@std@@3PAPAVios_base@1@A 00438244     libcpmt:ios.obj
 0003:0000126c       ?stdopens@std@@3PADA       0043826c     libcpmt:ios.obj
 0003:00001278       ?initlocks@@3V_Init_locks@std@@A 00438278     libcpmt:cout.obj
 0003:00001279       ?init_cout@std@@3U_Init_cout@1@A 00438279     libcpmt:cout.obj
 0003:000012d0       ?fout@std@@3V?$basic_filebuf@DU?$char_traits@D@std@@@1@A 004382d0     libcpmt:cout.obj
 0003:00001328       ?initlocks@@3V_Init_locks@std@@A 00438328     libcpmt:cerr.obj
 0003:00001329       ?init_cerr@std@@3U_Init_cerr@1@A 00438329     libcpmt:cerr.obj
 0003:00001380       ?ferr@std@@3V?$basic_filebuf@DU?$char_traits@D@std@@@1@A 00438380     libcpmt:cerr.obj
 0003:000013f8       ?atfuns_cdecl@@3PAP6AXXZA  004383f8     libcpmt:iosptrs.obj
 0003:00001420       ?initlocks@std@@3V_Init_locks@1@A 00438420     libcpmt:iosptrs.obj
 0003:00001421       ?init_atexit@@3U_Init_atexit@@A 00438421     libcpmt:iosptrs.obj
 0003:00001548       ?module_local_atexit_table@@3U_onexit_table_t@@A 00438548     LIBCMT:utility.obj
 0003:00001554       ?module_local_at_quick_exit_table@@3U_onexit_table_t@@A 00438554     LIBCMT:utility.obj
 0003:00001560       ?is_initialized_as_dll@@3_NA 00438560     LIBCMT:utility.obj
 0003:00001568       _GS_ExceptionRecord        00438568     LIBCMT:gs_report.obj
 0003:000015b8       _GS_ContextRecord          004385b8     LIBCMT:gs_report.obj
 0003:00001884       ?_Tss_mutex@@3U_RTL_CRITICAL_SECTION@@A 00438884     LIBCMT:thread_safe_statics.obj
 0003:0000189c       ?_Tss_cv@@3U_RTL_CONDITION_VARIABLE@@A 0043889c     LIBCMT:thread_safe_statics.obj
 0003:000018a0       ?_Tss_event@@3PAXA         004388a0     LIBCMT:thread_safe_statics.obj
 0003:000018a4       ?encoded_sleep_condition_variable_cs@@3P6GHPAU_RTL_CONDITION_VARIABLE@@PAU_RTL_CRITICAL_SECTION@@K@ZA 004388a4     LIBCMT:thread_safe_statics.obj
 0003:000018a8       ?encoded_wake_all_condition_variable@@3P6GXPAU_RTL_CONDITION_VARIABLE@@@ZA 004388a8     LIBCMT:thread_safe_statics.obj
 0003:000018d4       ?module_handles@@3PAPAUHINSTANCE__@@A 004388d4     libvcruntime:winapi_downlevel.obj
 0003:000018e4       ?encoded_function_pointers@@3PAPAXA 004388e4     libvcruntime:winapi_downlevel.obj
 0003:0000190c       ?__vcrt_startup_thread_ptd@@3U__vcrt_ptd@@A 0043890c     libvcruntime:per_thread_data.obj
 0003:00001934       ___vcrt_lock_table         00438934     libvcruntime:locks.obj
 0003:0000194c       ___vcrt_locks_initialized  0043894c     libvcruntime:locks.obj
 0003:00001978       ?heap@@3V_HeapManager@@A   00438978     libvcruntime:undname.obj
 0003:0000198c       ___acrt_invalid_parameter_handler 0043898c     libucrt:invalid_parameter.obj
 0003:00001990       _c_termination_complete    00438990     libucrt:exit.obj
 0003:00001994       _thread_local_exit_callback_func 00438994     libucrt:exit.obj
 0003:00001998       ?c_exit_complete@?5??common_exit@@YAXHW4_crt_exit_cleanup_mode@@W4_crt_exit_return_mode@@@Z@4_NA 00438998     libucrt:exit.obj
 0003:000019b0       ___acrt_lock_table         004389b0     libucrt:locks.obj
 0003:00001ae8       ___acrt_locks_initialized  00438ae8     libucrt:locks.obj
 0003:00001aec       ___acrt_new_handler        00438aec     libucrt:new_handler.obj
 0003:00001af0       ?program_name@?5???$common_configure_argv@_W@@YAHW4_crt_argv_mode@@@Z@4PA_WA 00438af0     libucrt:argv_parsing.obj
 0003:00001d24       ___acrt_app_type           00438d24     libucrt:report_runtime_error.obj
 0003:00001d28       _user_matherr              00438d28     libucrt:matherr.obj
 0003:00001d2c       ?empty_string@?1???$common_wincmdln@_W@@YAPA_WXZ@4PA_WA 00438d2c     libucrt:argv_winmain.obj
 0003:00001d34       ___acrt_global_new_mode    00438d34     libucrt:new_mode.obj
 0003:00001d40       _module_handles            00438d40     libucrt:winapi_thunks.obj
 0003:00001d90       _encoded_function_pointers 00438d90     libucrt:winapi_thunks.obj
 0003:00001e10       ?static_enum_proc@?1??enum_system_locales_ex_nolock@@YAHQ6GHPA_WKJ@Z@Z@4P6GH0KJ@ZA 00438e10     libucrt:winapi_thunks.obj
 0003:00001e14       ?state_cache@?1??__acrt_is_packaged_app@@9@4JA 00438e14     libucrt:winapi_thunks.obj
 0003:0000202c       _enable_percent_n          0043902c     libucrt:printf_count_output.obj
 0003:00002034       _ctrlc_action              00439034     libucrt:signal.obj
 0003:00002038       _ctrlbreak_action          00439038     libucrt:signal.obj
 0003:0000203c       _abort_action              0043903c     libucrt:signal.obj
 0003:00002040       _term_action               00439040     libucrt:signal.obj
 0003:00002054       __tzname                   00439054     libucrt:timeset.obj
 0003:00002058       _tz_api_used               00439058     libucrt:tzset.obj
 0003:00002060       _tz_info                   00439060     libucrt:tzset.obj
 0003:00002124       _fSystemSet                00439124     libucrt:mbctype.obj
 0003:00002128       ?initialized@?1??__acrt_initialize_multibyte@@9@4_NA 00439128     libucrt:mbctype.obj
 0003:00002148       __pmatherr_set             00439148     libucrt:libm_error.obj
 0004:00000000       __guard_fids____dcrt_uninitialize_environments_nolock 0043a000     libucrt:environment_initialization.obj
 0004:00000008       __guard_fids__             0043a008     libucrt:initialization.obj
 0004:00000068       __guard_fids__             0043a068     libucrt:wsetlocale.obj
 0004:00000080       __guard_fids____acrt_initialize_ptd 0043a080     libucrt:per_thread_data.obj
 0004:00000084       __guard_fids_??$?RV<lambda_9227be29367c048ad7fd93a717dcb1a1>@@AAV<lambda_a463b7b0560cfcaf9b17f27c6ef46564>@@V<lambda_ccea11b5727ccf69be64f5f5d9a08d9f>@@@?$__crt_seh_guarded_call@H@@QAEH$$QAV<lambda_9227be29367c048ad7fd93a717dcb1a1>@@AAV<lambda_a463b7b0560cfcaf9b17f27c6ef46564>@@$$QAV<lambda_ccea11b5727ccf69be64f5f5d9a08d9f>@@@Z 0043a084     libucrt:winapi_thunks.obj
 0004:00000088       __guard_fids__             0043a088     libucrt:stdio_initializer.obj
 0004:0000008c       __guard_fids__             0043a08c     libucrt:stdio_initializer.obj
 0004:00000090       __guard_fids_??$expand_argument_wildcards@_W@@YAHQA_W0AAV?$argument_list@_W@?A0xb0e4b824@@@Z 0043a090     libucrt:argv_wildcards.obj
 0004:00000094       __guard_fids__             0043a094     libucrt:locale_initializer.obj
 0004:00000098       __guard_fids__GetLocaleNameFromLangCountry 0043a098     libucrt:get_qualified_locale.obj
 0004:0000009c       __guard_fids__GetLocaleNameFromLanguage 0043a09c     libucrt:get_qualified_locale.obj
 0004:000000a0       __guard_fids__GetLcidFromLangCountry 0043a0a0     libucrt:getqloc_downlevel.obj
 0004:000000a4       __guard_fids__GetLcidFromLanguage 0043a0a4     libucrt:getqloc_downlevel.obj
 0004:000000a8       __guard_fids__GetLcidFromCountry 0043a0a8     libucrt:getqloc_downlevel.obj
 0004:000000ac       __guard_fids__             0043a0ac     libucrt:sse2_initializer.obj
 0004:000000b0       __guard_fids____libm_error_support 0043a0b0     libucrt:libm_error.obj
 0004:000000b4       __guard_fids__             0043a0b4     libucrt:timeset_initializer.obj
 0004:000000b8       __guard_fids__             0043a0b8     libucrt:multibyte_initializer.obj
 0004:000000bc       __guard_fids__             0043a0bc     libucrt:console_output_initializer.obj
 0004:000000c0       __guard_fids_??__Einitlocks@std@@YAXXZ 0043a0c0     libcpmt:xlock.obj
 0004:000000c4       __guard_fids__             0043a0c4     libcpmt:xlock.obj
 0004:000000c8       __guard_fids__             0043a0c8     libcpmt:xthrow.obj
 0004:000000d0       __guard_fids__             0043a0d0     libcpmt:xthrow.obj
 0004:000000d8       __guard_fids__             0043a0d8     libcpmt:xthrow.obj
 0004:000000e0       __guard_fids__             0043a0e0     libcpmt:xthrow.obj
 0004:000000e8       __guard_fids__             0043a0e8     libcpmt:xthrow.obj
 0004:000000ec       __guard_fids__             0043a0ec     libcpmt:xthrow.obj
 0004:000000f0       __guard_fids__             0043a0f0     libcpmt:xthrow.obj
 0004:000000f4       __guard_fids__             0043a0f4     libcpmt:xthrow.obj
 0004:000000f8       __guard_fids__             0043a0f8     libcpmt:xthrow.obj
 0004:000000fc       __guard_fids__             0043a0fc     libcpmt:xthrow.obj
 0004:00000100       __guard_fids__             0043a100     libcpmt:xthrow.obj
 0004:00000104       __guard_fids_??__E_Fac_tidy_reg@std@@YAXXZ 0043a104     libcpmt:locale0.obj
 0004:00000108       __guard_fids_?_Setgloballocale@locale@std@@CAXPAX@Z 0043a108     libcpmt:locale0.obj
 0004:0000010c       __guard_fids_??__Eclassic_locale@std@@YAXXZ 0043a10c     libcpmt:locale0.obj
 0004:00000110       __guard_fids__             0043a110     libcpmt:locale0.obj
 0004:0000011c       __guard_fids__             0043a11c     libcpmt:locale0.obj
 0004:00000120       __guard_fids__             0043a120     libcpmt:locale0.obj
 0004:00000124       __guard_fids_??__Einitlocks@@YAXXZ 0043a124     libcpmt:cout.obj
 0004:00000128       __guard_fids_??__Efout@std@@YAXXZ 0043a128     libcpmt:cout.obj
 0004:0000012c       __guard_fids_??__Ecout@std@@YAXXZ 0043a12c     libcpmt:cout.obj
 0004:00000130       __guard_fids__             0043a130     libcpmt:cout.obj
 0004:00000134       __guard_fids__             0043a134     libcpmt:cout.obj
 0004:00000138       __guard_fids__             0043a138     libcpmt:cout.obj
 0004:0000013c       __guard_fids__             0043a13c     libcpmt:cout.obj
 0004:00000140       __guard_fids__             0043a140     libcpmt:cout.obj
 0004:00000144       __guard_fids_??__Einitlocks@@YAXXZ 0043a144     libcpmt:cerr.obj
 0004:00000148       __guard_fids_??__Eferr@std@@YAXXZ 0043a148     libcpmt:cerr.obj
 0004:0000014c       __guard_fids_??__Ecerr@std@@YAXXZ 0043a14c     libcpmt:cerr.obj
 0004:00000150       __guard_fids__             0043a150     libcpmt:cerr.obj
 0004:00000154       __guard_fids__             0043a154     libcpmt:cerr.obj
 0004:00000158       __guard_fids__             0043a158     libcpmt:cerr.obj
 0004:0000015c       __guard_fids__             0043a15c     libcpmt:cerr.obj
 0004:00000160       __guard_fids_??__Einitlocks@std@@YAXXZ 0043a160     libcpmt:iosptrs.obj
 0004:00000164       __guard_fids_??__Einit_atexit@@YAXXZ 0043a164     libcpmt:iosptrs.obj
 0004:00000168       __guard_fids__             0043a168     libcpmt:iosptrs.obj
 0004:0000016c       __guard_fids__             0043a16c     libcpmt:iosptrs.obj
 0004:00000170       __guard_fids__             0043a170     libcpmt:winapisupp.obj
 0004:00000174       __guard_fids__             0043a174     LIBCMT:thread_safe_statics.obj
 0004:00000178       __guard_fids_?__scrt_initialize_thread_safe_statics@@YAHXZ 0043a178     LIBCMT:thread_safe_statics.obj
 0004:0000017c       __guard_fids__             0043a17c     LIBCMT:std_type_info_static.obj
 0004:00000180       __guard_fids__             0043a180     LIBCMT:exe_wwinmain.obj
 0004:00000184       __guard_fids__             0043a184     LIBCMT:exe_wwinmain.obj
 0004:00000188       __guard_fids__             0043a188     LIBCMT:exe_wwinmain.obj
 0004:0000018c       __guard_fids_?pre_c_initialization@@YAHXZ 0043a18c     LIBCMT:exe_wwinmain.obj
 0004:00000194       __guard_fids__             0043a194     LIBCMT:throw_bad_alloc.obj
 0004:0000019c       __guard_fids__             0043a19c     LIBCMT:throw_bad_alloc.obj
 0004:000001a0       __guard_fids__             0043a1a0     LIBCMT:throw_bad_alloc.obj
 0004:000001a4       __guard_fids____scrt_set_unhandled_exception_filter 0043a1a4     LIBCMT:utility_desktop.obj
 0004:000001a8       __guard_fids__             0043a1a8     LIBCMT:guard_support.obj
 0004:000001ac       __guard_fids__             0043a1ac     libvcruntime:frame.obj
 0004:000001b0       __guard_fids__             0043a1b0     libvcruntime:frame.obj
 0004:000001b8       __guard_fids__             0043a1b8     libvcruntime:frame.obj
 0004:000001bc       __guard_fids__             0043a1bc     libvcruntime:frame.obj
 0004:000001c0       __guard_fids____vcrt_initialize_ptd 0043a1c0     libvcruntime:per_thread_data.obj
