 implant

 Timestamp is 5a2b816b (Fri Dec  8 22:23:39 2017)

 Preferred load address is 00400000

 Start         Length     Name                   Class
 0001:00000000 00000bd0H .data                   CODE
 0001:00000bd0 00000540H .data$r                 CODE
 0001:00001110 000001a0H .text$di                CODE
 0001:000012b0 00026980H .text$mn                CODE
 0001:00027c30 00000220H .text$x                 CODE
 0001:00027e50 00000080H .text$yd                CODE
 0001:00027ed0 0000105cH .bss                    CODE
 0002:00000000 00000168H .idata$5                DATA
 0002:00000168 00000004H .00cfg                  DATA
 0002:0000016c 00000004H .CRT$XCA                DATA
 0002:00000170 00000004H .CRT$XCAA               DATA
 0002:00000174 0000002cH .CRT$XCC                DATA
 0002:000001a0 00000008H .CRT$XCL                DATA
 0002:000001a8 0000000cH .CRT$XCU                DATA
 0002:000001b4 00000004H .CRT$XCZ                DATA
 0002:000001b8 00000004H .CRT$XIA                DATA
 0002:000001bc 00000004H .CRT$XIAA               DATA
 0002:000001c0 00000004H .CRT$XIAC               DATA
 0002:000001c4 00000018H .CRT$XIC                DATA
 0002:000001dc 00000004H .CRT$XIZ                DATA
 0002:000001e0 00000004H .CRT$XLA                DATA
 0002:000001e4 00000004H .CRT$XLZ                DATA
 0002:000001e8 00000004H .CRT$XPA                DATA
 0002:000001ec 00000008H .CRT$XPX                DATA
 0002:000001f4 00000004H .CRT$XPXA               DATA
 0002:000001f8 00000004H .CRT$XPZ                DATA
 0002:000001fc 00000004H .CRT$XTA                DATA
 0002:00000200 00000010H .CRT$XTZ                DATA
 0002:00000210 0000c52cH .rdata                  DATA
 0002:0000c73c 00000018H .rdata$T                DATA
 0002:0000c754 00000aecH .rdata$r                DATA
 0002:0000d240 00000054H .rdata$sxdata           DATA
 0002:0000d294 00000398H .rdata$zzzdbg           DATA
 0002:0000d62c 00000004H .rtc$IAA                DATA
 0002:0000d630 00000004H .rtc$IZZ                DATA
 0002:0000d634 00000004H .rtc$TAA                DATA
 0002:0000d638 00000008H .rtc$TZZ                DATA
 0002:0000d640 00000d9cH .xdata$x                DATA
 0002:0000e3dc 00000000H .edata                  DATA
 0002:0000e3dc 0000003cH .idata$2                DATA
 0002:0000e418 00000014H .idata$3                DATA
 0002:0000e42c 00000168H .idata$4                DATA
 0002:0000e594 00000666H .idata$6                DATA
 0003:00000000 000000c0H .gfids$x                DATA
 0003:000000c0 00000104H .gfids$y                DATA
 0004:00000000 00000004H .tls                    DATA
 0004:00000004 00000004H .tls$                   DATA
 0004:00000008 00000001H .tls$ZZZ                DATA

  Address         Publics by Value              Rva+Base       Lib:Object

 0000:00000000       __except_list              00000000     <absolute>
 0000:00000000       ___guard_longjmp_count     00000000     <absolute>
 0000:00000000       ___guard_fids_count        00000000     <absolute>
 0000:00000000       ___guard_longjmp_table     00000000     <absolute>
 0000:00000000       ___guard_iat_table         00000000     <absolute>
 0000:00000000       ___guard_iat_count         00000000     <absolute>
 0000:00000000       ___guard_fids_table        00000000     <absolute>
 0000:00000000       ___dynamic_value_reloc_table 00000000     <absolute>
 0000:00000015       ___safe_se_handler_count   00000015     <absolute>
 0000:0000002c       __tls_array                0000002c     <absolute>
 0000:00000100       ___guard_flags             00000100     <absolute>
 0000:00000000       ___ImageBase               00400000     <linker-defined>
 0001:0000022c       ?_Sync@ios_base@std@@0_NA  0040122c     libcpmt:ios.obj
 0001:00000238       ?_PJP_CPP_Copyright@@3PADA 00401238     libcpmt:iosptrs.obj
 0001:0000028c       ___scrt_native_dllmain_reason 0040128c     LIBCMT:utility.obj
 0001:00000290       __Init_global_epoch        00401290     LIBCMT:thread_safe_statics.obj
 0001:00000294       ___security_cookie_complement 00401294     LIBCMT:gs_cookie.obj
 0001:00000298       ___security_cookie         00401298     LIBCMT:gs_cookie.obj
 0001:0000029c       __fltused                  0040129c     LIBCMT:fltused.obj
 0001:000002a0       ___isa_enabled             004012a0     LIBCMT:_cpu_disp_.obj
 0001:000002b0       ___scrt_default_matherr    004012b0     LIBCMT:matherr.obj
 0001:000002d0       __NLG_Destination          004012d0     libvcruntime:_exsup_.obj
 0001:000002f0       __iob                      004012f0     libucrt:_file.obj
 0001:00000398       ___acrt_lconv_static_decimal 00401398     libucrt:localeconv.obj
 0001:0000039c       ___acrt_lconv_static_W_decimal 0040139c     libucrt:localeconv.obj
 0001:000003a0       ___acrt_lconv_c            004013a0     libucrt:localeconv.obj
 0001:000003f0       ___acrt_lconv              004013f0     libucrt:localeconv.obj
 0001:000003f4       __pctype                   004013f4     libucrt:ctype.obj
 0001:000003f8       __pwctype                  004013f8     libucrt:ctype.obj
 0001:000003fc       ___abort_behavior          004013fc     libucrt:abort.obj
 0001:00000408       ___mb_cur_max              00401408     libucrt:nlsdata.obj
 0001:00000410       ___acrt_initial_locale_data 00401410     libucrt:nlsdata.obj
 0001:000004c8       ___acrt_initial_locale_pointers 004014c8     libucrt:nlsdata.obj
 0001:000004d0       ___acrt_wide_c_locale_string 004014d0     libucrt:nlsdata.obj
 0001:000004d8       ___badioinfo               004014d8     libucrt:ioinit.obj
 0001:00000508       __lookuptrailbytes         00401508     libucrt:read.obj
 0001:00000608       ___globallocalestatus      00401608     libucrt:glstatus.obj
 0001:00000790       __mbctype                  00401790     libucrt:mbctype.obj
 0001:00000898       __mbcasemap                00401898     libucrt:mbctype.obj
 0001:00000998       ___acrt_initial_multibyte_data 00401998     libucrt:mbctype.obj
 0001:00000bb8       ___acrt_current_multibyte_data 00401bb8     libucrt:mbctype.obj
 0001:00000bc0       ___dcrt_lowio_console_output_handle 00401bc0     libucrt:initcon.obj
 0001:00000bd0       ??_R0?AVruntime_error@std@@@8 00401bd0     implant.obj
 0001:00000bf0       ??_R0?AVexception@std@@@8  00401bf0     implant.obj
 0001:00000c0c       ??_R0?AVfailure@ios_base@std@@@8 00401c0c     implant.obj
 0001:00000c30       ??_R0?AVsystem_error@std@@@8 00401c30     implant.obj
 0001:00000c50       ??_R0?AV_System_error@std@@@8 00401c50     implant.obj
 0001:00000c70       ??_R0?AVbad_cast@std@@@8   00401c70     implant.obj
 0001:00000c8c       ??_R0?AVios_base@std@@@8   00401c8c     implant.obj
 0001:00000ca8       ??_R0?AV?$_Iosb@H@std@@@8  00401ca8     implant.obj
 0001:00000cc4       ??_R0?AV?$basic_ios@DU?$char_traits@D@std@@@std@@@8 00401cc4     implant.obj
 0001:00000cfc       ??_R0?AV?$basic_streambuf@DU?$char_traits@D@std@@@std@@@8 00401cfc     implant.obj
 0001:00000d38       ??_R0?AV?$basic_istream@DU?$char_traits@D@std@@@std@@@8 00401d38     implant.obj
 0001:00000d74       ??_R0?AV?$basic_filebuf@DU?$char_traits@D@std@@@std@@@8 00401d74     implant.obj
 0001:00000db0       ??_R0?AV?$basic_ifstream@DU?$char_traits@D@std@@@std@@@8 00401db0     implant.obj
 0001:00000dec       ??_R0?AV_Facet_base@std@@@8 00401dec     implant.obj
 0001:00000e0c       ??_R0?AVfacet@locale@std@@@8 00401e0c     implant.obj
 0001:00000e2c       ??_R0?AU_Crt_new_delete@std@@@8 00401e2c     implant.obj
 0001:00000e50       ??_R0?AVcodecvt_base@std@@@8 00401e50     implant.obj
 0001:00000e70       ??_R0?AUctype_base@std@@@8 00401e70     implant.obj
 0001:00000e90       ??_R0?AV?$ctype@D@std@@@8  00401e90     implant.obj
 0001:00000eac       ??_R0?AVerror_category@std@@@8 00401eac     implant.obj
 0001:00000ed0       ??_R0?AV_Generic_error_category@std@@@8 00401ed0     implant.obj
 0001:00000efc       ??_R0?AV_Iostream_error_category@std@@@8 00401efc     implant.obj
 0001:00000f28       ??_R0?AV?$num_put@DV?$ostreambuf_iterator@DU?$char_traits@D@std@@@std@@@std@@@8 00401f28     implant.obj
 0001:00000f7c       ??_R0?AV?$codecvt@DDU_Mbstatet@@@std@@@8 00401f7c     implant.obj
 0001:00000fa8       ??_R0?AV?$numpunct@D@std@@@8 00401fa8     implant.obj
 0001:00000fc8       ??_R0?AVbad_alloc@std@@@8  00401fc8     libcpmt:xthrow.obj
 0001:00000fe4       ??_R0?AVlogic_error@std@@@8 00401fe4     libcpmt:xthrow.obj
 0001:00001004       ??_R0?AVlength_error@std@@@8 00402004     libcpmt:xthrow.obj
 0001:00001024       ??_R0?AVout_of_range@std@@@8 00402024     libcpmt:xthrow.obj
 0001:00001044       ??_R0?AV_Locimp@locale@std@@@8 00402044     libcpmt:locale0.obj
 0001:00001068       ??_R0?AV?$basic_ostream@DU?$char_traits@D@std@@@std@@@8 00402068     libcpmt:cout.obj
 0001:000010a4       ??_R0?AVtype_info@@@8      004020a4     LIBCMT:std_type_info_static.obj
 0001:000010bc       ??_R0?AVbad_array_new_length@std@@@8 004020bc     LIBCMT:throw_bad_alloc.obj
 0001:000010e4       ??_R0?AVbad_exception@std@@@8 004020e4     libvcruntime:frame.obj
 0001:000013c0       _wWinMain@16               004023c0 f   implant.obj
 0001:00001490       ?sendHeartbeat@@YAXXZ      00402490 f   implant.obj
 0001:000015d0       ?sendFile@@YAXPAD0@Z       004025d0 f   implant.obj
 0001:00001940       ?registerImplant@@YAXXZ    00402940 f   implant.obj
 0001:00001b10       ?getMacAddr@@YAXPAPAD@Z    00402b10 f   implant.obj
 0001:00001c00       ?recvResponse@@YAHPAX@Z    00402c00 f   implant.obj
 0001:00001ce0       ?parseResponse@@YAHPAD@Z   00402ce0 f   implant.obj
 0001:00001d90       ?getFileData@@YAPADV?$basic_string@DU?$char_traits@D@std@@V?$allocator@D@2@@std@@PAH@Z 00402d90 f   implant.obj
 0001:00001ea0       ?runImager@@YAXPBD@Z       00402ea0 f   implant.obj
 0001:00001f10       ??$?0$$V@?$_Compressed_pair@U?$_Wrap_alloc@V?$allocator@D@std@@@std@@V?$_String_val@U?$_Simple_types@D@std@@@2@$00@std@@QAE@U_Zero_then_variadic_args_t@1@@Z 00402f10 f i implant.obj
 0001:00001f30       ??$?0$$V@?$_Compressed_pair@U?$_Wrap_alloc@V?$allocator@D@std@@@std@@V?$_Vector_val@U?$_Simple_types@D@std@@@2@$00@std@@QAE@U_Zero_then_variadic_args_t@1@@Z 00402f30 f i implant.obj
 0001:00001f50       ??$?0PADX@?$basic_string@DU?$char_traits@D@std@@V?$allocator@D@2@@std@@QAE@PAD0ABV?$allocator@D@1@@Z 00402f50 f i implant.obj
 0001:00001fb0       ??$?0ABV?$allocator@D@std@@$$V@?$_Compressed_pair@U?$_Wrap_alloc@V?$allocator@D@std@@@std@@V?$_String_val@U?$_Simple_types@D@std@@@2@$00@std@@QAE@U_One_then_variadic_args_t@1@ABV?$allocator@D@1@@Z 00402fb0 f i implant.obj
 0001:00001fb0       ??$?0U?$_Wrap_alloc@V?$allocator@D@std@@@std@@$$V@?$_Compressed_pair@U?$_Wrap_alloc@V?$allocator@D@std@@@std@@V?$_String_val@U?$_Simple_types@D@std@@@2@$00@std@@QAE@U_One_then_variadic_args_t@1@$$QAU?$_Wrap_alloc@V?$allocator@D@std@@@1@@Z 00402fb0 f i implant.obj
 0001:00001fe0       ??$?0ABV?$allocator@D@std@@X@?$_String_alloc@U?$_String_base_types@DV?$allocator@D@std@@@std@@@std@@QAE@ABV?$allocator@D@1@@Z 00402fe0 f i implant.obj
 0001:00001fe0       ??$?0U?$_Wrap_alloc@V?$allocator@D@std@@@std@@X@?$_String_alloc@U?$_String_base_types@DV?$allocator@D@std@@@std@@@std@@QAE@$$QAU?$_Wrap_alloc@V?$allocator@D@std@@@1@@Z 00402fe0 f i implant.obj
 0001:00002010       ??$?0V?$_Vector_iterator@V?$_Vector_val@U?$_Simple_types@D@std@@@std@@@std@@X@?$basic_string@DU?$char_traits@D@std@@V?$allocator@D@2@@std@@QAE@V?$_Vector_iterator@V?$_Vector_val@U?$_Simple_types@D@std@@@std@@@1@0ABV?$allocator@D@1@@Z 00403010 f i implant.obj
 0001:00002070       ??0?$_Wrap_alloc@V?$allocator@D@std@@@std@@QAE@$$QAU01@@Z 00403070 f i implant.obj
 0001:00002070       ??$?0V?$allocator@D@std@@@?$_Wrap_alloc@V?$allocator@D@std@@@std@@QAE@$$QAV?$allocator@D@1@@Z 00403070 f i implant.obj
 0001:00002070       ??$?0ABV?$allocator@D@std@@@?$_Wrap_alloc@V?$allocator@D@std@@@std@@QAE@ABV?$allocator@D@1@@Z 00403070 f i implant.obj
 0001:000020a0       ??$?6U?$char_traits@D@std@@@std@@YAAAV?$basic_ostream@DU?$char_traits@D@std@@@0@AAV10@PBD@Z 004030a0 f i implant.obj
 0001:00002380       ??$?8DD@std@@YA_NABV?$allocator@D@0@0@Z 00403380 f i implant.obj
 0001:00002390       ??$?8V?$allocator@D@std@@V01@@std@@YA_NABU?$_Wrap_alloc@V?$allocator@D@std@@@0@0@Z 00403390 f i implant.obj
 0001:000023b0       ??$?9DD@std@@YA_NABV?$allocator@D@0@0@Z 004033b0 f i implant.obj
 0001:000023c0       ??$?9V?$allocator@D@std@@V01@@std@@YA_NABU?$_Wrap_alloc@V?$allocator@D@std@@@0@0@Z 004033c0 f i implant.obj
 0001:00002400       ??$_Destroy_range@V?$allocator@D@std@@PAD@std@@YAXPAD0AAU?$_Wrap_alloc@V?$allocator@D@std@@@0@@Z 00403400 f i implant.obj
 0001:00002430       ??$_Fgetc@D@std@@YA_NAADPAU_iobuf@@@Z 00403430 f i implant.obj
 0001:00002460       ??$_Fputc@D@std@@YA_NDPAU_iobuf@@@Z 00403460 f i implant.obj
 0001:000024a0       ??$_Getvals@D@?$numpunct@D@std@@IAEXDPBUlconv@@U_Cvtvec@@@Z 004034a0 f i implant.obj
 0001:00002500       ??$_Immortalize@V_Iostream_error_category@std@@@std@@YAAAV_Iostream_error_category@0@XZ 00403500 f i implant.obj
 0001:00002560       ??$_Integral_to_string@DK@std@@YA?AV?$basic_string@DU?$char_traits@D@std@@V?$allocator@D@2@@0@K@Z 00403560 f i implant.obj
 0001:00002600       ??$_Maklocchr@D@std@@YADDPADABU_Cvtvec@@@Z 00403600 f i implant.obj
 0001:00002610       ??$_Maklocstr@D@std@@YAPADPBDPADABU_Cvtvec@@@Z 00403610 f i implant.obj
 0001:00002680       ??$_Pocca@U?$_Wrap_alloc@V?$allocator@D@std@@@std@@@std@@YAXAAU?$_Wrap_alloc@V?$allocator@D@std@@@0@ABU10@@Z 00403680 f i implant.obj
 0001:000026a0       ??$_UIntegral_to_buff@DK@std@@YAPADPADK@Z 004036a0 f i implant.obj
 0001:00002760       ??$_Unchecked@V?$_Vector_val@U?$_Simple_types@D@std@@@std@@@std@@YAPADV?$_Vector_iterator@V?$_Vector_val@U?$_Simple_types@D@std@@@std@@@0@@Z 00403760 f i implant.obj
 0001:00002770       ??$_Ungetc@D@std@@YA_NABDPAU_iobuf@@@Z 00403770 f i implant.obj
 0001:000027b0       ??$_Uninitialized_default_fill_n1@PADIV?$allocator@D@std@@@std@@YAXPADIAAU?$_Wrap_alloc@V?$allocator@D@std@@@0@U?$integral_constant@_N$00@0@@Z 004037b0 f i implant.obj
 0001:000027d0       ??$_Uninitialized_default_fill_n@PADIV?$allocator@D@std@@@std@@YAXPADIAAU?$_Wrap_alloc@V?$allocator@D@std@@@0@@Z 004037d0 f i implant.obj
 0001:00002800       ??$_Pocca@U?$_Wrap_alloc@V?$allocator@D@std@@@std@@@std@@YAXAAU?$_Wrap_alloc@V?$allocator@D@std@@@0@ABU10@U?$integral_constant@_N$0A@@0@@Z 00403800 f i implant.obj
 0001:00002800       ??$_Destroy_range1@V?$allocator@D@std@@PAD@std@@YAXPAD0AAU?$_Wrap_alloc@V?$allocator@D@std@@@0@U?$integral_constant@_N$00@0@@Z 00403800 f i implant.obj
 0001:00002800       ??$__vcrt_va_start_verify_argument_type@QBD@@YAXXZ 00403800 f i implant.obj
 0001:00002810       ??$construct@PADAAPAD@?$_Wrap_alloc@V?$allocator@D@std@@@std@@QAEXPAPADAAPAD@Z 00403810 f i implant.obj
 0001:00002840       ??$construct@PADAAPAD@?$allocator@D@std@@QAEXPAPADAAPAD@Z 00403840 f i implant.obj
 0001:00002890       ??$construct@PADAAPAD@?$allocator_traits@V?$allocator@D@std@@@std@@SAXAAV?$allocator@D@1@PAPADAAPAD@Z 00403890 f i implant.obj
 0001:000028b0       ??$destroy@PAD@?$_Wrap_alloc@V?$allocator@D@std@@@std@@QAEXPAPAD@Z 004038b0 f i implant.obj
 0001:000028d0       ??$destroy@PAD@?$allocator_traits@V?$allocator@D@std@@@std@@SAXAAV?$allocator@D@1@PAPAD@Z 004038d0 f i implant.obj
 0001:000028f0       ??$end@D$0BF@@std@@YAPADAAY0BF@D@Z 004038f0 f i implant.obj
 0001:00002900       ??$endl@DU?$char_traits@D@std@@@std@@YAAAV?$basic_ostream@DU?$char_traits@D@std@@@0@AAV10@@Z 00403900 f i implant.obj
 0001:00002930       ??$_Unchecked@PAD@std@@YAPADPAD@Z 00403930 f i implant.obj
 0001:00002930       ??$addressof@D@std@@YAPADAAD@Z 00403930 f i implant.obj
 0001:00002930       ??$forward@V?$allocator@D@std@@@std@@YA$$QAV?$allocator@D@0@AAV10@@Z 00403930 f i implant.obj
 0001:00002930       ??$move@AAU?$_Wrap_alloc@V?$allocator@D@std@@@std@@@std@@YA$$QAU?$_Wrap_alloc@V?$allocator@D@std@@@0@AAU10@@Z 00403930 f i implant.obj
 0001:00002930       ??$_Unfancy@D@std@@YAPADPAD@Z 00403930 f i implant.obj
 0001:00002930       ??$forward@V?$basic_string@DU?$char_traits@D@std@@V?$allocator@D@2@@std@@@std@@YA$$QAV?$basic_string@DU?$char_traits@D@std@@V?$allocator@D@2@@0@AAV10@@Z 00403930 f i implant.obj
 0001:00002930       ??$forward@AAPAD@std@@YAAAPADAAPAD@Z 00403930 f i implant.obj
 0001:00002930       ??$forward@ABV?$allocator@D@std@@@std@@YAABV?$allocator@D@0@ABV10@@Z 00403930 f i implant.obj
 0001:00002930       ??$addressof@PAD@std@@YAPAPADAAPAD@Z 00403930 f i implant.obj
 0001:00002930       ??$forward@U?$_Wrap_alloc@V?$allocator@D@std@@@std@@@std@@YA$$QAU?$_Wrap_alloc@V?$allocator@D@std@@@0@AAU10@@Z 00403930 f i implant.obj
 0001:00002940       ??$use_facet@V?$codecvt@DDU_Mbstatet@@@std@@@std@@YAABV?$codecvt@DDU_Mbstatet@@@0@ABVlocale@0@@Z 00403940 f i implant.obj
 0001:00002a00       ??$use_facet@V?$ctype@D@std@@@std@@YAABV?$ctype@D@0@ABVlocale@0@@Z 00403a00 f i implant.obj
 0001:00002ac0       ??$use_facet@V?$num_put@DV?$ostreambuf_iterator@DU?$char_traits@D@std@@@std@@@std@@@std@@YAABV?$num_put@DV?$ostreambuf_iterator@DU?$char_traits@D@std@@@std@@@0@ABVlocale@0@@Z 00403ac0 f i implant.obj
 0001:00002b80       ??$use_facet@V?$numpunct@D@std@@@std@@YAABV?$numpunct@D@0@ABVlocale@0@@Z 00403b80 f i implant.obj
 0001:00002c40       ??0?$_Immortalizer@V_Iostream_error_category@std@@@std@@QAE@XZ 00403c40 f i implant.obj
 0001:00002c80       ??0?$_String_alloc@U?$_String_base_types@DV?$allocator@D@std@@@std@@@std@@QAE@XZ 00403c80 f i implant.obj
 0001:00002ca0       ??0?$_String_val@U?$_Simple_types@D@std@@@std@@QAE@XZ 00403ca0 f i implant.obj
 0001:00002cd0       ??0?$_Vector_alloc@U?$_Vec_base_types@DV?$allocator@D@std@@@std@@@std@@QAE@XZ 00403cd0 f i implant.obj
 0001:00002cf0       ??0?$_Vector_const_iterator@V?$_Vector_val@U?$_Simple_types@D@std@@@std@@@std@@QAE@PADPBU_Container_base0@1@@Z 00403cf0 f i implant.obj
 0001:00002cf0       ??0?$_String_const_iterator@V?$_String_val@U?$_Simple_types@D@std@@@std@@@std@@QAE@PBDPBU_Container_base0@1@@Z 00403cf0 f i implant.obj
 0001:00002d20       ??0?$_String_iterator@V?$_String_val@U?$_Simple_types@D@std@@@std@@@std@@QAE@PADPBU_Container_base0@1@@Z 00403d20 f i implant.obj
 0001:00002d20       ??0?$_Vector_iterator@V?$_Vector_val@U?$_Simple_types@D@std@@@std@@@std@@QAE@PADPBU_Container_base0@1@@Z 00403d20 f i implant.obj
 0001:00002d40       ??0?$_Vector_val@U?$_Simple_types@D@std@@@std@@QAE@XZ 00403d40 f i implant.obj
 0001:00002d70       ??0?$_Wrap_alloc@V?$allocator@D@std@@@std@@QAE@XZ 00403d70 f i implant.obj
 0001:00002d90       ??0?$_Yarn@D@std@@QAE@XZ   00403d90 f i implant.obj
 0001:00002db0       ??0?$_Yarn@_W@std@@QAE@XZ  00403db0 f i implant.obj
 0001:00002dd0       ??0?$allocator@D@std@@QAE@ABV01@@Z 00403dd0 f i implant.obj
 0001:00002de0       ??0?$basic_filebuf@DU?$char_traits@D@std@@@std@@QAE@PAU_iobuf@@@Z 00403de0 f i implant.obj
 0001:00002e10       ??0?$basic_ifstream@DU?$char_traits@D@std@@@std@@QAE@ABV?$basic_string@DU?$char_traits@D@std@@V?$allocator@D@2@@1@HH@Z 00403e10 f i implant.obj
 0001:00002ed0       ??0?$basic_ios@DU?$char_traits@D@std@@@std@@IAE@XZ 00403ed0 f i implant.obj
 0001:00002ef0       ??0?$basic_istream@DU?$char_traits@D@std@@@std@@QAE@PAV?$basic_streambuf@DU?$char_traits@D@std@@@1@_N@Z 00403ef0 f i implant.obj
 0001:00002f80       ??0?$basic_streambuf@DU?$char_traits@D@std@@@std@@IAE@XZ 00403f80 f i implant.obj
 0001:00002fe0       ??0?$basic_string@DU?$char_traits@D@std@@V?$allocator@D@2@@std@@QAE@$$QAV01@@Z 00403fe0 f i implant.obj
 0001:00003030       ??0?$basic_string@DU?$char_traits@D@std@@V?$allocator@D@2@@std@@QAE@ABV01@@Z 00404030 f i implant.obj
 0001:00003090       ??0?$basic_string@DU?$char_traits@D@std@@V?$allocator@D@2@@std@@QAE@ID@Z 00404090 f i implant.obj
 0001:000030d0       ??0?$basic_string@DU?$char_traits@D@std@@V?$allocator@D@2@@std@@QAE@PBD@Z 004040d0 f i implant.obj
 0001:00003100       ??0?$basic_string@DU?$char_traits@D@std@@V?$allocator@D@2@@std@@QAE@XZ 00404100 f i implant.obj
 0001:00003130       ??0?$codecvt@DDU_Mbstatet@@@std@@QAE@ABV_Locinfo@1@I@Z 00404130 f i implant.obj
 0001:00003170       ??0?$ctype@D@std@@QAE@ABV_Locinfo@1@I@Z 00404170 f i implant.obj
 0001:000031b0       ??0?$fpos@U_Mbstatet@@@std@@QAE@U_Mbstatet@@_J@Z 004041b0 f i implant.obj
 0001:000031f0       ??0?$fpos@U_Mbstatet@@@std@@QAE@_J@Z 004041f0 f i implant.obj
 0001:00003230       ??0?$num_put@DV?$ostreambuf_iterator@DU?$char_traits@D@std@@@std@@@std@@QAE@ABV_Locinfo@1@I@Z 00404230 f i implant.obj
 0001:00003270       ??0?$numpunct@D@std@@QAE@ABV_Locinfo@1@I_N@Z 00404270 f i implant.obj
 0001:000032b0       ??0?$ostreambuf_iterator@DU?$char_traits@D@std@@@std@@QAE@PAV?$basic_streambuf@DU?$char_traits@D@std@@@1@@Z 004042b0 f i implant.obj
 0001:000032d0       ??0?$vector@DV?$allocator@D@std@@@std@@QAE@I@Z 004042d0 f i implant.obj
 0001:000033a0       ??0_Facet_base@std@@QAE@XZ 004043a0 f i implant.obj
 0001:000033c0       ??0_Generic_error_category@std@@QAE@XZ 004043c0 f i implant.obj
 0001:000033f0       ??0_Iostream_error_category@std@@QAE@XZ 004043f0 f i implant.obj
 0001:00003420       ??0_Locinfo@std@@QAE@PBD@Z 00404420 f i implant.obj
 0001:000034b0       ??0_Sentry_base@?$basic_ostream@DU?$char_traits@D@std@@@std@@QAE@AAV12@@Z 004044b0 f i implant.obj
 0001:000034b0       ??0_Sentry_base@?$basic_istream@DU?$char_traits@D@std@@@std@@QAE@AAV12@@Z 004044b0 f i implant.obj
 0001:00003510       ??0_System_error@std@@IAE@Verror_code@1@ABV?$basic_string@DU?$char_traits@D@std@@V?$allocator@D@2@@1@@Z 00404510 f i implant.obj
 0001:00003590       ??0_System_error@std@@QAE@ABV01@@Z 00404590 f i implant.obj
 0001:000035d0       ??0bad_cast@std@@QAE@ABV01@@Z 004045d0 f i implant.obj
 0001:00003600       ??0bad_cast@std@@QAE@XZ    00404600 f i implant.obj
 0001:00003630       ??0codecvt_base@std@@QAE@I@Z 00404630 f i implant.obj
 0001:00003660       ??0ctype_base@std@@QAE@I@Z 00404660 f i implant.obj
 0001:00003690       ??0error_category@std@@QAE@XZ 00404690 f i implant.obj
 0001:000036b0       ??0error_condition@std@@QAE@HABVerror_category@1@@Z 004046b0 f i implant.obj
 0001:000036b0       ??0error_code@std@@QAE@HABVerror_category@1@@Z 004046b0 f i implant.obj
 0001:000036e0       ??0exception@std@@QAE@ABV01@@Z 004046e0 f i implant.obj
 0001:00003720       ??0exception@std@@QAE@QBD@Z 00404720 f i implant.obj
 0001:00003770       ??0exception@std@@QAE@QBDH@Z 00404770 f i implant.obj
 0001:000037a0       ??0facet@locale@std@@IAE@I@Z 004047a0 f i implant.obj
 0001:000037e0       ??0failure@ios_base@std@@QAE@ABV012@@Z 004047e0 f i implant.obj
 0001:00003810       ??0failure@ios_base@std@@QAE@PBDABVerror_code@2@@Z 00404810 f i implant.obj
 0001:00003840       ??0id@locale@std@@QAE@I@Z  00404840 f i implant.obj
 0001:00003860       ??0ios_base@std@@IAE@XZ    00404860 f i implant.obj
 0001:00003880       ??0locale@std@@QAE@ABV01@@Z 00404880 f i implant.obj
 0001:000038b0       ??0locale@std@@QAE@XZ      004048b0 f i implant.obj
 0001:000038d0       ??0runtime_error@std@@QAE@ABV01@@Z 004048d0 f i implant.obj
 0001:00003900       ??0runtime_error@std@@QAE@ABV?$basic_string@DU?$char_traits@D@std@@V?$allocator@D@2@@1@@Z 00404900 f i implant.obj
 0001:00003930       ??0runtime_error@std@@QAE@PBD@Z 00404930 f i implant.obj
 0001:00003960       ??0sentry@?$basic_istream@DU?$char_traits@D@std@@@std@@QAE@AAV12@_N@Z 00404960 f i implant.obj
 0001:000039a0       ??0sentry@?$basic_ostream@DU?$char_traits@D@std@@@std@@QAE@AAV12@@Z 004049a0 f i implant.obj
 0001:00003a30       ??0system_error@std@@QAE@ABV01@@Z 00404a30 f i implant.obj
 0001:00003a60       ??0system_error@std@@QAE@Verror_code@1@PBD@Z 00404a60 f i implant.obj
 0001:00003ac0       ??1?$_Compressed_pair@U?$_Wrap_alloc@V?$allocator@D@std@@@std@@V?$_String_val@U?$_Simple_types@D@std@@@2@$00@std@@QAE@XZ 00404ac0 f i implant.obj
 0001:00003ae0       ??1?$_String_alloc@U?$_String_base_types@DV?$allocator@D@std@@@std@@@std@@QAE@XZ 00404ae0 f i implant.obj
 0001:00003b00       ??1?$_String_val@U?$_Simple_types@D@std@@@std@@QAE@XZ 00404b00 f i implant.obj
 0001:00003b20       ??1?$_Yarn@_W@std@@QAE@XZ  00404b20 f i implant.obj
 0001:00003b20       ??1?$_Yarn@D@std@@QAE@XZ   00404b20 f i implant.obj
 0001:00003b40       ??1?$basic_filebuf@DU?$char_traits@D@std@@@std@@UAE@XZ 00404b40 f i implant.obj
 0001:00003b80       ??1?$basic_ifstream@DU?$char_traits@D@std@@@std@@UAE@XZ 00404b80 f i implant.obj
 0001:00003be0       ??1?$basic_ios@DU?$char_traits@D@std@@@std@@UAE@XZ 00404be0 f i implant.obj
 0001:00003c00       ??1?$basic_istream@DU?$char_traits@D@std@@@std@@UAE@XZ 00404c00 f i implant.obj
 0001:00003c40       ??1?$basic_streambuf@DU?$char_traits@D@std@@@std@@UAE@XZ 00404c40 f i implant.obj
 0001:00003c90       ??1?$basic_string@DU?$char_traits@D@std@@V?$allocator@D@2@@std@@QAE@XZ 00404c90 f i implant.obj
 0001:00003cb0       ??1?$codecvt@DDU_Mbstatet@@@std@@MAE@XZ 00404cb0 f i implant.obj
 0001:00003cd0       ??1?$ctype@D@std@@MAE@XZ   00404cd0 f i implant.obj
 0001:00003d00       ??1?$num_put@DV?$ostreambuf_iterator@DU?$char_traits@D@std@@@std@@@std@@MAE@XZ 00404d00 f i implant.obj
 0001:00003d20       ??1?$numpunct@D@std@@MAE@XZ 00404d20 f i implant.obj
 0001:00003d50       ??1?$vector@DV?$allocator@D@std@@@std@@QAE@XZ 00404d50 f i implant.obj
 0001:00003d70       ??1_Facet_base@std@@UAE@XZ 00404d70 f i implant.obj
 0001:00003d90       ??1_Generic_error_category@std@@UAE@XZ 00404d90 f i implant.obj
 0001:00003db0       ??1_Iostream_error_category@std@@UAE@XZ 00404db0 f i implant.obj
 0001:00003dd0       ??1_Locinfo@std@@QAE@XZ    00404dd0 f i implant.obj
 0001:00003e40       ??1_Sentry_base@?$basic_istream@DU?$char_traits@D@std@@@std@@QAE@XZ 00404e40 f i implant.obj
 0001:00003e40       ??1_Sentry_base@?$basic_ostream@DU?$char_traits@D@std@@@std@@QAE@XZ 00404e40 f i implant.obj
 0001:00003ea0       ??1_System_error@std@@UAE@XZ 00404ea0 f i implant.obj
 0001:00003ec0       ??1codecvt_base@std@@UAE@XZ 00404ec0 f i implant.obj
 0001:00003ee0       ??1ctype_base@std@@UAE@XZ  00404ee0 f i implant.obj
 0001:00003f00       ??1error_category@std@@UAE@XZ 00404f00 f i implant.obj
 0001:00003f20       ??1exception@std@@UAE@XZ   00404f20 f i implant.obj
 0001:00003f50       ??1facet@locale@std@@MAE@XZ 00404f50 f i implant.obj
 0001:00003f70       ??1failure@ios_base@std@@UAE@XZ 00404f70 f i implant.obj
 0001:00003f90       ??1ios_base@std@@UAE@XZ    00404f90 f i implant.obj
 0001:00003fb0       ??1locale@std@@QAE@XZ      00404fb0 f i implant.obj
 0001:00004010       ??1bad_cast@std@@UAE@XZ    00405010 f i implant.obj
 0001:00004010       ??1runtime_error@std@@UAE@XZ 00405010 f i implant.obj
 0001:00004030       ??1sentry@?$basic_istream@DU?$char_traits@D@std@@@std@@QAE@XZ 00405030 f i implant.obj
 0001:00004050       ??1sentry@?$basic_ostream@DU?$char_traits@D@std@@@std@@QAE@XZ 00405050 f i implant.obj
 0001:00004080       ??1system_error@std@@UAE@XZ 00405080 f i implant.obj
 0001:000040a0       ??2@YAPAXIPAX@Z            004050a0 f i implant.obj
 0001:000040b0       ??4?$basic_string@DU?$char_traits@D@std@@V?$allocator@D@2@@std@@QAEAAV01@ABV01@@Z 004050b0 f i implant.obj
 0001:00004120       ??4?$ostreambuf_iterator@DU?$char_traits@D@std@@@std@@QAEAAV01@D@Z 00405120 f i implant.obj
 0001:00004180       ??6?$basic_ostream@DU?$char_traits@D@std@@@std@@QAEAAV01@K@Z 00405180 f i implant.obj
 0001:000042f0       ??6?$basic_ostream@DU?$char_traits@D@std@@@std@@QAEAAV01@P6AAAV01@AAV01@@Z@Z 004052f0 f i implant.obj
 0001:00004310       ??8error_category@std@@QBE_NABV01@@Z 00405310 f i implant.obj
 0001:00004340       ??8std@@YA_NABVerror_condition@0@0@Z 00405340 f i implant.obj
 0001:000043a0       ??A?$basic_string@DU?$char_traits@D@std@@V?$allocator@D@2@@std@@QAEAADI@Z 004053a0 f i implant.obj
 0001:000043a0       ??A?$basic_string@DU?$char_traits@D@std@@V?$allocator@D@2@@std@@QBEABDI@Z 004053a0 f i implant.obj
 0001:000043c0       ??A?$vector@DV?$allocator@D@std@@@std@@QAEAADI@Z 004053c0 f i implant.obj
 0001:000043e0       ??B?$fpos@U_Mbstatet@@@std@@QBE_JXZ 004053e0 f i implant.obj
 0001:00004410       ??Bid@locale@std@@QAEIXZ   00405410 f i implant.obj
 0001:00004460       ??Bsentry@?$basic_ostream@DU?$char_traits@D@std@@@std@@QBE_NXZ 00405460 f i implant.obj
 0001:00004460       ??Bsentry@?$basic_istream@DU?$char_traits@D@std@@@std@@QBE_NXZ 00405460 f i implant.obj
 0001:00004480       ?_Unchecked@?$_Vector_iterator@V?$_Vector_val@U?$_Simple_types@D@std@@@std@@@std@@QBEPADXZ 00405480 f i implant.obj
 0001:00004480       ??D?$_String_const_iterator@V?$_String_val@U?$_Simple_types@D@std@@@std@@@std@@QBEABDXZ 00405480 f i implant.obj
 0001:00004480       ?value@error_condition@std@@QBEHXZ 00405480 f i implant.obj
 0001:00004480       ?value@error_code@std@@QBEHXZ 00405480 f i implant.obj
 0001:00004490       ??D?$_String_iterator@V?$_String_val@U?$_Simple_types@D@std@@@std@@@std@@QBEAADXZ 00405490 f i implant.obj
 0001:000044b0       ?_Get_first@?$_Compressed_pair@U?$_Wrap_alloc@V?$allocator@D@std@@@std@@V?$_String_val@U?$_Simple_types@D@std@@@2@$00@std@@QAEAAU?$_Wrap_alloc@V?$allocator@D@std@@@2@XZ 004054b0 f i implant.obj
 0001:000044b0       ??0?$allocator@D@std@@QAE@XZ 004054b0 f i implant.obj
 0001:000044b0       ??0_Bxty@?$_String_val@U?$_Simple_types@D@std@@@std@@QAE@XZ 004054b0 f i implant.obj
 0001:000044b0       ?_Get_second@?$_Compressed_pair@U?$_Wrap_alloc@V?$allocator@D@std@@@std@@V?$_String_val@U?$_Simple_types@D@std@@@2@$00@std@@QAEAAV?$_String_val@U?$_Simple_types@D@std@@@2@XZ 004054b0 f i implant.obj
 0001:000044b0       ?_Get_first@?$_Compressed_pair@U?$_Wrap_alloc@V?$allocator@D@std@@@std@@V?$_Vector_val@U?$_Simple_types@D@std@@@2@$00@std@@QBEABU?$_Wrap_alloc@V?$allocator@D@std@@@2@XZ 004054b0 f i implant.obj
 0001:000044b0       ?_Get_first@?$_Compressed_pair@U?$_Wrap_alloc@V?$allocator@D@std@@@std@@V?$_String_val@U?$_Simple_types@D@std@@@2@$00@std@@QBEABU?$_Wrap_alloc@V?$allocator@D@std@@@2@XZ 004054b0 f i implant.obj
 0001:000044b0       ??D?$ostreambuf_iterator@DU?$char_traits@D@std@@@std@@QAEAAV01@XZ 004054b0 f i implant.obj
 0001:000044b0       ?_Get_second@?$_Compressed_pair@U?$_Wrap_alloc@V?$allocator@D@std@@@std@@V?$_String_val@U?$_Simple_types@D@std@@@2@$00@std@@QBEABV?$_String_val@U?$_Simple_types@D@std@@@2@XZ 004054b0 f i implant.obj
 0001:000044b0       ?_Get_first@?$_Compressed_pair@U?$_Wrap_alloc@V?$allocator@D@std@@@std@@V?$_Vector_val@U?$_Simple_types@D@std@@@2@$00@std@@QAEAAU?$_Wrap_alloc@V?$allocator@D@std@@@2@XZ 004054b0 f i implant.obj
 0001:000044b0       ?_Get_second@?$_Compressed_pair@U?$_Wrap_alloc@V?$allocator@D@std@@@std@@V?$_Vector_val@U?$_Simple_types@D@std@@@2@$00@std@@QAEAAV?$_Vector_val@U?$_Simple_types@D@std@@@2@XZ 004054b0 f i implant.obj
 0001:000044b0       ??E?$ostreambuf_iterator@DU?$char_traits@D@std@@@std@@QAEAAV01@XZ 004054b0 f i implant.obj
 0001:000044c0       ??_D?$basic_ifstream@DU?$char_traits@D@std@@@std@@QAEXXZ 004054c0 f i implant.obj
 0001:000044f0       ??_D?$basic_istream@DU?$char_traits@D@std@@@std@@QAEXXZ 004054f0 f i implant.obj
 0001:00004511       ??_E?$basic_ifstream@DU?$char_traits@D@std@@@std@@$4PPPPPPPM@A@AEPAXI@Z 00405511 f i implant.obj
 0001:00004519       ??_E?$basic_istream@DU?$char_traits@D@std@@@std@@$4PPPPPPPM@A@AEPAXI@Z 00405519 f i implant.obj
 0001:00004530       ??_E?$basic_filebuf@DU?$char_traits@D@std@@@std@@UAEPAXI@Z 00405530 f i implant.obj
 0001:00004530       ??_G?$basic_filebuf@DU?$char_traits@D@std@@@std@@UAEPAXI@Z 00405530 f i implant.obj
 0001:00004560       ??_E?$basic_ifstream@DU?$char_traits@D@std@@@std@@UAEPAXI@Z 00405560 f i implant.obj
 0001:00004560       ??_G?$basic_ifstream@DU?$char_traits@D@std@@@std@@UAEPAXI@Z 00405560 f i implant.obj
 0001:000045a0       ??_G?$basic_ios@DU?$char_traits@D@std@@@std@@UAEPAXI@Z 004055a0 f i implant.obj
 0001:000045a0       ??_E?$basic_ios@DU?$char_traits@D@std@@@std@@UAEPAXI@Z 004055a0 f i implant.obj
 0001:000045d0       ??_E?$basic_istream@DU?$char_traits@D@std@@@std@@UAEPAXI@Z 004055d0 f i implant.obj
 0001:000045d0       ??_G?$basic_istream@DU?$char_traits@D@std@@@std@@UAEPAXI@Z 004055d0 f i implant.obj
 0001:00004610       ??_G?$basic_streambuf@DU?$char_traits@D@std@@@std@@UAEPAXI@Z 00405610 f i implant.obj
 0001:00004610       ??_E?$basic_streambuf@DU?$char_traits@D@std@@@std@@UAEPAXI@Z 00405610 f i implant.obj
 0001:00004640       ??_E?$codecvt@DDU_Mbstatet@@@std@@MAEPAXI@Z 00405640 f i implant.obj
 0001:00004640       ??_G?$codecvt@DDU_Mbstatet@@@std@@MAEPAXI@Z 00405640 f i implant.obj
 0001:00004670       ??_E?$ctype@D@std@@MAEPAXI@Z 00405670 f i implant.obj
 0001:00004670       ??_G?$ctype@D@std@@MAEPAXI@Z 00405670 f i implant.obj
 0001:000046a0       ??_G?$num_put@DV?$ostreambuf_iterator@DU?$char_traits@D@std@@@std@@@std@@MAEPAXI@Z 004056a0 f i implant.obj
 0001:000046a0       ??_E?$num_put@DV?$ostreambuf_iterator@DU?$char_traits@D@std@@@std@@@std@@MAEPAXI@Z 004056a0 f i implant.obj
 0001:000046d0       ??_E?$numpunct@D@std@@MAEPAXI@Z 004056d0 f i implant.obj
 0001:000046d0       ??_G?$numpunct@D@std@@MAEPAXI@Z 004056d0 f i implant.obj
 0001:00004700       ??_E_Facet_base@std@@UAEPAXI@Z 00405700 f i implant.obj
 0001:00004700       ??_G_Facet_base@std@@UAEPAXI@Z 00405700 f i implant.obj
 0001:00004730       ??_G_Generic_error_category@std@@UAEPAXI@Z 00405730 f i implant.obj
 0001:00004730       ??_E_Generic_error_category@std@@UAEPAXI@Z 00405730 f i implant.obj
 0001:00004760       ??_G_Iostream_error_category@std@@UAEPAXI@Z 00405760 f i implant.obj
 0001:00004760       ??_E_Iostream_error_category@std@@UAEPAXI@Z 00405760 f i implant.obj
 0001:00004790       ??_E_System_error@std@@UAEPAXI@Z 00405790 f i implant.obj
 0001:00004790       ??_G_System_error@std@@UAEPAXI@Z 00405790 f i implant.obj
 0001:000047c0       ??_Ecodecvt_base@std@@UAEPAXI@Z 004057c0 f i implant.obj
 0001:000047c0       ??_Gcodecvt_base@std@@UAEPAXI@Z 004057c0 f i implant.obj
 0001:000047f0       ??_Gctype_base@std@@UAEPAXI@Z 004057f0 f i implant.obj
 0001:000047f0       ??_Ectype_base@std@@UAEPAXI@Z 004057f0 f i implant.obj
 0001:00004820       ??_Eerror_category@std@@UAEPAXI@Z 00405820 f i implant.obj
 0001:00004820       ??_Gerror_category@std@@UAEPAXI@Z 00405820 f i implant.obj
 0001:00004850       ??_Gexception@std@@UAEPAXI@Z 00405850 f i implant.obj
 0001:00004850       ??_Eexception@std@@UAEPAXI@Z 00405850 f i implant.obj
 0001:00004880       ??_Efacet@locale@std@@MAEPAXI@Z 00405880 f i implant.obj
 0001:00004880       ??_Gfacet@locale@std@@MAEPAXI@Z 00405880 f i implant.obj
 0001:000048b0       ??_Efailure@ios_base@std@@UAEPAXI@Z 004058b0 f i implant.obj
 0001:000048b0       ??_Gfailure@ios_base@std@@UAEPAXI@Z 004058b0 f i implant.obj
 0001:000048e0       ??_Gios_base@std@@UAEPAXI@Z 004058e0 f i implant.obj
 0001:000048e0       ??_Eios_base@std@@UAEPAXI@Z 004058e0 f i implant.obj
 0001:00004910       ??_Glocale@std@@QAEPAXI@Z  00405910 f i implant.obj
 0001:00004940       ??_Gbad_cast@std@@UAEPAXI@Z 00405940 f i implant.obj
 0001:00004940       ??_Eruntime_error@std@@UAEPAXI@Z 00405940 f i implant.obj
 0001:00004940       ??_Gruntime_error@std@@UAEPAXI@Z 00405940 f i implant.obj
 0001:00004940       ??_Ebad_cast@std@@UAEPAXI@Z 00405940 f i implant.obj
 0001:00004970       ??_Esystem_error@std@@UAEPAXI@Z 00405970 f i implant.obj
 0001:00004970       ??_Gsystem_error@std@@UAEPAXI@Z 00405970 f i implant.obj
 0001:000049a0       ?_Allocate@std@@YAPAXII_N@Z 004059a0 f i implant.obj
 0001:00004a60       ?_Assign_rv@?$basic_string@DU?$char_traits@D@std@@V?$allocator@D@2@@std@@QAEX$$QAV12@@Z 00405a60 f i implant.obj
 0001:00004b20       ?_Buy@?$vector@DV?$allocator@D@std@@@std@@IAE_NI@Z 00405b20 f i implant.obj
 0001:00004bd0       ?_Chassign@?$basic_string@DU?$char_traits@D@std@@V?$allocator@D@2@@std@@QAEXIID@Z 00405bd0 f i implant.obj
 0001:00004c20       ?_Check_offset@?$basic_string@DU?$char_traits@D@std@@V?$allocator@D@2@@std@@QBEXI@Z 00405c20 f i implant.obj
 0001:00004c50       ?_Clamp_suffix_size@?$basic_string@DU?$char_traits@D@std@@V?$allocator@D@2@@std@@QBEIII@Z 00405c50 f i implant.obj
 0001:00004c90       ?_Construct@?$basic_string@DU?$char_traits@D@std@@V?$allocator@D@2@@std@@QAEXPAD0Urandom_access_iterator_tag@2@@Z 00405c90 f i implant.obj
 0001:00004cc0       ?_Copy@?$basic_string@DU?$char_traits@D@std@@V?$allocator@D@2@@std@@QAEXII@Z 00405cc0 f i implant.obj
 0001:00004e90       ?_Copy_alloc@?$_String_alloc@U?$_String_base_types@DV?$allocator@D@std@@@std@@@std@@QAEXABU?$_Wrap_alloc@V?$allocator@D@std@@@2@@Z 00405e90 f i implant.obj
 0001:00004ec0       ?_Deallocate@std@@YAXPAXII@Z 00405ec0 f i implant.obj
 0001:00004f60       ?_Decref@facet@locale@std@@UAEPAV_Facet_base@3@XZ 00405f60 f i implant.obj
 0001:00004f90       ?_Destroy@?$vector@DV?$allocator@D@std@@@std@@IAEXPAD0@Z 00405f90 f i implant.obj
 0001:00004fc0       ?_Endwrite@?$basic_filebuf@DU?$char_traits@D@std@@@std@@IAE_NXZ 00405fc0 f i implant.obj
 0001:00005180       ?_Eos@?$basic_string@DU?$char_traits@D@std@@V?$allocator@D@2@@std@@QAEXI@Z 00406180 f i implant.obj
 0001:000051c0       ?_Ffmt@?$num_put@DV?$ostreambuf_iterator@DU?$char_traits@D@std@@@std@@@std@@ABAPADPADDH@Z 004061c0 f i implant.obj
 0001:00005300       ?_Fput@?$num_put@DV?$ostreambuf_iterator@DU?$char_traits@D@std@@@std@@@std@@ABA?AV?$ostreambuf_iterator@DU?$char_traits@D@std@@@2@V32@AAVios_base@2@DPBDI@Z 00406300 f i implant.obj
 0001:00005770       ?_Get_data@?$_String_alloc@U?$_String_base_types@DV?$allocator@D@std@@@std@@@std@@QAEAAV?$_String_val@U?$_Simple_types@D@std@@@2@XZ 00406770 f i implant.obj
 0001:00005770       ?_Getal@?$_String_alloc@U?$_String_base_types@DV?$allocator@D@std@@@std@@@std@@QAEAAU?$_Wrap_alloc@V?$allocator@D@std@@@2@XZ 00406770 f i implant.obj
 0001:00005770       ?_Getal@?$_Vector_alloc@U?$_Vec_base_types@DV?$allocator@D@std@@@std@@@std@@QAEAAU?$_Wrap_alloc@V?$allocator@D@std@@@2@XZ 00406770 f i implant.obj
 0001:00005770       ?_Getal@?$_Vector_alloc@U?$_Vec_base_types@DV?$allocator@D@std@@@std@@@std@@QBEABU?$_Wrap_alloc@V?$allocator@D@std@@@2@XZ 00406770 f i implant.obj
 0001:00005770       ?_Getal@?$_String_alloc@U?$_String_base_types@DV?$allocator@D@std@@@std@@@std@@QBEABU?$_Wrap_alloc@V?$allocator@D@std@@@2@XZ 00406770 f i implant.obj
 0001:00005770       ?_Get_data@?$_Vector_alloc@U?$_Vec_base_types@DV?$allocator@D@std@@@std@@@std@@QAEAAV?$_Vector_val@U?$_Simple_types@D@std@@@2@XZ 00406770 f i implant.obj
 0001:00005770       ?_Get_data@?$_String_alloc@U?$_String_base_types@DV?$allocator@D@std@@@std@@@std@@QBEABV?$_String_val@U?$_Simple_types@D@std@@@2@XZ 00406770 f i implant.obj
 0001:00005790       ?_Getcat@?$codecvt@DDU_Mbstatet@@@std@@SAIPAPBVfacet@locale@2@PBV42@@Z 00406790 f i implant.obj
 0001:00005810       ?_Getcat@?$ctype@D@std@@SAIPAPBVfacet@locale@2@PBV42@@Z 00406810 f i implant.obj
 0001:00005890       ?_Getcat@?$num_put@DV?$ostreambuf_iterator@DU?$char_traits@D@std@@@std@@@std@@SAIPAPBVfacet@locale@2@PBV42@@Z 00406890 f i implant.obj
 0001:00005910       ?_Getcat@?$numpunct@D@std@@SAIPAPBVfacet@locale@2@PBV42@@Z 00406910 f i implant.obj
 0001:000059a0       ?_Getctype@_Locinfo@std@@QBE?AU_Ctypevec@@XZ 004069a0 f i implant.obj
 0001:000059f0       ?_Getcvt@_Locinfo@std@@QBE?AU_Cvtvec@@XZ 004069f0 f i implant.obj
 0001:00005a40       ?_Getfacet@locale@std@@QBEPBVfacet@12@I@Z 00406a40 f i implant.obj
 0001:00005ad0       ?_Getfalse@_Locinfo@std@@QBEPBDXZ 00406ad0 f i implant.obj
 0001:00005ae0       ?_Getlconv@_Locinfo@std@@QBEPBUlconv@@XZ 00406ae0 f i implant.obj
 0001:00005af0       ?_Gettrue@_Locinfo@std@@QBEPBDXZ 00406af0 f i implant.obj
 0001:00005b00       ?_Gnavail@?$basic_streambuf@DU?$char_traits@D@std@@@std@@IBE_JXZ 00406b00 f i implant.obj
 0001:00005b30       ?_Gndec@?$basic_streambuf@DU?$char_traits@D@std@@@std@@IAEPADXZ 00406b30 f i implant.obj
 0001:00005b70       ?_Gninc@?$basic_streambuf@DU?$char_traits@D@std@@@std@@IAEPADXZ 00406b70 f i implant.obj
 0001:00005bc0       ?_Gnpreinc@?$basic_streambuf@DU?$char_traits@D@std@@@std@@IAEPADXZ 00406bc0 f i implant.obj
 0001:00005c00       ?_Grow@?$basic_string@DU?$char_traits@D@std@@V?$allocator@D@2@@std@@QAE_NI_N@Z 00406c00 f i implant.obj
 0001:00005cc0       ?_Ifmt@?$num_put@DV?$ostreambuf_iterator@DU?$char_traits@D@std@@@std@@@std@@ABAPADPADPBDH@Z 00406cc0 f i implant.obj
 0001:00005de0       ?_Incref@facet@locale@std@@UAEXXZ 00406de0 f i implant.obj
 0001:00005e00       ?_Init@?$basic_filebuf@DU?$char_traits@D@std@@@std@@IAEXPAU_iobuf@@W4_Initfl@12@@Z 00406e00 f i implant.obj
 0001:00005ed0       ?_Init@?$basic_streambuf@DU?$char_traits@D@std@@@std@@IAEXPAPAD0PAH001@Z 00406ed0 f i implant.obj
 0001:00005f20       ?_Init@?$basic_streambuf@DU?$char_traits@D@std@@@std@@IAEXXZ 00406f20 f i implant.obj
 0001:00005f90       ?_Init@?$codecvt@DDU_Mbstatet@@@std@@IAEXABV_Locinfo@2@@Z 00406f90 f i implant.obj
 0001:00005f90       ??$destroy@PAD@?$allocator@D@std@@QAEXPAPAD@Z 00406f90 f i implant.obj
 0001:00005f90       ?_Adopt@_Iterator_base0@std@@QAEXPBX@Z 00406f90 f i implant.obj
 0001:00005f90       ?_Init@?$num_put@DV?$ostreambuf_iterator@DU?$char_traits@D@std@@@std@@@std@@IAEXABV_Locinfo@2@@Z 00406f90 f i implant.obj
 0001:00005f90       ?imbue@?$basic_streambuf@DU?$char_traits@D@std@@@std@@MAEXABVlocale@2@@Z 00406f90 f i implant.obj
 0001:00005fa0       ?_Init@?$ctype@D@std@@IAEXABV_Locinfo@2@@Z 00406fa0 f i implant.obj
 0001:00005fe0       ?_Init@?$numpunct@D@std@@IAEXABV_Locinfo@2@_N@Z 00406fe0 f i implant.obj
 0001:00006160       ?_Init@ios_base@std@@IAEXXZ 00407160 f i implant.obj
 0001:00006210       ?_Init_atomic_counter@std@@YAXAAKK@Z 00407210 f i implant.obj
 0001:00006220       ?_Initcvt@?$basic_filebuf@DU?$char_traits@D@std@@@std@@IAEXPBV?$codecvt@DDU_Mbstatet@@@2@@Z 00407220 f i implant.obj
 0001:00006260       ?_Inside@?$basic_string@DU?$char_traits@D@std@@V?$allocator@D@2@@std@@QAE_NPBD@Z 00407260 f i implant.obj
 0001:000062b0       ?_Ipfx@?$basic_istream@DU?$char_traits@D@std@@@std@@QAE_N_N@Z 004072b0 f i implant.obj
 0001:00006490       ?_Iput@?$num_put@DV?$ostreambuf_iterator@DU?$char_traits@D@std@@@std@@@std@@ABA?AV?$ostreambuf_iterator@DU?$char_traits@D@std@@@2@V32@AAVios_base@2@DPADI@Z 00407490 f i implant.obj
 0001:00006850       ?_Lock@?$basic_filebuf@DU?$char_traits@D@std@@@std@@UAEXXZ 00407850 f i implant.obj
 0001:00006880       ?_Makestr@_System_error@std@@CA?AV?$basic_string@DU?$char_traits@D@std@@V?$allocator@D@2@@2@Verror_code@2@V32@@Z 00407880 f i implant.obj
 0001:000068f0       ?_Myend@?$_Vector_alloc@U?$_Vec_base_types@DV?$allocator@D@std@@@std@@@std@@QAEAAPADXZ 004078f0 f i implant.obj
 0001:00006910       ?_Bx@?$_String_alloc@U?$_String_base_types@DV?$allocator@D@std@@@std@@@std@@QAEAAT_Bxty@?$_String_val@U?$_Simple_types@D@std@@@2@XZ 00407910 f i implant.obj
 0001:00006910       ?_Myfirst@?$_Vector_alloc@U?$_Vec_base_types@DV?$allocator@D@std@@@std@@@std@@QAEAAPADXZ 00407910 f i implant.obj
 0001:00006930       ?_Mylast@?$_Vector_alloc@U?$_Vec_base_types@DV?$allocator@D@std@@@std@@@std@@QAEAAPADXZ 00407930 f i implant.obj
 0001:00006950       ?_Myptr@?$_String_alloc@U?$_String_base_types@DV?$allocator@D@std@@@std@@@std@@QBEPBDXZ 00407950 f i implant.obj
 0001:00006950       ?_Myptr@?$_String_alloc@U?$_String_base_types@DV?$allocator@D@std@@@std@@@std@@QAEPADXZ 00407950 f i implant.obj
 0001:00006970       ?_Myptr@?$_String_val@U?$_Simple_types@D@std@@@std@@QBEPBDXZ 00407970 f i implant.obj
 0001:00006970       ?_Myptr@?$_String_val@U?$_Simple_types@D@std@@@std@@QAEPADXZ 00407970 f i implant.obj
 0001:000069b0       ?_Myres@?$_String_alloc@U?$_String_base_types@DV?$allocator@D@std@@@std@@@std@@QAEAAIXZ 004079b0 f i implant.obj
 0001:000069d0       ?_Mysize@?$_String_alloc@U?$_String_base_types@DV?$allocator@D@std@@@std@@@std@@QAEAAIXZ 004079d0 f i implant.obj
 0001:000069d0       ?_Mysize@?$_String_alloc@U?$_String_base_types@DV?$allocator@D@std@@@std@@@std@@QBEABIXZ 004079d0 f i implant.obj
 0001:000069f0       ?_Orphan_all@?$_Vector_alloc@U?$_Vec_base_types@DV?$allocator@D@std@@@std@@@std@@QAEXXZ 004079f0 f i implant.obj
 0001:00006a10       ?_Osfx@?$basic_ostream@DU?$char_traits@D@std@@@std@@QAEXXZ 00407a10 f i implant.obj
 0001:00006ad0       ?_Pnavail@?$basic_streambuf@DU?$char_traits@D@std@@@std@@IBE_JXZ 00407ad0 f i implant.obj
 0001:00006b00       ?_Pninc@?$basic_streambuf@DU?$char_traits@D@std@@@std@@IAEPADXZ 00407b00 f i implant.obj
 0001:00006b50       ?_Put@?$num_put@DV?$ostreambuf_iterator@DU?$char_traits@D@std@@@std@@@std@@ABA?AV?$ostreambuf_iterator@DU?$char_traits@D@std@@@2@V32@PBDI@Z 00407b50 f i implant.obj
 0001:00006ba0       ?_Rep@?$num_put@DV?$ostreambuf_iterator@DU?$char_traits@D@std@@@std@@@std@@ABA?AV?$ostreambuf_iterator@DU?$char_traits@D@std@@@2@V32@DI@Z 00407ba0 f i implant.obj
 0001:00006bf0       ?_Reset_back@?$basic_filebuf@DU?$char_traits@D@std@@@std@@AAEXXZ 00407bf0 f i implant.obj
 0001:00006c30       ?_Set_back@?$basic_filebuf@DU?$char_traits@D@std@@@std@@AAEXXZ 00407c30 f i implant.obj
 0001:00006c90       ?_Tidy@?$_Yarn@_W@std@@AAEXXZ 00407c90 f i implant.obj
 0001:00006c90       ?_Tidy@?$_Yarn@D@std@@AAEXXZ 00407c90 f i implant.obj
 0001:00006cc0       ?_Tidy@?$basic_string@DU?$char_traits@D@std@@V?$allocator@D@2@@std@@QAEX_NI@Z 00407cc0 f i implant.obj
 0001:00006d80       ?_Tidy@?$ctype@D@std@@IAEXXZ 00407d80 f i implant.obj
 0001:00006de0       ?_Tidy@?$numpunct@D@std@@AAEXXZ 00407de0 f i implant.obj
 0001:00006e20       ?_Tidy@?$vector@DV?$allocator@D@std@@@std@@IAEXXZ 00407e20 f i implant.obj
 0001:00006ec0       ?_Unlock@?$basic_filebuf@DU?$char_traits@D@std@@@std@@UAEXXZ 00407ec0 f i implant.obj
 0001:00006ef0       ?_Lock@?$basic_streambuf@DU?$char_traits@D@std@@@std@@UAEXXZ 00407ef0 f i implant.obj
 0001:00006ef0       ?_Orphan_all@_Container_base0@std@@QAEXXZ 00407ef0 f i implant.obj
 0001:00006ef0       ?_Unlock@?$basic_streambuf@DU?$char_traits@D@std@@@std@@UAEXXZ 00407ef0 f i implant.obj
 0001:00006ef0       ??1_Bxty@?$_String_val@U?$_Simple_types@D@std@@@std@@QAE@XZ 00407ef0 f i implant.obj
 0001:00006ef0       ??1?$_Immortalizer@V_Iostream_error_category@std@@@std@@QAE@XZ 00407ef0 f i implant.obj
 0001:00006f00       ?_Xlen@?$basic_string@DU?$char_traits@D@std@@V?$allocator@D@2@@std@@QBEXXZ 00407f00 f i implant.obj
 0001:00006f20       ?_Xlen@?$vector@DV?$allocator@D@std@@@std@@IBEXXZ 00407f20 f i implant.obj
 0001:00006f40       ?_Xran@?$basic_string@DU?$char_traits@D@std@@V?$allocator@D@2@@std@@QBEXXZ 00407f40 f i implant.obj
 0001:00006f60       ?address@?$_Wrap_alloc@V?$allocator@D@std@@@std@@QBEPADAAD@Z 00407f60 f i implant.obj
 0001:00006f80       ?allocate@?$_Wrap_alloc@V?$allocator@D@std@@@std@@QAEPADI@Z 00407f80 f i implant.obj
 0001:00006fa0       ?allocate@?$allocator@D@std@@QAEPADI@Z 00407fa0 f i implant.obj
 0001:00006fc0       ?always_noconv@codecvt_base@std@@QBE_NXZ 00407fc0 f i implant.obj
 0001:00006fc0       ?decimal_point@?$numpunct@D@std@@QBEDXZ 00407fc0 f i implant.obj
 0001:00006fe0       ?append@?$basic_string@DU?$char_traits@D@std@@V?$allocator@D@2@@std@@QAEAAV12@ABV12@@Z 00407fe0 f i implant.obj
 0001:00007010       ?append@?$basic_string@DU?$char_traits@D@std@@V?$allocator@D@2@@std@@QAEAAV12@ABV12@II@Z 00408010 f i implant.obj
 0001:000070d0       ?append@?$basic_string@DU?$char_traits@D@std@@V?$allocator@D@2@@std@@QAEAAV12@ID@Z 004080d0 f i implant.obj
 0001:00007160       ?append@?$basic_string@DU?$char_traits@D@std@@V?$allocator@D@2@@std@@QAEAAV12@PBD@Z 00408160 f i implant.obj
 0001:00007190       ?append@?$basic_string@DU?$char_traits@D@std@@V?$allocator@D@2@@std@@QAEAAV12@PBDI@Z 00408190 f i implant.obj
 0001:00007250       ?assign@?$basic_string@DU?$char_traits@D@std@@V?$allocator@D@2@@std@@QAEAAV12@$$QAV12@@Z 00408250 f i implant.obj
 0001:000072e0       ?assign@?$basic_string@DU?$char_traits@D@std@@V?$allocator@D@2@@std@@QAEAAV12@ABV12@@Z 004082e0 f i implant.obj
 0001:00007310       ?assign@?$basic_string@DU?$char_traits@D@std@@V?$allocator@D@2@@std@@QAEAAV12@ABV12@II@Z 00408310 f i implant.obj
 0001:000073b0       ?assign@?$basic_string@DU?$char_traits@D@std@@V?$allocator@D@2@@std@@QAEAAV12@ID@Z 004083b0 f i implant.obj
 0001:00007410       ?assign@?$basic_string@DU?$char_traits@D@std@@V?$allocator@D@2@@std@@QAEAAV12@PBD@Z 00408410 f i implant.obj
 0001:00007440       ?assign@?$basic_string@DU?$char_traits@D@std@@V?$allocator@D@2@@std@@QAEAAV12@PBDI@Z 00408440 f i implant.obj
 0001:000074c0       ?assign@?$char_traits@D@std@@SAPADPADID@Z 004084c0 f i implant.obj
 0001:000074e0       ?assign@?$char_traits@D@std@@SAXAADABD@Z 004084e0 f i implant.obj
 0001:000074f0       ?begin@?$basic_string@DU?$char_traits@D@std@@V?$allocator@D@2@@std@@QAE?AV?$_String_iterator@V?$_String_val@U?$_Simple_types@D@std@@@std@@@2@XZ 004084f0 f i implant.obj
 0001:00007540       ?begin@?$vector@DV?$allocator@D@std@@@std@@QAE?AV?$_Vector_iterator@V?$_Vector_val@U?$_Simple_types@D@std@@@std@@@2@XZ 00408540 f i implant.obj
 0001:00007570       ?c_str@?$_Yarn@D@std@@QBEPBDXZ 00408570 f i implant.obj
 0001:000075a0       ?c_str@?$basic_string@DU?$char_traits@D@std@@V?$allocator@D@2@@std@@QBEPBDXZ 004085a0 f i implant.obj
 0001:000075c0       ?c_str@locale@std@@QBEPBDXZ 004085c0 f i implant.obj
 0001:00007600       ?category@error_condition@std@@QBEABVerror_category@2@XZ 00408600 f i implant.obj
 0001:00007600       ?category@error_code@std@@QBEABVerror_category@2@XZ 00408600 f i implant.obj
 0001:00007620       ?clear@?$basic_ios@DU?$char_traits@D@std@@@std@@QAEXH_N@Z 00408620 f i implant.obj
 0001:00007660       ?clear@ios_base@std@@QAEXH@Z 00408660 f i implant.obj
 0001:00007680       ?clear@ios_base@std@@QAEXH_N@Z 00408680 f i implant.obj
 0001:00007770       ?close@?$basic_filebuf@DU?$char_traits@D@std@@@std@@QAEPAV12@XZ 00408770 f i implant.obj
 0001:000077e0       ?close@?$basic_ifstream@DU?$char_traits@D@std@@@std@@QAEXXZ 004087e0 f i implant.obj
 0001:00007810       ?copy@?$char_traits@D@std@@SAPADPADPBDI@Z 00408810 f i implant.obj
 0001:00007840       ?deallocate@?$_Wrap_alloc@V?$allocator@D@std@@@std@@QAEXPADI@Z 00408840 f i implant.obj
 0001:00007860       ?deallocate@?$allocator@D@std@@QAEXPADI@Z 00408860 f i implant.obj
 0001:00007880       ?default_error_condition@error_category@std@@UBE?AVerror_condition@2@H@Z 00408880 f i implant.obj
 0001:000078a0       ?do_always_noconv@?$codecvt@DDU_Mbstatet@@@std@@MBE_NXZ 004088a0 f i implant.obj
 0001:000078b0       ?do_always_noconv@codecvt_base@std@@MBE_NXZ 004088b0 f i implant.obj
 0001:000078c0       ?do_decimal_point@?$numpunct@D@std@@MBEDXZ 004088c0 f i implant.obj
 0001:000078e0       ?do_falsename@?$numpunct@D@std@@MBE?AV?$basic_string@DU?$char_traits@D@std@@V?$allocator@D@2@@2@XZ 004088e0 f i implant.obj
 0001:00007900       ?do_grouping@?$numpunct@D@std@@MBE?AV?$basic_string@DU?$char_traits@D@std@@V?$allocator@D@2@@2@XZ 00408900 f i implant.obj
 0001:00007920       ?do_out@?$codecvt@DDU_Mbstatet@@@std@@MBEHAAU_Mbstatet@@PBD1AAPBDPAD3AAPAD@Z 00408920 f i implant.obj
 0001:00007920       ?do_in@?$codecvt@DDU_Mbstatet@@@std@@MBEHAAU_Mbstatet@@PBD1AAPBDPAD3AAPAD@Z 00408920 f i implant.obj
 0001:000079a0       ?do_length@?$codecvt@DDU_Mbstatet@@@std@@MBEHAAU_Mbstatet@@PBD1I@Z 004089a0 f i implant.obj
 0001:000079d0       ?do_max_length@codecvt_base@std@@MBEHXZ 004089d0 f i implant.obj
 0001:000079d0       ?do_encoding@codecvt_base@std@@MBEHXZ 004089d0 f i implant.obj
 0001:000079e0       ?do_narrow@?$ctype@D@std@@MBEDDD@Z 004089e0 f i implant.obj
 0001:000079f0       ?do_narrow@?$ctype@D@std@@MBEPBDPBD0DPAD@Z 004089f0 f i implant.obj
 0001:00007a20       ?do_put@?$num_put@DV?$ostreambuf_iterator@DU?$char_traits@D@std@@@std@@@std@@MBE?AV?$ostreambuf_iterator@DU?$char_traits@D@std@@@2@V32@AAVios_base@2@DJ@Z 00408a20 f i implant.obj
 0001:00007aa0       ?do_put@?$num_put@DV?$ostreambuf_iterator@DU?$char_traits@D@std@@@std@@@std@@MBE?AV?$ostreambuf_iterator@DU?$char_traits@D@std@@@2@V32@AAVios_base@2@DK@Z 00408aa0 f i implant.obj
 0001:00007b20       ?do_put@?$num_put@DV?$ostreambuf_iterator@DU?$char_traits@D@std@@@std@@@std@@MBE?AV?$ostreambuf_iterator@DU?$char_traits@D@std@@@2@V32@AAVios_base@2@DN@Z 00408b20 f i implant.obj
 0001:00007cd0       ?do_put@?$num_put@DV?$ostreambuf_iterator@DU?$char_traits@D@std@@@std@@@std@@MBE?AV?$ostreambuf_iterator@DU?$char_traits@D@std@@@2@V32@AAVios_base@2@DO@Z 00408cd0 f i implant.obj
 0001:00007e80       ?do_put@?$num_put@DV?$ostreambuf_iterator@DU?$char_traits@D@std@@@std@@@std@@MBE?AV?$ostreambuf_iterator@DU?$char_traits@D@std@@@2@V32@AAVios_base@2@DPBX@Z 00408e80 f i implant.obj
 0001:00007ef0       ?do_put@?$num_put@DV?$ostreambuf_iterator@DU?$char_traits@D@std@@@std@@@std@@MBE?AV?$ostreambuf_iterator@DU?$char_traits@D@std@@@2@V32@AAVios_base@2@D_J@Z 00408ef0 f i implant.obj
 0001:00007f80       ?do_put@?$num_put@DV?$ostreambuf_iterator@DU?$char_traits@D@std@@@std@@@std@@MBE?AV?$ostreambuf_iterator@DU?$char_traits@D@std@@@2@V32@AAVios_base@2@D_K@Z 00408f80 f i implant.obj
 0001:00008010       ?do_put@?$num_put@DV?$ostreambuf_iterator@DU?$char_traits@D@std@@@std@@@std@@MBE?AV?$ostreambuf_iterator@DU?$char_traits@D@std@@@2@V32@AAVios_base@2@D_N@Z 00409010 f i implant.obj
 0001:000081f0       ?do_thousands_sep@?$numpunct@D@std@@MBEDXZ 004091f0 f i implant.obj
 0001:00008210       ?do_tolower@?$ctype@D@std@@MBEDD@Z 00409210 f i implant.obj
 0001:00008240       ?do_tolower@?$ctype@D@std@@MBEPBDPADPBD@Z 00409240 f i implant.obj
 0001:00008280       ?do_toupper@?$ctype@D@std@@MBEDD@Z 00409280 f i implant.obj
 0001:000082b0       ?do_toupper@?$ctype@D@std@@MBEPBDPADPBD@Z 004092b0 f i implant.obj
 0001:000082f0       ?do_truename@?$numpunct@D@std@@MBE?AV?$basic_string@DU?$char_traits@D@std@@V?$allocator@D@2@@2@XZ 004092f0 f i implant.obj
 0001:00008310       ?do_unshift@?$codecvt@DDU_Mbstatet@@@std@@MBEHAAU_Mbstatet@@PAD1AAPAD@Z 00409310 f i implant.obj
 0001:00008330       ?do_widen@?$ctype@D@std@@MBEDD@Z 00409330 f i implant.obj
 0001:00008340       ?do_widen@?$ctype@D@std@@MBEPBDPBD0PAD@Z 00409340 f i implant.obj
 0001:00008370       ?eback@?$basic_streambuf@DU?$char_traits@D@std@@@std@@IBEPADXZ 00409370 f i implant.obj
 0001:00008390       ?egptr@?$basic_streambuf@DU?$char_traits@D@std@@@std@@IBEPADXZ 00409390 f i implant.obj
 0001:000083b0       ?empty@?$basic_string@DU?$char_traits@D@std@@V?$allocator@D@2@@std@@QBE_NXZ 004093b0 f i implant.obj
 0001:000083e0       ?end@?$vector@DV?$allocator@D@std@@@std@@QAE?AV?$_Vector_iterator@V?$_Vector_val@U?$_Simple_types@D@std@@@std@@@2@XZ 004093e0 f i implant.obj
 0001:00008410       ?eof@?$char_traits@D@std@@SAHXZ 00409410 f i implant.obj
 0001:00008420       ?epptr@?$basic_streambuf@DU?$char_traits@D@std@@@std@@IBEPADXZ 00409420 f i implant.obj
 0001:00008440       ?eq_int_type@?$char_traits@D@std@@SA_NABH0@Z 00409440 f i implant.obj
 0001:00008470       ?equivalent@error_category@std@@UBE_NABVerror_code@2@H@Z 00409470 f i implant.obj
 0001:000084c0       ?equivalent@error_category@std@@UBE_NHABVerror_condition@2@@Z 004094c0 f i implant.obj
 0001:00008500       ?erase@?$basic_string@DU?$char_traits@D@std@@V?$allocator@D@2@@std@@QAEAAV12@I@Z 00409500 f i implant.obj
 0001:00008530       ?erase@?$basic_string@DU?$char_traits@D@std@@V?$allocator@D@2@@std@@QAEAAV12@II@Z 00409530 f i implant.obj
 0001:000085c0       ?fail@ios_base@std@@QBE_NXZ 004095c0 f i implant.obj
 0001:000085f0       ?failed@?$ostreambuf_iterator@DU?$char_traits@D@std@@@std@@QBE_NXZ 004095f0 f i implant.obj
 0001:00008600       ?falsename@?$numpunct@D@std@@QBE?AV?$basic_string@DU?$char_traits@D@std@@V?$allocator@D@2@@2@XZ 00409600 f i implant.obj
 0001:00008630       ?fill@?$basic_ios@DU?$char_traits@D@std@@@std@@QBEDXZ 00409630 f i implant.obj
 0001:00008650       ?flags@ios_base@std@@QBEHXZ 00409650 f i implant.obj
 0001:00008670       ?flush@?$basic_ostream@DU?$char_traits@D@std@@@std@@QAEAAV12@XZ 00409670 f i implant.obj
 0001:000086f0       ?gbump@?$basic_streambuf@DU?$char_traits@D@std@@@std@@IAEXH@Z 004096f0 f i implant.obj
 0001:00008730       ?get_allocator@?$basic_string@DU?$char_traits@D@std@@V?$allocator@D@2@@std@@QBE?AV?$allocator@D@2@XZ 00409730 f i implant.obj
 0001:00008760       ?getloc@?$basic_streambuf@DU?$char_traits@D@std@@@std@@QBE?AVlocale@2@XZ 00409760 f i implant.obj
 0001:00008780       ?getloc@ios_base@std@@QBE?AVlocale@2@XZ 00409780 f i implant.obj
 0001:000087a0       ?good@ios_base@std@@QBE_NXZ 004097a0 f i implant.obj
 0001:000087d0       ?gptr@?$basic_streambuf@DU?$char_traits@D@std@@@std@@IBEPADXZ 004097d0 f i implant.obj
 0001:000087f0       ?grouping@?$numpunct@D@std@@QBE?AV?$basic_string@DU?$char_traits@D@std@@V?$allocator@D@2@@2@XZ 004097f0 f i implant.obj
 0001:00008820       ?imbue@?$basic_filebuf@DU?$char_traits@D@std@@@std@@MAEXABVlocale@2@@Z 00409820 f i implant.obj
 0001:00008850       ?in@?$codecvt@DDU_Mbstatet@@@std@@QBEHAAU_Mbstatet@@PBD1AAPBDPAD3AAPAD@Z 00409850 f i implant.obj
 0001:00008890       ?init@?$basic_ios@DU?$char_traits@D@std@@@std@@IAEXPAV?$basic_streambuf@DU?$char_traits@D@std@@@2@_N@Z 00409890 f i implant.obj
 0001:00008900       ?insert@?$basic_string@DU?$char_traits@D@std@@V?$allocator@D@2@@std@@QAEAAV12@IID@Z 00409900 f i implant.obj
 0001:000089c0       ?iostream_category@std@@YAABVerror_category@1@XZ 004099c0 f i implant.obj
 0001:000089d0       ?is@?$ctype@D@std@@QBE_NFD@Z 004099d0 f i implant.obj
 0001:00008a10       ?length@?$char_traits@D@std@@SAIPBD@Z 00409a10 f i implant.obj
 0001:00008a40       ?make_error_code@std@@YA?AVerror_code@1@W4io_errc@1@@Z 00409a40 f i implant.obj
 0001:00008a60       ?max_size@?$_Wrap_alloc@V?$allocator@D@std@@@std@@QBEIU_Nil@2@@Z 00409a60 f i implant.obj
 0001:00008a80       ?max_size@?$allocator@D@std@@QBEIXZ 00409a80 f i implant.obj
 0001:00008a90       ?max_size@?$allocator_traits@V?$allocator@D@std@@@std@@SAIABV?$allocator@D@2@@Z 00409a90 f i implant.obj
 0001:00008aa0       ?max_size@?$basic_string@DU?$char_traits@D@std@@V?$allocator@D@2@@std@@QBEIXZ 00409aa0 f i implant.obj
 0001:00008ae0       ?max_size@?$vector@DV?$allocator@D@std@@@std@@QBEIXZ 00409ae0 f i implant.obj
 0001:00008b10       ?message@_Generic_error_category@std@@UBE?AV?$basic_string@DU?$char_traits@D@std@@V?$allocator@D@2@@2@H@Z 00409b10 f i implant.obj
 0001:00008b40       ?message@_Iostream_error_category@std@@UBE?AV?$basic_string@DU?$char_traits@D@std@@V?$allocator@D@2@@2@H@Z 00409b40 f i implant.obj
 0001:00008b80       ?message@error_code@std@@QBE?AV?$basic_string@DU?$char_traits@D@std@@V?$allocator@D@2@@2@XZ 00409b80 f i implant.obj
 0001:00008bc0       ?move@?$char_traits@D@std@@SAPADPADPBDI@Z 00409bc0 f i implant.obj
 0001:00008bf0       ?name@_Generic_error_category@std@@UBEPBDXZ 00409bf0 f i implant.obj
 0001:00008c00       ?name@_Iostream_error_category@std@@UBEPBDXZ 00409c00 f i implant.obj
 0001:00008c10       ?not_eof@?$char_traits@D@std@@SAHABH@Z 00409c10 f i implant.obj
 0001:00008c60       ?open@?$basic_filebuf@DU?$char_traits@D@std@@@std@@QAEPAV12@PBDHH@Z 00409c60 f i implant.obj
 0001:00008cd0       ?out@?$codecvt@DDU_Mbstatet@@@std@@QBEHAAU_Mbstatet@@PBD1AAPBDPAD3AAPAD@Z 00409cd0 f i implant.obj
 0001:00008d10       ?overflow@?$basic_filebuf@DU?$char_traits@D@std@@@std@@MAEHH@Z 00409d10 f i implant.obj
 0001:00008fd0       ?pbackfail@?$basic_filebuf@DU?$char_traits@D@std@@@std@@MAEHH@Z 00409fd0 f i implant.obj
 0001:00009120       ?overflow@?$basic_streambuf@DU?$char_traits@D@std@@@std@@MAEHH@Z 0040a120 f i implant.obj
 0001:00009120       ?pbackfail@?$basic_streambuf@DU?$char_traits@D@std@@@std@@MAEHH@Z 0040a120 f i implant.obj
 0001:00009140       ?pbump@?$basic_streambuf@DU?$char_traits@D@std@@@std@@IAEXH@Z 0040a140 f i implant.obj
 0001:00009180       ?pointer_to@?$pointer_traits@PAD@std@@SAPADAAD@Z 0040a180 f i implant.obj
 0001:000091a0       ?pptr@?$basic_streambuf@DU?$char_traits@D@std@@@std@@IBEPADXZ 0040a1a0 f i implant.obj
 0001:000091c0       ?precision@ios_base@std@@QBE_JXZ 0040a1c0 f i implant.obj
 0001:000091e0       ?pubseekoff@?$basic_streambuf@DU?$char_traits@D@std@@@std@@QAE?AV?$fpos@U_Mbstatet@@@2@_JHH@Z 0040a1e0 f i implant.obj
 0001:00009220       ?pubsync@?$basic_streambuf@DU?$char_traits@D@std@@@std@@QAEHXZ 0040a220 f i implant.obj
 0001:00009240       ?put@?$basic_ostream@DU?$char_traits@D@std@@@std@@QAEAAV12@D@Z 0040a240 f i implant.obj
 0001:00009360       ?put@?$num_put@DV?$ostreambuf_iterator@DU?$char_traits@D@std@@@std@@@std@@QBE?AV?$ostreambuf_iterator@DU?$char_traits@D@std@@@2@V32@AAVios_base@2@DK@Z 0040a360 f i implant.obj
 0001:000093a0       ?rdbuf@?$basic_ios@DU?$char_traits@D@std@@@std@@QBEPAV?$basic_streambuf@DU?$char_traits@D@std@@@2@XZ 0040a3a0 f i implant.obj
 0001:000093c0       ?rdstate@ios_base@std@@QBEHXZ 0040a3c0 f i implant.obj
 0001:000093e0       ?read@?$basic_istream@DU?$char_traits@D@std@@@std@@QAEAAV12@PAD_J@Z 0040a3e0 f i implant.obj
 0001:00009530       ?resize@?$basic_string@DU?$char_traits@D@std@@V?$allocator@D@2@@std@@QAEXI@Z 0040a530 f i implant.obj
 0001:00009550       ?resize@?$basic_string@DU?$char_traits@D@std@@V?$allocator@D@2@@std@@QAEXID@Z 0040a550 f i implant.obj
 0001:000095a0       ?sbumpc@?$basic_streambuf@DU?$char_traits@D@std@@@std@@QAEHXZ 0040a5a0 f i implant.obj
 0001:00009600       ?seekg@?$basic_istream@DU?$char_traits@D@std@@@std@@QAEAAV12@_JH@Z 0040a600 f i implant.obj
 0001:000096e0       ?seekoff@?$basic_filebuf@DU?$char_traits@D@std@@@std@@MAE?AV?$fpos@U_Mbstatet@@@2@_JHH@Z 0040a6e0 f i implant.obj
 0001:000097c0       ?seekoff@?$basic_streambuf@DU?$char_traits@D@std@@@std@@MAE?AV?$fpos@U_Mbstatet@@@2@_JHH@Z 0040a7c0 f i implant.obj
 0001:000097f0       ?seekpos@?$basic_filebuf@DU?$char_traits@D@std@@@std@@MAE?AV?$fpos@U_Mbstatet@@@2@V32@H@Z 0040a7f0 f i implant.obj
 0001:000098f0       ?seekpos@?$basic_streambuf@DU?$char_traits@D@std@@@std@@MAE?AV?$fpos@U_Mbstatet@@@2@V32@H@Z 0040a8f0 f i implant.obj
 0001:00009920       ?seekpos@?$fpos@U_Mbstatet@@@std@@QBE_JXZ 0040a920 f i implant.obj
 0001:00009940       ?select_on_container_copy_construction@?$_Wrap_alloc@V?$allocator@D@std@@@std@@QBE?AU12@U_Nil@2@@Z 0040a940 f i implant.obj
 0001:00009970       ?select_on_container_copy_construction@?$allocator_traits@V?$allocator@D@std@@@std@@SA?AV?$allocator@D@2@ABV32@@Z 0040a970 f i implant.obj
 0001:00009990       ?setbuf@?$basic_filebuf@DU?$char_traits@D@std@@@std@@MAEPAV?$basic_streambuf@DU?$char_traits@D@std@@@2@PAD_J@Z 0040a990 f i implant.obj
 0001:00009a00       ?setbuf@?$basic_streambuf@DU?$char_traits@D@std@@@std@@MAEPAV12@PAD_J@Z 0040aa00 f i implant.obj
 0001:00009a10       ?setg@?$basic_streambuf@DU?$char_traits@D@std@@@std@@IAEXPAD00@Z 0040aa10 f i implant.obj
 0001:00009a50       ?setp@?$basic_streambuf@DU?$char_traits@D@std@@@std@@IAEXPAD0@Z 0040aa50 f i implant.obj
 0001:00009a90       ?setstate@?$basic_ios@DU?$char_traits@D@std@@@std@@QAEXH_N@Z 0040aa90 f i implant.obj
 0001:00009ac0       ?sgetc@?$basic_streambuf@DU?$char_traits@D@std@@@std@@QAEHXZ 0040aac0 f i implant.obj
 0001:00009b20       ?sgetn@?$basic_streambuf@DU?$char_traits@D@std@@@std@@QAE_JPAD_J@Z 0040ab20 f i implant.obj
 0001:00009b50       ?showmanyc@?$basic_streambuf@DU?$char_traits@D@std@@@std@@MAE_JXZ 0040ab50 f i implant.obj
 0001:00009b60       ?size@?$basic_string@DU?$char_traits@D@std@@V?$allocator@D@2@@std@@QBEIXZ 0040ab60 f i implant.obj
 0001:00009b80       ?snextc@?$basic_streambuf@DU?$char_traits@D@std@@@std@@QAEHXZ 0040ab80 f i implant.obj
 0001:00009c10       ?sputc@?$basic_streambuf@DU?$char_traits@D@std@@@std@@QAEHD@Z 0040ac10 f i implant.obj
 0001:00009c80       ?sputn@?$basic_streambuf@DU?$char_traits@D@std@@@std@@QAE_JPBD_J@Z 0040ac80 f i implant.obj
 0001:00009cb0       ?state@?$fpos@U_Mbstatet@@@std@@QBE?AU_Mbstatet@@XZ 0040acb0 f i implant.obj
 0001:00009ce0       ?strstr@@YAPADQADQBD@Z     0040ace0 f i implant.obj
 0001:00009d00       ?sync@?$basic_filebuf@DU?$char_traits@D@std@@@std@@MAEHXZ 0040ad00 f i implant.obj
 0001:00009d80       ?sync@?$basic_streambuf@DU?$char_traits@D@std@@@std@@MAEHXZ 0040ad80 f i implant.obj
 0001:00009d90       ?tellg@?$basic_istream@DU?$char_traits@D@std@@@std@@QAE?AV?$fpos@U_Mbstatet@@@2@XZ 0040ad90 f i implant.obj
 0001:00009e30       ?thousands_sep@?$numpunct@D@std@@QBEDXZ 0040ae30 f i implant.obj
 0001:00009e50       ?tie@?$basic_ios@DU?$char_traits@D@std@@@std@@QBEPAV?$basic_ostream@DU?$char_traits@D@std@@@2@XZ 0040ae50 f i implant.obj
 0001:00009e70       ?to_char_type@?$char_traits@D@std@@SADABH@Z 0040ae70 f i implant.obj
 0001:00009e80       ?to_int_type@?$char_traits@D@std@@SAHABD@Z 0040ae80 f i implant.obj
 0001:00009e90       ?to_string@std@@YA?AV?$basic_string@DU?$char_traits@D@std@@V?$allocator@D@2@@1@K@Z 0040ae90 f i implant.obj
 0001:00009eb0       ?truename@?$numpunct@D@std@@QBE?AV?$basic_string@DU?$char_traits@D@std@@V?$allocator@D@2@@2@XZ 0040aeb0 f i implant.obj
 0001:00009ee0       ?uflow@?$basic_filebuf@DU?$char_traits@D@std@@@std@@MAEHXZ 0040aee0 f i implant.obj
 0001:0000a180       ?uflow@?$basic_streambuf@DU?$char_traits@D@std@@@std@@MAEHXZ 0040b180 f i implant.obj
 0001:0000a1e0       ?underflow@?$basic_filebuf@DU?$char_traits@D@std@@@std@@MAEHXZ 0040b1e0 f i implant.obj
 0001:0000a270       ?underflow@?$basic_streambuf@DU?$char_traits@D@std@@@std@@MAEHXZ 0040b270 f i implant.obj
 0001:0000a280       ?unshift@?$codecvt@DDU_Mbstatet@@@std@@QBEHAAU_Mbstatet@@PAD1AAPAD@Z 0040b280 f i implant.obj
 0001:0000a2b0       ?what@exception@std@@UBEPBDXZ 0040b2b0 f i implant.obj
 0001:0000a2e0       ?widen@?$basic_ios@DU?$char_traits@D@std@@@std@@QBEDD@Z 0040b2e0 f i implant.obj
 0001:0000a320       ?widen@?$ctype@D@std@@QBEDD@Z 0040b320 f i implant.obj
 0001:0000a340       ?widen@?$ctype@D@std@@QBEPBDPBD0PAD@Z 0040b340 f i implant.obj
 0001:0000a370       ?width@ios_base@std@@QAE_J_J@Z 0040b370 f i implant.obj
 0001:0000a3b0       ?width@ios_base@std@@QBE_JXZ 0040b3b0 f i implant.obj
 0001:0000a3d0       ?xsgetn@?$basic_streambuf@DU?$char_traits@D@std@@@std@@MAE_JPAD_J@Z 0040b3d0 f i implant.obj
 0001:0000a510       ?xsputn@?$basic_streambuf@DU?$char_traits@D@std@@@std@@MAE_JPBD_J@Z 0040b510 f i implant.obj
 0001:0000a650       ___local_stdio_printf_options 0040b650 f i implant.obj
 0001:0000a660       __vsnprintf_l              0040b660 f i implant.obj
 0001:0000a6b0       __vsprintf_l               0040b6b0 f i implant.obj
 0001:0000a6d0       __vsprintf_s_l             0040b6d0 f i implant.obj
 0001:0000a720       _fabsl                     0040b720 f i implant.obj
 0001:0000a740       _frexpl                    0040b740 f i implant.obj
 0001:0000a760       _sprintf                   0040b760 f i implant.obj
 0001:0000a7a0       _sprintf_s                 0040b7a0 f i implant.obj
 0001:0000a7dc       ??0_Init_locks@std@@QAE@XZ 0040b7dc f   libcpmt:xlock.obj
 0001:0000a809       ??0_Lockit@std@@QAE@H@Z    0040b809 f   libcpmt:xlock.obj
 0001:0000a83a       ??1_Init_locks@std@@QAE@XZ 0040b83a f   libcpmt:xlock.obj
 0001:0000a861       ??1_Lockit@std@@QAE@XZ     0040b861 f   libcpmt:xlock.obj
 0001:0000a880       ?uncaught_exception@std@@YA_NXZ 0040b880 f   libcpmt:uncaught.obj
 0001:0000a885       ??0bad_alloc@std@@QAE@ABV01@@Z 0040b885 f i libcpmt:xthrow.obj
 0001:0000a8a0       ??0bad_alloc@std@@QAE@XZ   0040b8a0 f i libcpmt:xthrow.obj
 0001:0000a8b8       ??0length_error@std@@QAE@ABV01@@Z 0040b8b8 f i libcpmt:xthrow.obj
 0001:0000a8d3       ??0length_error@std@@QAE@PBD@Z 0040b8d3 f i libcpmt:xthrow.obj
 0001:0000a8f4       ??0logic_error@std@@QAE@ABV01@@Z 0040b8f4 f i libcpmt:xthrow.obj
 0001:0000a90f       ??0out_of_range@std@@QAE@ABV01@@Z 0040b90f f i libcpmt:xthrow.obj
 0001:0000a92a       ??0out_of_range@std@@QAE@PBD@Z 0040b92a f i libcpmt:xthrow.obj
 0001:0000a94b       ??1bad_exception@std@@UAE@XZ 0040b94b f i libvcruntime:frame.obj
 0001:0000a94b       ??1length_error@std@@UAE@XZ 0040b94b f i libcpmt:xthrow.obj
 0001:0000a94b       ??1bad_alloc@std@@UAE@XZ   0040b94b f i libcpmt:xthrow.obj
 0001:0000a94b       ??1bad_array_new_length@std@@UAE@XZ 0040b94b f i LIBCMT:throw_bad_alloc.obj
 0001:0000a94b       ??1out_of_range@std@@UAE@XZ 0040b94b f i libcpmt:xthrow.obj
 0001:0000a95c       ??_Ebad_array_new_length@std@@UAEPAXI@Z 0040b95c f i LIBCMT:throw_bad_alloc.obj
 0001:0000a95c       ??_Gbad_exception@std@@UAEPAXI@Z 0040b95c f i libvcruntime:frame.obj
 0001:0000a95c       ??_Glength_error@std@@UAEPAXI@Z 0040b95c f i libcpmt:xthrow.obj
 0001:0000a95c       ??_Gbad_alloc@std@@UAEPAXI@Z 0040b95c f i libcpmt:xthrow.obj
 0001:0000a95c       ??_Eout_of_range@std@@UAEPAXI@Z 0040b95c f i libcpmt:xthrow.obj
 0001:0000a95c       ??_Ebad_exception@std@@UAEPAXI@Z 0040b95c f i libvcruntime:frame.obj
 0001:0000a95c       ??_Ebad_alloc@std@@UAEPAXI@Z 0040b95c f i libcpmt:xthrow.obj
 0001:0000a95c       ??_Gbad_array_new_length@std@@UAEPAXI@Z 0040b95c f i LIBCMT:throw_bad_alloc.obj
 0001:0000a95c       ??_Elogic_error@std@@UAEPAXI@Z 0040b95c f i libcpmt:xthrow.obj
 0001:0000a95c       ??_Gout_of_range@std@@UAEPAXI@Z 0040b95c f i libcpmt:xthrow.obj
 0001:0000a95c       ??_Glogic_error@std@@UAEPAXI@Z 0040b95c f i libcpmt:xthrow.obj
 0001:0000a95c       ??_Elength_error@std@@UAEPAXI@Z 0040b95c f i libcpmt:xthrow.obj
 0001:0000a989       ?_Xlength_error@std@@YAXPBD@Z 0040b989 f   libcpmt:xthrow.obj
 0001:0000a9a9       ?_Xout_of_range@std@@YAXPBD@Z 0040b9a9 f   libcpmt:xthrow.obj
 0001:0000a9c9       __Getctype                 0040b9c9 f   libcpmt:_tolower.obj
 0001:0000aa34       __Tolower                  0040ba34 f   libcpmt:_tolower.obj
 0001:0000ab2e       __Getcvt                   0040bb2e f   libcpmt:xwctomb.obj
 0001:0000ab9b       __Toupper                  0040bb9b f   libcpmt:_toupper.obj
 0001:0000ac95       ??0_Locimp@locale@std@@AAE@_N@Z 0040bc95 f i libcpmt:locale0.obj
 0001:0000acd8       ??1_Fac_node@std@@QAE@XZ   0040bcd8 f i libcpmt:locale0.obj
 0001:0000ad37       ??1_Fac_tidy_reg_t@std@@QAE@XZ 0040bd37 f i libcpmt:locale0.obj
 0001:0000ad5e       ??1_Locimp@locale@std@@MAE@XZ 0040bd5e f i libcpmt:locale0.obj
 0001:0000adb9       ??4?$_Yarn@D@std@@QAEAAV01@PBD@Z 0040bdb9 f i libcpmt:locale0.obj
 0001:0000ae0d       ??_G_Locimp@locale@std@@MAEPAXI@Z 0040be0d f i libcpmt:locale0.obj
 0001:0000ae0d       ??_E_Locimp@locale@std@@MAEPAXI@Z 0040be0d f i libcpmt:locale0.obj
 0001:0000ae2f       ?_Facet_Register@std@@YAXPAV_Facet_base@1@@Z 0040be2f f   libcpmt:locale0.obj
 0001:0000ae5d       ?_Getgloballocale@locale@std@@CAPAV_Locimp@12@XZ 0040be5d f   libcpmt:locale0.obj
 0001:0000ae63       ?_Init@locale@std@@CAPAV_Locimp@12@_N@Z 0040be63 f   libcpmt:locale0.obj
 0001:0000aef1       ?_Locimp_dtor@_Locimp@locale@std@@CAXPAV123@@Z 0040bef1 f   libcpmt:locale0.obj
 0001:0000af66       ?_Locinfo_ctor@_Locinfo@std@@SAXPAV12@PBD@Z 0040bf66 f   libcpmt:locale0.obj
 0001:0000afb1       ?_Locinfo_dtor@_Locinfo@std@@SAXPAV12@@Z 0040bfb1 f   libcpmt:locale0.obj
 0001:0000afd3       ?_New_Locimp@_Locimp@locale@std@@CAPAV123@_N@Z 0040bfd3 f   libcpmt:locale0.obj
 0001:0000affb       ?_Setgloballocale@locale@std@@CAXPAX@Z 0040bffb f   libcpmt:locale0.obj
 0001:0000b023       __Deletegloballocale       0040c023 f   libcpmt:locale0.obj
 0001:0000b088       ?_Syserror_map@std@@YAPBDH@Z 0040c088 f   libcpmt:syserror.obj
 0001:0000b0ad       ?_Addstd@ios_base@std@@SAXPAV12@@Z 0040c0ad f   libcpmt:ios.obj
 0001:0000b0fe       ?_Callfns@ios_base@std@@AAEXW4event@12@@Z 0040c0fe f i libcpmt:ios.obj
 0001:0000b130       ?_Ios_base_dtor@ios_base@std@@CAXPAV12@@Z 0040c130 f   libcpmt:ios.obj
 0001:0000b170       ?_Tidy@ios_base@std@@AAEXXZ 0040c170 f i libcpmt:ios.obj
 0001:0000b1b8       ??$_Xfiopen@D@std@@YAPAU_iobuf@@PBDHH@Z 0040c1b8 f i libcpmt:fiopen.obj
 0001:0000b25a       ?_Fiopen@std@@YAPAU_iobuf@@PBDHH@Z 0040c25a f   libcpmt:fiopen.obj
 0001:0000b263       ?_Xfsopen@std@@YAPAU_iobuf@@PBDHH@Z 0040c263 f   libcpmt:fiopen.obj
 0001:0000b280       ??0?$basic_ostream@DU?$char_traits@D@std@@@std@@QAE@PAV?$basic_streambuf@DU?$char_traits@D@std@@@1@_N@Z 0040c280 f i libcpmt:cout.obj
 0001:0000b2e7       ??0_Init_cout@std@@QAE@XZ  0040c2e7 f i libcpmt:cout.obj
 0001:0000b340       ??_D?$basic_ostream@DU?$char_traits@D@std@@@std@@QAEXXZ 0040c340 f i libcpmt:cout.obj
 0001:0000b3a0       ??_E?$basic_ostream@DU?$char_traits@D@std@@@std@@$4PPPPPPPM@A@AEPAXI@Z 0040c3a0 f i libcpmt:cout.obj
 0001:0000b3a8       ??_E?$basic_ostream@DU?$char_traits@D@std@@@std@@UAEPAXI@Z 0040c3a8 f i libcpmt:cout.obj
 0001:0000b3a8       ??_G?$basic_ostream@DU?$char_traits@D@std@@@std@@UAEPAXI@Z 0040c3a8 f i libcpmt:cout.obj
 0001:0000b3cd       ??0_Init_cerr@std@@QAE@XZ  0040c3cd f i libcpmt:cerr.obj
 0001:0000b3fd       __Mtxdst                   0040c3fd f   libcpmt:xmtx.obj
 0001:0000b40b       __Mtxinit                  0040c40b f   libcpmt:xmtx.obj
 0001:0000b422       __Mtxlock                  0040c422 f   libcpmt:xmtx.obj
 0001:0000b430       __Mtxunlock                0040c430 f   libcpmt:xmtx.obj
 0001:0000b43e       ___crtLCMapStringA         0040c43e f   libcpmt:StlLCMapStringA.obj
 0001:0000b641       __freea_crt                0040c641 f i libcpmt:StlLCMapStringA.obj
 0001:0000b65f       ??1_Init_atexit@@QAE@XZ    0040c65f f i libcpmt:iosptrs.obj
 0001:0000b6c3       ?_Atexit@@YAXP6AXXZ@Z      0040c6c3 f   libcpmt:iosptrs.obj
 0001:0000ba9b       ___crtInitializeCriticalSectionEx 0040ca9b f   libcpmt:winapisupp.obj
 0001:0000bad3       _GetTableIndexFromLocaleName 0040cad3 f   libcpmt:winapinls.obj
 0001:0000bb21       ___crtDownlevelLocaleNameToLCID 0040cb21 f   libcpmt:winapinls.obj
 0001:0000bb4b       ___crtLCMapStringEx        0040cb4b f   libcpmt:winapinls.obj
 0001:0000bba1       ___wcsnicmp_ascii          0040cba1 f   libcpmt:winapinls.obj
 0001:0000bc14       _GetAdaptersInfo@8         0040cc14 f   iphlpapi:IPHLPAPI.DLL
 0001:0000bc1a       ??2@YAPAXI@Z               0040cc1a f   LIBCMT:new_scalar.obj
 0001:0000bc4d       ??3@YAXPAX@Z               0040cc4d f   LIBCMT:delete_scalar.obj
 0001:0000bc52       ??3@YAXPAXI@Z              0040cc52 f   LIBCMT:delete_scalar_size.obj
 0001:0000bc60       ??_V@YAXPAX@Z              0040cc60 f   LIBCMT:delete_array.obj
 0001:0000bca9       ___scrt_acquire_startup_lock 0040cca9 f   LIBCMT:utility.obj
 0001:0000bcde       ___scrt_initialize_crt     0040ccde f   LIBCMT:utility.obj
 0001:0000bd17       ___scrt_initialize_onexit_tables 0040cd17 f   LIBCMT:utility.obj
 0001:0000bdae       ___scrt_is_nonwritable_in_current_image 0040cdae f   LIBCMT:utility.obj
 0001:0000be38       ___scrt_release_startup_lock 0040ce38 f   LIBCMT:utility.obj
 0001:0000be55       ___scrt_uninitialize_crt   0040ce55 f   LIBCMT:utility.obj
 0001:0000be7d       __onexit                   0040ce7d f   LIBCMT:utility.obj
 0001:0000beb8       _atexit                    0040ceb8 f   LIBCMT:utility.obj
 0001:0000becd       ___raise_securityfailure   0040cecd f   LIBCMT:gs_report.obj
 0001:0000bef5       ___report_gsfailure        0040cef5 f   LIBCMT:gs_report.obj
 0001:0000bff0       ___report_rangecheckfailure 0040cff0 f   LIBCMT:gs_report.obj
 0001:0000bffc       ___report_securityfailure  0040cffc f   LIBCMT:gs_report.obj
 0001:0000c1a8       __Init_thread_footer       0040d1a8 f   LIBCMT:thread_safe_statics.obj
 0001:0000c1e7       __Init_thread_header       0040d1e7 f   LIBCMT:thread_safe_statics.obj
 0001:0000c22d       __Init_thread_lock         0040d22d f   LIBCMT:thread_safe_statics.obj
 0001:0000c239       __Init_thread_notify       0040d239 f   LIBCMT:thread_safe_statics.obj
 0001:0000c27a       __Init_thread_unlock       0040d27a f   LIBCMT:thread_safe_statics.obj
 0001:0000c286       __Init_thread_wait         0040d286 f   LIBCMT:thread_safe_statics.obj
 0001:0000c2eb       @__security_check_cookie@4 0040d2eb f   LIBCMT:_secchk_.obj
 0001:0000c2fc       ??_Etype_info@@UAEPAXI@Z   0040d2fc f i LIBCMT:std_type_info_static.obj
 0001:0000c2fc       ??_Gtype_info@@UAEPAXI@Z   0040d2fc f i LIBCMT:std_type_info_static.obj
 0001:0000c545       _wWinMainCRTStartup        0040d545 f   LIBCMT:exe_wwinmain.obj
 0001:0000c54f       @_guard_check_icall@4      0040d54f f i LIBCMT:checkcfg.obj
 0001:0000c555       __EH_epilog3               0040d555 f   LIBCMT:ehprolg3.obj
 0001:0000c56a       __EH_prolog3               0040d56a f   LIBCMT:ehprolg3.obj
 0001:0000c59e       __EH_prolog3_catch         0040d59e f   LIBCMT:ehprolg3.obj
 0001:0000c5e0       __alloca_probe_16          0040d5e0 f   LIBCMT:alloca16.obj
 0001:0000c5f6       __alloca_probe_8           0040d5f6     LIBCMT:alloca16.obj
 0001:0000c610       __allmul                   0040d610 f   LIBCMT:llmul.obj
 0001:0000c650       __aulldiv                  0040d650 f   LIBCMT:ulldiv.obj
 0001:0000c6b8       ??0bad_array_new_length@std@@QAE@ABV01@@Z 0040d6b8 f i LIBCMT:throw_bad_alloc.obj
 0001:0000c6d3       ??0bad_array_new_length@std@@QAE@XZ 0040d6d3 f i LIBCMT:throw_bad_alloc.obj
 0001:0000c6eb       ?__scrt_throw_std_bad_alloc@@YAXXZ 0040d6eb f   LIBCMT:throw_bad_alloc.obj
 0001:0000c6eb       ?_Xbad_alloc@std@@YAXXZ    0040d6eb f   libcpmt:xthrow.obj
 0001:0000c708       ?__scrt_throw_std_bad_array_new_length@@YAXXZ 0040d708 f   LIBCMT:throw_bad_alloc.obj
 0001:0000c725       ___isa_available_init      0040d725 f   LIBCMT:_cpu_disp_.obj
 0001:0000c8bf       __get_startup_argv_mode    0040d8bf f   LIBCMT:argv_mode.obj
 0001:0000c8c3       ___scrt_is_ucrt_dll_in_use 0040d8c3 f   LIBCMT:ucrt_detection.obj
 0001:0000c8cf       ___scrt_fastfail           0040d8cf f   LIBCMT:utility_desktop.obj
 0001:0000c9ea       ___scrt_get_show_window_mode 0040d9ea f   LIBCMT:utility_desktop.obj
 0001:0000ca1d       __matherr                  0040da1d f   LIBCMT:matherr.obj
 0001:0000ca1d       ___scrt_initialize_winrt   0040da1d f   LIBCMT:utility_desktop.obj
 0001:0000ca1d       __get_startup_commit_mode  0040da1d f   LIBCMT:commit_mode.obj
 0001:0000ca1d       __get_startup_thread_locale_mode 0040da1d f   LIBCMT:thread_locale.obj
 0001:0000ca1d       __get_startup_new_mode     0040da1d f   LIBCMT:new_mode.obj
 0001:0000ca20       ___scrt_is_managed_app     0040da20 f   LIBCMT:utility_desktop.obj
 0001:0000ca64       ___scrt_set_unhandled_exception_filter 0040da64 f   LIBCMT:utility_desktop.obj
 0001:0000ca70       ___scrt_unhandled_exception_filter@4 0040da70 f   LIBCMT:utility_desktop.obj
 0001:0000cab1       __crt_debugger_hook        0040dab1 f   LIBCMT:utility_desktop.obj
 0001:0000cac0       __SEH_prolog4              0040dac0 f   LIBCMT:_sehprolg4_.obj
 0001:0000cb06       __SEH_epilog4              0040db06 f   LIBCMT:_sehprolg4_.obj
 0001:0000cb1b       ___security_init_cookie    0040db1b f   LIBCMT:gs_support.obj
 0001:0000cbb7       __get_startup_file_mode    0040dbb7 f   LIBCMT:file_mode.obj
 0001:0000cbbd       ?__scrt_initialize_type_info@@YAXXZ 0040dbbd f   LIBCMT:tncleanup.obj
 0001:0000cbc9       __initialize_default_precision 0040dbc9 f   LIBCMT:default_precision.obj
 0001:0000cbea       __initialize_denormal_control 0040dbea f   LIBCMT:denormal_control.obj
 0001:0000cbea       ___except_validate_context_record 0040dbea f   libvcruntime:jbcxrval.obj
 0001:0000cbea       __initialize_invalid_parameter_handler 0040dbea f   LIBCMT:invalid_parameter_handler.obj
 0001:0000cbea       @_guard_check_icall_nop@4  0040dbea f   LIBCMT:guard_support.obj
 0001:0000cbea       ___except_validate_jump_buffer 0040dbea f   libvcruntime:jbcxrval.obj
 0001:0000cbeb       ___local_stdio_scanf_options 0040dbeb f i LIBCMT:default_local_stdio_options.obj
 0001:0000cbf1       ___scrt_initialize_default_local_stdio_options 0040dbf1 f   LIBCMT:default_local_stdio_options.obj
 0001:0000cc0e       ___scrt_is_user_matherr_present 0040dc0e f   LIBCMT:matherr_detection.obj
 0001:0000cc1a       ___scrt_get_dyn_tls_init_callback 0040dc1a f   LIBCMT:dyn_tls_init.obj
 0001:0000cc20       ___scrt_get_dyn_tls_dtor_callback 0040dc20 f   LIBCMT:dyn_tls_dtor.obj
 0001:0000cc26       __RTC_Initialize           0040dc26 f   LIBCMT:_initsect_.obj
 0001:0000cc51       __RTC_Terminate            0040dc51 f   LIBCMT:_initsect_.obj
 0001:0000cc80       __chkstk                   0040dc80 f   LIBCMT:chkstk.obj
[...]
 0002:0000d860       __ehfuncinfo$?_Ipfx@?$basic_istream@DU?$char_traits@D@std@@@std@@QAE_N_N@Z 00437860     implant.obj
 0002:0000d884       __catchsym$?read@?$basic_istream@DU?$char_traits@D@std@@@std@@QAEAAV12@PAD_J@Z$2 00437884     implant.obj
 0002:0000d894       __unwindtable$?read@?$basic_istream@DU?$char_traits@D@std@@@std@@QAEAAV12@PAD_J@Z 00437894     implant.obj
 0002:0000d8a4       __tryblocktable$?read@?$basic_istream@DU?$char_traits@D@std@@@std@@QAEAAV12@PAD_J@Z 004378a4     implant.obj
 0002:0000d8b8       __ehfuncinfo$?read@?$basic_istream@DU?$char_traits@D@std@@@std@@QAEAAV12@PAD_J@Z 004378b8     implant.obj
 0002:0000d8dc       __catchsym$??0?$vector@DV?$allocator@D@std@@@std@@QAE@I@Z$2 004378dc     implant.obj
 0002:0000d8ec       __unwindtable$??0?$vector@DV?$allocator@D@std@@@std@@QAE@I@Z 004378ec     implant.obj
 0002:0000d8fc       __tryblocktable$??0?$vector@DV?$allocator@D@std@@@std@@QAE@I@Z 004378fc     implant.obj
 0002:0000d910       __ehfuncinfo$??0?$vector@DV?$allocator@D@std@@@std@@QAE@I@Z 00437910     implant.obj
 0002:0000d934       __catchsym$?_Init@?$numpunct@D@std@@IAEXABV_Locinfo@2@_N@Z$2 00437934     implant.obj
 0002:0000d944       __unwindtable$?_Init@?$numpunct@D@std@@IAEXABV_Locinfo@2@_N@Z 00437944     implant.obj
 0002:0000d954       __tryblocktable$?_Init@?$numpunct@D@std@@IAEXABV_Locinfo@2@_N@Z 00437954     implant.obj
 0002:0000d968       __ehfuncinfo$?_Init@?$numpunct@D@std@@IAEXABV_Locinfo@2@_N@Z 00437968     implant.obj
 0002:0000db60       __ehfuncinfo$??1_Fac_node@std@@QAE@XZ 00437b60     libcpmt:locale0.obj
 0002:0000db60       __ehfuncinfo$??1_Locimp@locale@std@@MAE@XZ 00437b60     libcpmt:locale0.obj
 0002:0000db60       __ehfuncinfo$??1_Init_atexit@@QAE@XZ 00437b60     libcpmt:iosptrs.obj
 0002:0000db84       __unwindtable$?_Locimp_dtor@_Locimp@locale@std@@CAXPAV123@@Z 00437b84     libcpmt:locale0.obj
 0002:0000db8c       __ehfuncinfo$?_Locimp_dtor@_Locimp@locale@std@@CAXPAV123@@Z 00437b8c     libcpmt:locale0.obj
 0002:0000dbb0       __unwindtable$?_Init@locale@std@@CAPAV_Locimp@12@_N@Z 00437bb0     libcpmt:locale0.obj
 0002:0000dbb8       __ehfuncinfo$?_Init@locale@std@@CAPAV_Locimp@12@_N@Z 00437bb8     libcpmt:locale0.obj
 0002:0000dbdc       __unwindtable$??0?$basic_ostream@DU?$char_traits@D@std@@@std@@QAE@PAV?$basic_streambuf@DU?$char_traits@D@std@@@1@_N@Z 00437bdc     libcpmt:cout.obj
 0002:0000dbe4       __ehfuncinfo$??0?$basic_ostream@DU?$char_traits@D@std@@@std@@QAE@PAV?$basic_streambuf@DU?$char_traits@D@std@@@1@_N@Z 00437be4     libcpmt:cout.obj
 0002:0000dc08       __unwindtable$??_D?$basic_ostream@DU?$char_traits@D@std@@@std@@QAEXXZ 00437c08     libcpmt:cout.obj
 0002:0000dc10       __ehfuncinfo$??_D?$basic_ostream@DU?$char_traits@D@std@@@std@@QAEXXZ 00437c10     libcpmt:cout.obj
 0002:0000dc38       __sehtable$___scrt_is_nonwritable_in_current_image 00437c38     LIBCMT:utility.obj
 0002:0000dc58       __sehtable$?__scrt_common_main_seh@@YAHXZ 00437c58     LIBCMT:exe_wwinmain.obj
 0002:0000dcb0       __sehtable$___FrameUnwindToState 00437cb0     libvcruntime:frame.obj
 0002:0000dcd8       __sehtable$?CallCatchBlock@@YAPAXPAUEHExceptionRecord@@PAUEHRegistrationNode@@PAU_CONTEXT@@PBU_s_FuncInfo@@PAXHK@Z 00437cd8     libvcruntime:frame.obj
 0002:0000dd00       __sehtable$___BuildCatchObject 00437d00     libvcruntime:frame.obj
 0002:0000dd20       __sehtable$___DestructExceptionObject 00437d20     libvcruntime:frame.obj
 0002:0000dd3c       __catchsym$?CallUnexpected@@YAXPBU_s_ESTypeList@@@Z$2 00437d3c     libvcruntime:frame.obj
 0002:0000dd4c       __unwindtable$?CallUnexpected@@YAXPBU_s_ESTypeList@@@Z 00437d4c     libvcruntime:frame.obj
 0002:0000dd5c       __tryblocktable$?CallUnexpected@@YAXPBU_s_ESTypeList@@@Z 00437d5c     libvcruntime:frame.obj
 0002:0000dd70       __ehfuncinfo$?CallUnexpected@@YAXPBU_s_ESTypeList@@@Z 00437d70     libvcruntime:frame.obj
 0002:0000dd98       __sehtable$___BuildCatchObjectHelper 00437d98     libvcruntime:frame.obj
 0002:0000ddf0       __sehtable$?common_exit@@YAXHW4_crt_exit_cleanup_mode@@W4_crt_exit_return_mode@@@Z 00437df0     libucrt:exit.obj
 0002:0000de18       __sehtable$_fclose         00437e18     libucrt:fclose.obj
 0002:0000de38       __sehtable$_fflush         00437e38     libucrt:fflush.obj
 0002:0000de58       __sehtable$_common_flush_all 00437e58     libucrt:fflush.obj
 0002:0000de80       __sehtable$_fgetc          00437e80     libucrt:fgetc.obj
 0002:0000dea0       __sehtable$??$common_fsopen@D@@YAPAU_iobuf@@QBD0H@Z 00437ea0     libucrt:fopen.obj
 0002:0000dec0       __sehtable$_fputc          00437ec0     libucrt:fputc.obj
 0002:0000dee0       __sehtable$_fread_s        00437ee0     libucrt:fread.obj
 0002:0000df00       __sehtable$?common_fseek@@YAHV__crt_stdio_stream@@_JH@Z 00437f00     libucrt:fseek.obj
 0002:0000df20       __sehtable$??$common_ftell@J@@YAJV__crt_stdio_stream@@@Z 00437f20     libucrt:ftell.obj
 0002:0000df40       __sehtable$??$common_ftell@_J@@YA_JV__crt_stdio_stream@@@Z 00437f40     libucrt:ftell.obj
 0002:0000df60       __sehtable$??$?RV<lambda_11b4f7b0d3157825a5656a18eba1ae27>@@AAV<lambda_b51c0495177f500e782686251704ae76>@@V<lambda_cf89b47920b5017557bfe891e78aca36>@@@?$__crt_seh_guarded_call@I@@QAEI$$QAV<lambda_11b4f7b0d3157825a5656a18eba1ae27>@@AAV<lambda_b51c0495177f500e782686251704ae76>@@$$QAV<lambda_cf89b47920b5017557bfe891e78aca36>@@@Z 00437f60     libucrt:fwrite.obj
 0002:0000df80       __sehtable$_rewind         00437f80     libucrt:rewind.obj
 0002:0000dfa0       __sehtable$??$?RV<lambda_d92cfe8357b99225085016881b624cb0>@@AAV<lambda_b721fa326cdb32351d23dfa67958c160>@@V<lambda_42d75b0848218ec137fa420c8ba9fdf9>@@@?$__crt_seh_guarded_call@H@@QAEH$$QAV<lambda_d92cfe8357b99225085016881b624cb0>@@AAV<lambda_b721fa326cdb32351d23dfa67958c160>@@$$QAV<lambda_42d75b0848218ec137fa420c8ba9fdf9>@@@Z 00437fa0     libucrt:setvbuf.obj
 0002:0000dfc0       __sehtable$_ungetc         00437fc0     libucrt:ungetc.obj
 0002:0000dfe0       __sehtable$_setlocale      00437fe0     libucrt:setlocale.obj
 0002:0000e000       __sehtable$__query_new_handler 00438000     libucrt:new_handler.obj
 0002:0000e020       __sehtable$??$?RV<lambda_800076c951b434888f4765a74a194fcc>@@AAV<lambda_4e60a939b0d047cfe11ddc22648dfba9>@@V<lambda_6dbb1268764f43b569ce7b67e331d33a>@@@?$__crt_seh_guarded_call@H@@QAEH$$QAV<lambda_800076c951b434888f4765a74a194fcc>@@AAV<lambda_4e60a939b0d047cfe11ddc22648dfba9>@@$$QAV<lambda_6dbb1268764f43b569ce7b67e331d33a>@@@Z 00438020     libucrt:onexit.obj
 0002:0000e040       __sehtable$??$?RV<lambda_995298e7d72eb4c2aab26c0585b3abe5>@@AAV<lambda_275893d493268fdec8709772e3fcec0e>@@V<lambda_293819299cbf9a7022e18b56a874bb5c>@@@?$__crt_seh_guarded_call@H@@QAEH$$QAV<lambda_995298e7d72eb4c2aab26c0585b3abe5>@@AAV<lambda_275893d493268fdec8709772e3fcec0e>@@$$QAV<lambda_293819299cbf9a7022e18b56a874bb5c>@@@Z 00438040     libucrt:onexit.obj
 0002:0000e060       __sehtable$___acrt_uninitialize_locale 00438060     libucrt:wsetlocale.obj
 0002:0000e080       __sehtable$??$?RV<lambda_70818de7b02deff9841e8b0962a60ed9>@@AAV<lambda_2af78c5f5901b1372d98f9ab3177dfa6>@@AAV<lambda_f51fe5fd7c79a33db34fc9310f277369>@@@?$__crt_seh_guarded_call@X@@QAEX$$QAV<lambda_70818de7b02deff9841e8b0962a60ed9>@@AAV<lambda_2af78c5f5901b1372d98f9ab3177dfa6>@@AAV<lambda_f51fe5fd7c79a33db34fc9310f277369>@@@Z 00438080     libucrt:wsetlocale.obj
 0002:0000e0a0       __sehtable$??$?RV<lambda_c76fdea48760d5f9368b465f31df4405>@@AAV<lambda_e378711a6f6581bf7f0efd7cdf97f5d9>@@V<lambda_e927a58b2a85c081d733e8c6192ae2d2>@@@?$__crt_seh_guarded_call@X@@QAEX$$QAV<lambda_c76fdea48760d5f9368b465f31df4405>@@AAV<lambda_e378711a6f6581bf7f0efd7cdf97f5d9>@@$$QAV<lambda_e927a58b2a85c081d733e8c6192ae2d2>@@@Z 004380a0     libucrt:wsetlocale.obj
 0002:0000e0c0       __sehtable$_terminate      004380c0     libucrt:terminate.obj
 0002:0000e0e0       __sehtable$??$?RV<lambda_9df27f884b057bc3edfc946cb5b7cf47>@@AAV<lambda_e69574bed617af4e071282c136b37893>@@V<lambda_cc0d902bcbbeb830f749456577db4721>@@@?$__crt_seh_guarded_call@X@@QAEX$$QAV<lambda_9df27f884b057bc3edfc946cb5b7cf47>@@AAV<lambda_e69574bed617af4e071282c136b37893>@@$$QAV<lambda_cc0d902bcbbeb830f749456577db4721>@@@Z 004380e0     libucrt:per_thread_data.obj
 0002:0000e100       __sehtable$??$?RV<lambda_3518db117f0e7cdb002338c5d3c47b6c>@@AAV<lambda_b2ea41f6bbb362cd97d94c6828d90b61>@@V<lambda_abdedf541bb04549bc734292b4a045d4>@@@?$__crt_seh_guarded_call@X@@QAEX$$QAV<lambda_3518db117f0e7cdb002338c5d3c47b6c>@@AAV<lambda_b2ea41f6bbb362cd97d94c6828d90b61>@@$$QAV<lambda_abdedf541bb04549bc734292b4a045d4>@@@Z 00438100     libucrt:per_thread_data.obj
 0002:0000e120       __sehtable$??$?RV<lambda_51b6e8b1eb166f2a3faf91f424b38130>@@AAV<lambda_6250bd4b2a391816dd638c3bf72b0bcb>@@V<lambda_0b5a4a3e68152e1d9b943535f5f47bed>@@@?$__crt_seh_guarded_call@X@@QAEX$$QAV<lambda_51b6e8b1eb166f2a3faf91f424b38130>@@AAV<lambda_6250bd4b2a391816dd638c3bf72b0bcb>@@$$QAV<lambda_0b5a4a3e68152e1d9b943535f5f47bed>@@@Z 00438120     libucrt:per_thread_data.obj
 0002:0000e140       __sehtable$??$?RV<lambda_5b71d36f03204c0beab531769a5b5694>@@AAV<lambda_be2b3da3f62db62e9dad5dc70221a656>@@V<lambda_8f9ce462984622f9bf76b59e2aaaf805>@@@?$__crt_seh_guarded_call@X@@QAEX$$QAV<lambda_5b71d36f03204c0beab531769a5b5694>@@AAV<lambda_be2b3da3f62db62e9dad5dc70221a656>@@$$QAV<lambda_8f9ce462984622f9bf76b59e2aaaf805>@@@Z 00438140     libucrt:per_thread_data.obj
 0002:0000e160       __sehtable$??$?RV<lambda_9227be29367c048ad7fd93a717dcb1a1>@@AAV<lambda_a463b7b0560cfcaf9b17f27c6ef46564>@@V<lambda_ccea11b5727ccf69be64f5f5d9a08d9f>@@@?$__crt_seh_guarded_call@H@@QAEH$$QAV<lambda_9227be29367c048ad7fd93a717dcb1a1>@@AAV<lambda_a463b7b0560cfcaf9b17f27c6ef46564>@@$$QAV<lambda_ccea11b5727ccf69be64f5f5d9a08d9f>@@@Z 00438160     libucrt:winapi_thunks.obj
 0002:0000e180       __sehtable$___set_fpsr_sse2 00438180     libucrt:fpctrl.obj
 0002:0000e1a0       __sehtable$__fcloseall     004381a0     libucrt:closeall.obj
 0002:0000e1c0       __sehtable$___acrt_initialize_lowio 004381c0     libucrt:ioinit.obj
 0002:0000e1e0       __sehtable$??$?RV<lambda_123407a5e2ac06da108355a851863b7a>@@AAV<lambda_2fe9b910cf3cbf4a0ab98a02ba45b3ec>@@V<lambda_ae55bdf541ad94d75914d381c370e64d>@@@?$__crt_seh_guarded_call@H@@QAEH$$QAV<lambda_123407a5e2ac06da108355a851863b7a>@@AAV<lambda_2fe9b910cf3cbf4a0ab98a02ba45b3ec>@@$$QAV<lambda_ae55bdf541ad94d75914d381c370e64d>@@@Z 004381e0     libucrt:close.obj
 0002:0000e200       __sehtable$?__acrt_stdio_allocate_stream@@YA?AV__crt_stdio_stream@@XZ 00438200     libucrt:stream.obj
 0002:0000e220       __sehtable$??$?RV<lambda_61cee617f5178ae960314fd4d05640a0>@@AAV<lambda_6978c1fb23f02e42e1d9e99668cc68aa>@@V<lambda_9cd88cf8ad10232537feb2133f08c833>@@@?$__crt_seh_guarded_call@H@@QAEH$$QAV<lambda_61cee617f5178ae960314fd4d05640a0>@@AAV<lambda_6978c1fb23f02e42e1d9e99668cc68aa>@@$$QAV<lambda_9cd88cf8ad10232537feb2133f08c833>@@@Z 00438220     libucrt:commit.obj
 0002:0000e240       __sehtable$__write         00438240     libucrt:write.obj
 0002:0000e260       __sehtable$__read          00438260     libucrt:read.obj
 0002:0000e280       __sehtable$??$common_lseek@J@@YAJHJH@Z 00438280     libucrt:lseek.obj
 0002:0000e2a0       __sehtable$??$common_lseek@_J@@YA_JH_JH@Z 004382a0     libucrt:lseek.obj
 0002:0000e2c0       __sehtable$_raise          004382c0     libucrt:signal.obj
 0002:0000e2e0       __sehtable$??$?RV<lambda_a048d3beccc847880fc8490e18b82769>@@AAV<lambda_ec61778202f4f5fc7e7711acc23c3bca>@@V<lambda_f7496a158712204296dd6628a163878e>@@@?$__crt_seh_guarded_call@P6AXH@Z@@QAEP6AXH@Z$$QAV<lambda_a048d3beccc847880fc8490e18b82769>@@AAV<lambda_ec61778202f4f5fc7e7711acc23c3bca>@@$$QAV<lambda_f7496a158712204296dd6628a163878e>@@@Z 004382e0     libucrt:signal.obj
 0002:0000e300       __sehtable$___acrt_update_thread_multibyte_data 00438300     libucrt:mbctype.obj
 0002:0000e320       __sehtable$??$?RV<lambda_978dc153c237d78434369da87b74ff60>@@AAV<lambda_ad1ced32f4ac17aa236e5ef05d6b3b7c>@@V<lambda_4a8533e2866a575feecb8298ce776b0d>@@@?$__crt_seh_guarded_call@X@@QAEX$$QAV<lambda_978dc153c237d78434369da87b74ff60>@@AAV<lambda_ad1ced32f4ac17aa236e5ef05d6b3b7c>@@$$QAV<lambda_4a8533e2866a575feecb8298ce776b0d>@@@Z 00438320     libucrt:mbctype.obj
 0002:0000e340       __sehtable$__alloc_osfhnd  00438340     libucrt:osfinfo.obj
 0002:0000e360       __sehtable$___acrt_lowio_ensure_fh_exists 00438360     libucrt:osfinfo.obj
 0002:0000e380       __sehtable$___acrt_update_thread_locale_data 00438380     libucrt:locale_refcounting.obj
 0002:0000e3a0       __sehtable$??$common_sopen_dispatch@D@@YAHQBDHHHQAHH@Z 004383a0     libucrt:open.obj
 0002:0000e3c0       __sehtable$__IsNonwritableInCurrentImage 004383c0     LIBCMT:pesect.obj
 0002:0000e63a       .idata$6                   0043863a     wininet:WININET.dll
 0002:0000e658       .idata$6                   00438658     iphlpapi:IPHLPAPI.DLL
 0002:0000e976       .idata$6                   00438976     kernel32:KERNEL32.dll
 0003:00000000       __guard_fids____dcrt_uninitialize_environments_nolock 00439000     libucrt:environment_initialization.obj
 0003:00000008       __guard_fids__             00439008     libucrt:initialization.obj
 0003:00000068       __guard_fids__             00439068     libucrt:wsetlocale.obj
 0003:00000080       __guard_fids____acrt_initialize_ptd 00439080     libucrt:per_thread_data.obj
 0003:00000084       __guard_fids_??$?RV<lambda_9227be29367c048ad7fd93a717dcb1a1>@@AAV<lambda_a463b7b0560cfcaf9b17f27c6ef46564>@@V<lambda_ccea11b5727ccf69be64f5f5d9a08d9f>@@@?$__crt_seh_guarded_call@H@@QAEH$$QAV<lambda_9227be29367c048ad7fd93a717dcb1a1>@@AAV<lambda_a463b7b0560cfcaf9b17f27c6ef46564>@@$$QAV<lambda_ccea11b5727ccf69be64f5f5d9a08d9f>@@@Z 00439084     libucrt:winapi_thunks.obj
 0003:00000088       __guard_fids__             00439088     libucrt:stdio_initializer.obj
 0003:0000008c       __guard_fids__             0043908c     libucrt:stdio_initializer.obj
 0003:00000090       __guard_fids_??$expand_argument_wildcards@_W@@YAHQA_W0AAV?$argument_list@_W@?A0xb0e4b824@@@Z 00439090     libucrt:argv_wildcards.obj
 0003:00000094       __guard_fids__             00439094     libucrt:locale_initializer.obj
 0003:00000098       __guard_fids__GetLocaleNameFromLangCountry 00439098     libucrt:get_qualified_locale.obj
 0003:0000009c       __guard_fids__GetLocaleNameFromLanguage 0043909c     libucrt:get_qualified_locale.obj
 0003:000000a0       __guard_fids__GetLcidFromLangCountry 004390a0     libucrt:getqloc_downlevel.obj
 0003:000000a4       __guard_fids__GetLcidFromLanguage 004390a4     libucrt:getqloc_downlevel.obj
 0003:000000a8       __guard_fids__GetLcidFromCountry 004390a8     libucrt:getqloc_downlevel.obj
 0003:000000ac       __guard_fids__             004390ac     libucrt:sse2_initializer.obj
 0003:000000b0       __guard_fids____libm_error_support 004390b0     libucrt:libm_error.obj
 0003:000000b4       __guard_fids__             004390b4     libucrt:timeset_initializer.obj
 0003:000000b8       __guard_fids__             004390b8     libucrt:multibyte_initializer.obj
 0003:000000bc       __guard_fids__             004390bc     libucrt:console_output_initializer.obj
 0003:000000c0       __guard_fids_??__Einitlocks@std@@YAXXZ 004390c0     libcpmt:xlock.obj
 0003:000000c4       __guard_fids__             004390c4     libcpmt:xlock.obj
 0003:000000c8       __guard_fids__             004390c8     libcpmt:xthrow.obj
 0003:000000d0       __guard_fids__             004390d0     libcpmt:xthrow.obj
 0003:000000d8       __guard_fids__             004390d8     libcpmt:xthrow.obj
 0003:000000e0       __guard_fids__             004390e0     libcpmt:xthrow.obj
 0003:000000e8       __guard_fids__             004390e8     libcpmt:xthrow.obj
 0003:000000ec       __guard_fids__             004390ec     libcpmt:xthrow.obj
 0003:000000f0       __guard_fids__             004390f0     libcpmt:xthrow.obj
 0003:000000f4       __guard_fids__             004390f4     libcpmt:xthrow.obj
 0003:000000f8       __guard_fids__             004390f8     libcpmt:xthrow.obj
 0003:000000fc       __guard_fids__             004390fc     libcpmt:xthrow.obj
 0003:00000100       __guard_fids__             00439100     libcpmt:xthrow.obj
 0003:00000104       __guard_fids_??__E_Fac_tidy_reg@std@@YAXXZ 00439104     libcpmt:locale0.obj
 0003:00000108       __guard_fids_?_Setgloballocale@locale@std@@CAXPAX@Z 00439108     libcpmt:locale0.obj
 0003:0000010c       __guard_fids_??__Eclassic_locale@std@@YAXXZ 0043910c     libcpmt:locale0.obj
 0003:00000110       __guard_fids__             00439110     libcpmt:locale0.obj
 0003:0000011c       __guard_fids__             0043911c     libcpmt:locale0.obj
 0003:00000120       __guard_fids__             00439120     libcpmt:locale0.obj
 0003:00000124       __guard_fids_??__Einitlocks@@YAXXZ 00439124     libcpmt:cout.obj
 0003:00000128       __guard_fids_??__Efout@std@@YAXXZ 00439128     libcpmt:cout.obj
 0003:0000012c       __guard_fids_??__Ecout@std@@YAXXZ 0043912c     libcpmt:cout.obj
 0003:00000130       __guard_fids__             00439130     libcpmt:cout.obj
 0003:00000134       __guard_fids__             00439134     libcpmt:cout.obj
 0003:00000138       __guard_fids__             00439138     libcpmt:cout.obj
 0003:0000013c       __guard_fids__             0043913c     libcpmt:cout.obj
 0003:00000140       __guard_fids__             00439140     libcpmt:cout.obj
 0003:00000144       __guard_fids_??__Einitlocks@@YAXXZ 00439144     libcpmt:cerr.obj
 0003:00000148       __guard_fids_??__Eferr@std@@YAXXZ 00439148     libcpmt:cerr.obj
 0003:0000014c       __guard_fids_??__Ecerr@std@@YAXXZ 0043914c     libcpmt:cerr.obj
 0003:00000150       __guard_fids__             00439150     libcpmt:cerr.obj
 0003:00000154       __guard_fids__             00439154     libcpmt:cerr.obj
 0003:00000158       __guard_fids__             00439158     libcpmt:cerr.obj
 0003:0000015c       __guard_fids__             0043915c     libcpmt:cerr.obj
 0003:00000160       __guard_fids_??__Einitlocks@std@@YAXXZ 00439160     libcpmt:iosptrs.obj
 0003:00000164       __guard_fids_??__Einit_atexit@@YAXXZ 00439164     libcpmt:iosptrs.obj
 0003:00000168       __guard_fids__             00439168     libcpmt:iosptrs.obj
 0003:0000016c       __guard_fids__             0043916c     libcpmt:iosptrs.obj
 0003:00000170       __guard_fids__             00439170     libcpmt:winapisupp.obj
 0003:00000174       __guard_fids__             00439174     LIBCMT:thread_safe_statics.obj
 0003:00000178       __guard_fids_?__scrt_initialize_thread_safe_statics@@YAHXZ 00439178     LIBCMT:thread_safe_statics.obj
 0003:0000017c       __guard_fids__             0043917c     LIBCMT:std_type_info_static.obj
 0003:00000180       __guard_fids__             00439180     LIBCMT:exe_wwinmain.obj
 0003:00000184       __guard_fids__             00439184     LIBCMT:exe_wwinmain.obj
 0003:00000188       __guard_fids__             00439188     LIBCMT:exe_wwinmain.obj
 0003:0000018c       __guard_fids_?pre_c_initialization@@YAHXZ 0043918c     LIBCMT:exe_wwinmain.obj
 0003:00000194       __guard_fids__             00439194     LIBCMT:throw_bad_alloc.obj
 0003:0000019c       __guard_fids__             0043919c     LIBCMT:throw_bad_alloc.obj
 0003:000001a0       __guard_fids__             004391a0     LIBCMT:throw_bad_alloc.obj
 0003:000001a4       __guard_fids____scrt_set_unhandled_exception_filter 004391a4     LIBCMT:utility_desktop.obj
 0003:000001a8       __guard_fids__             004391a8     LIBCMT:guard_support.obj
 0003:000001ac       __guard_fids__             004391ac     libvcruntime:frame.obj
 0003:000001b0       __guard_fids__             004391b0     libvcruntime:frame.obj
 0003:000001b8       __guard_fids__             004391b8     libvcruntime:frame.obj
 0003:000001bc       __guard_fids__             004391bc     libvcruntime:frame.obj
 0003:000001c0       __guard_fids____vcrt_initialize_ptd 004391c0     libvcruntime:per_thread_data.obj
