 agent

 Timestamp is 5a161228 (Wed Nov 22 16:11:20 2017)

 Preferred load address is 00400000

 Start         Length     Name                   Class
 0001:00000000 000000d0H .text$di                CODE
 0001:000000d0 0001b8a0H .text$mn                CODE
 0001:0001b970 00000280H .text$x                 CODE
 0001:0001bbf0 0000005fH .text$yd                CODE
 0002:00000000 00000134H .idata$5                DATA
 0002:00000134 00000004H .00cfg                  DATA
 0002:00000138 00000004H .CRT$XCA                DATA
 0002:0000013c 00000004H .CRT$XCAA               DATA
 0002:00000140 0000001cH .CRT$XCC                DATA
 0002:0000015c 00000008H .CRT$XCL                DATA
 0002:00000164 00000004H .CRT$XCZ                DATA
 0002:00000168 00000004H .CRT$XIA                DATA
 0002:0000016c 00000004H .CRT$XIAA               DATA
 0002:00000170 00000004H .CRT$XIAC               DATA
 0002:00000174 00000018H .CRT$XIC                DATA
 0002:0000018c 00000004H .CRT$XIZ                DATA
 0002:00000190 00000004H .CRT$XLA                DATA
 0002:00000194 00000004H .CRT$XLZ                DATA
 0002:00000198 00000004H .CRT$XPA                DATA
 0002:0000019c 00000008H .CRT$XPX                DATA
 0002:000001a4 00000004H .CRT$XPXA               DATA
 0002:000001a8 00000004H .CRT$XPZ                DATA
 0002:000001ac 00000004H .CRT$XTA                DATA
 0002:000001b0 00000010H .CRT$XTZ                DATA
 0002:000001c0 0000b46cH .rdata                  DATA
 0002:0000b62c 00000018H .rdata$T                DATA
 0002:0000b644 0000098cH .rdata$r                DATA
 0002:0000bfd0 0000005cH .rdata$sxdata           DATA
 0002:0000c02c 00000384H .rdata$zzzdbg           DATA
 0002:0000c3b0 00000004H .rtc$IAA                DATA
 0002:0000c3b4 00000004H .rtc$IZZ                DATA
 0002:0000c3b8 00000004H .rtc$TAA                DATA
 0002:0000c3bc 00000004H .rtc$TZZ                DATA
 0002:0000c3c0 00000c14H .xdata$x                DATA
 0002:0000cfd4 00000000H .edata                  DATA
 0002:0000cfd4 00000014H .idata$2                DATA
 0002:0000cfe8 00000014H .idata$3                DATA
 0002:0000cffc 00000134H .idata$4                DATA
 0002:0000d130 0000057eH .idata$6                DATA
 0003:00000000 00000bc0H .data                   DATA
 0003:00000bc0 00000448H .data$r                 DATA
 0003:00001008 00000e98H .bss                    DATA
 0004:00000000 000000c0H .gfids$x                DATA
 0004:000000c0 00000190H .gfids$y                DATA
 0005:00000000 00000004H .tls                    DATA
 0005:00000004 00000004H .tls$                   DATA
 0005:00000008 00000001H .tls$ZZZ                DATA

  Address         Publics by Value              Rva+Base       Lib:Object

 0000:00000000       ___guard_fids_table        00000000     <absolute>
 0000:00000000       __except_list              00000000     <absolute>
 0000:00000000       ___guard_longjmp_count     00000000     <absolute>
 0000:00000000       ___guard_fids_count        00000000     <absolute>
 0000:00000000       ___guard_longjmp_table     00000000     <absolute>
 0000:00000000       ___dynamic_value_reloc_table 00000000     <absolute>
 0000:00000000       ___guard_iat_table         00000000     <absolute>
 0000:00000000       ___guard_iat_count         00000000     <absolute>
 0000:00000017       ___safe_se_handler_count   00000017     <absolute>
 0000:0000002c       __tls_array                0000002c     <absolute>
 0000:00000100       ___guard_flags             00000100     <absolute>
 0000:00000000       ___ImageBase               00400000     <linker-defined>
 0001:000000d0       _main                      004010d0 f   agent.obj
 0001:00000160       ??$?0$$V@?$_Compressed_pair@U?$_Wrap_alloc@V?$allocator@D@std@@@std@@V?$_String_val@U?$_Simple_types@D@std@@@2@$00@std@@QAE@U_Zero_then_variadic_args_t@1@@Z 00401160 f i agent.obj
 0001:00000180       ??$?0U?$_Wrap_alloc@V?$allocator@D@std@@@std@@$$V@?$_Compressed_pair@U?$_Wrap_alloc@V?$allocator@D@std@@@std@@V?$_String_val@U?$_Simple_types@D@std@@@2@$00@std@@QAE@U_One_then_variadic_args_t@1@$$QAU?$_Wrap_alloc@V?$allocator@D@std@@@1@@Z 00401180 f i agent.obj
 0001:000001b0       ??$?0U?$_Wrap_alloc@V?$allocator@D@std@@@std@@X@?$_String_alloc@U?$_String_base_types@DV?$allocator@D@std@@@std@@@std@@QAE@$$QAU?$_Wrap_alloc@V?$allocator@D@std@@@1@@Z 004011b0 f i agent.obj
 0001:000001e0       ??$?6U?$char_traits@D@std@@@std@@YAAAV?$basic_ostream@DU?$char_traits@D@std@@@0@AAV10@PBD@Z 004011e0 f i agent.obj
 0001:000004c0       ??$_Immortalize@V_Iostream_error_category@std@@@std@@YAAAV_Iostream_error_category@0@XZ 004014c0 f i agent.obj
 0001:00000520       ??$construct@PADAAPAD@?$_Wrap_alloc@V?$allocator@D@std@@@std@@QAEXPAPADAAPAD@Z 00401520 f i agent.obj
 0001:00000550       ??$construct@PADAAPAD@?$allocator@D@std@@QAEXPAPADAAPAD@Z 00401550 f i agent.obj
 0001:000005a0       ??$construct@PADAAPAD@?$allocator_traits@V?$allocator@D@std@@@std@@SAXAAV?$allocator@D@1@PAPADAAPAD@Z 004015a0 f i agent.obj
 0001:000005c0       ??$destroy@PAD@?$_Wrap_alloc@V?$allocator@D@std@@@std@@QAEXPAPAD@Z 004015c0 f i agent.obj
 0001:000005e0       ??$destroy@PAD@?$allocator@D@std@@QAEXPAPAD@Z 004015e0 f i agent.obj
 0001:000005f0       ??$destroy@PAD@?$allocator_traits@V?$allocator@D@std@@@std@@SAXAAV?$allocator@D@1@PAPAD@Z 004015f0 f i agent.obj
 0001:00000610       ??$endl@DU?$char_traits@D@std@@@std@@YAAAV?$basic_ostream@DU?$char_traits@D@std@@@0@AAV10@@Z 00401610 f i agent.obj
 0001:00000640       ??$forward@V?$allocator@D@std@@@std@@YA$$QAV?$allocator@D@0@AAV10@@Z 00401640 f i agent.obj
 0001:00000640       ??$move@AAU?$_Wrap_alloc@V?$allocator@D@std@@@std@@@std@@YA$$QAU?$_Wrap_alloc@V?$allocator@D@std@@@0@AAU10@@Z 00401640 f i agent.obj
 0001:00000640       ??$_Unfancy@D@std@@YAPADPAD@Z 00401640 f i agent.obj
 0001:00000640       ??$forward@AAPAD@std@@YAAAPADAAPAD@Z 00401640 f i agent.obj
 0001:00000640       ??$forward@V?$basic_string@DU?$char_traits@D@std@@V?$allocator@D@2@@std@@@std@@YA$$QAV?$basic_string@DU?$char_traits@D@std@@V?$allocator@D@2@@0@AAV10@@Z 00401640 f i agent.obj
 0001:00000640       ??$forward@U?$_Wrap_alloc@V?$allocator@D@std@@@std@@@std@@YA$$QAU?$_Wrap_alloc@V?$allocator@D@std@@@0@AAU10@@Z 00401640 f i agent.obj
 0001:00000640       ??$addressof@PAD@std@@YAPAPADAAPAD@Z 00401640 f i agent.obj
 0001:00000650       ??$use_facet@V?$ctype@D@std@@@std@@YAABV?$ctype@D@0@ABVlocale@0@@Z 00401650 f i agent.obj
 0001:00000710       ??0?$_Immortalizer@V_Iostream_error_category@std@@@std@@QAE@XZ 00401710 f i agent.obj
 0001:00000750       ??0?$_String_alloc@U?$_String_base_types@DV?$allocator@D@std@@@std@@@std@@QAE@XZ 00401750 f i agent.obj
 0001:00000770       ??0?$_String_val@U?$_Simple_types@D@std@@@std@@QAE@XZ 00401770 f i agent.obj
 0001:000007a0       ??$?0V?$allocator@D@std@@@?$_Wrap_alloc@V?$allocator@D@std@@@std@@QAE@$$QAV?$allocator@D@1@@Z 004017a0 f i agent.obj
 0001:000007a0       ??0?$_Wrap_alloc@V?$allocator@D@std@@@std@@QAE@$$QAU01@@Z 004017a0 f i agent.obj
 0001:000007d0       ??0?$_Wrap_alloc@V?$allocator@D@std@@@std@@QAE@XZ 004017d0 f i agent.obj
 0001:000007f0       ??0?$_Yarn@D@std@@QAE@XZ   004017f0 f i agent.obj
 0001:00000810       ??0?$_Yarn@_W@std@@QAE@XZ  00401810 f i agent.obj
 0001:00000830       ??0?$allocator@D@std@@QAE@ABV01@@Z 00401830 f i agent.obj
 0001:00000840       ?_Get_first@?$_Compressed_pair@U?$_Wrap_alloc@V?$allocator@D@std@@@std@@V?$_String_val@U?$_Simple_types@D@std@@@2@$00@std@@QAEAAU?$_Wrap_alloc@V?$allocator@D@std@@@2@XZ 00401840 f i agent.obj
 0001:00000840       ?_Get_second@?$_Compressed_pair@U?$_Wrap_alloc@V?$allocator@D@std@@@std@@V?$_String_val@U?$_Simple_types@D@std@@@2@$00@std@@QBEABV?$_String_val@U?$_Simple_types@D@std@@@2@XZ 00401840 f i agent.obj
 0001:00000840       ?_Get_first@?$_Compressed_pair@U?$_Wrap_alloc@V?$allocator@D@std@@@std@@V?$_String_val@U?$_Simple_types@D@std@@@2@$00@std@@QBEABU?$_Wrap_alloc@V?$allocator@D@std@@@2@XZ 00401840 f i agent.obj
 0001:00000840       ??0?$allocator@D@std@@QAE@XZ 00401840 f i agent.obj
 0001:00000840       ??0_Bxty@?$_String_val@U?$_Simple_types@D@std@@@std@@QAE@XZ 00401840 f i agent.obj
 0001:00000840       ?_Get_second@?$_Compressed_pair@U?$_Wrap_alloc@V?$allocator@D@std@@@std@@V?$_String_val@U?$_Simple_types@D@std@@@2@$00@std@@QAEAAV?$_String_val@U?$_Simple_types@D@std@@@2@XZ 00401840 f i agent.obj
 0001:00000850       ??0?$basic_string@DU?$char_traits@D@std@@V?$allocator@D@2@@std@@QAE@$$QAV01@@Z 00401850 f i agent.obj
 0001:000008a0       ??0?$basic_string@DU?$char_traits@D@std@@V?$allocator@D@2@@std@@QAE@ABV01@@Z 004018a0 f i agent.obj
 0001:00000900       ??0?$basic_string@DU?$char_traits@D@std@@V?$allocator@D@2@@std@@QAE@PBD@Z 00401900 f i agent.obj
 0001:00000930       ??0?$ctype@D@std@@QAE@ABV_Locinfo@1@I@Z 00401930 f i agent.obj
 0001:00000970       ??0_Facet_base@std@@QAE@XZ 00401970 f i agent.obj
 0001:00000990       ??0_Generic_error_category@std@@QAE@XZ 00401990 f i agent.obj
 0001:000009c0       ??0_Iostream_error_category@std@@QAE@XZ 004019c0 f i agent.obj
 0001:000009f0       ??0_Locinfo@std@@QAE@PBD@Z 004019f0 f i agent.obj
 0001:00000a80       ??0_Sentry_base@?$basic_ostream@DU?$char_traits@D@std@@@std@@QAE@AAV12@@Z 00401a80 f i agent.obj
 0001:00000ae0       ??0_System_error@std@@IAE@Verror_code@1@ABV?$basic_string@DU?$char_traits@D@std@@V?$allocator@D@2@@1@@Z 00401ae0 f i agent.obj
 0001:00000b60       ??0_System_error@std@@QAE@ABV01@@Z 00401b60 f i agent.obj
 0001:00000ba0       ??0bad_cast@std@@QAE@ABV01@@Z 00401ba0 f i agent.obj
 0001:00000bd0       ??0bad_cast@std@@QAE@XZ    00401bd0 f i agent.obj
 0001:00000c00       ??0ctype_base@std@@QAE@I@Z 00401c00 f i agent.obj
 0001:00000c30       ??0error_category@std@@QAE@XZ 00401c30 f i agent.obj
 0001:00000c50       ??0error_condition@std@@QAE@HABVerror_category@1@@Z 00401c50 f i agent.obj
 0001:00000c50       ??0error_code@std@@QAE@HABVerror_category@1@@Z 00401c50 f i agent.obj
 0001:00000c80       ??0exception@std@@QAE@ABV01@@Z 00401c80 f i agent.obj
 0001:00000cc0       ??0exception@std@@QAE@QBD@Z 00401cc0 f i agent.obj
 0001:00000d10       ??0exception@std@@QAE@QBDH@Z 00401d10 f i agent.obj
 0001:00000d40       ??0facet@locale@std@@IAE@I@Z 00401d40 f i agent.obj
 0001:00000d80       ??0failure@ios_base@std@@QAE@ABV012@@Z 00401d80 f i agent.obj
 0001:00000db0       ??0failure@ios_base@std@@QAE@PBDABVerror_code@2@@Z 00401db0 f i agent.obj
 0001:00000de0       ??0locale@std@@QAE@ABV01@@Z 00401de0 f i agent.obj
 0001:00000e10       ??0runtime_error@std@@QAE@ABV01@@Z 00401e10 f i agent.obj
 0001:00000e40       ??0runtime_error@std@@QAE@ABV?$basic_string@DU?$char_traits@D@std@@V?$allocator@D@2@@1@@Z 00401e40 f i agent.obj
 0001:00000e70       ??0runtime_error@std@@QAE@PBD@Z 00401e70 f i agent.obj
 0001:00000ea0       ??0sentry@?$basic_ostream@DU?$char_traits@D@std@@@std@@QAE@AAV12@@Z 00401ea0 f i agent.obj
 0001:00000f30       ??0system_error@std@@QAE@ABV01@@Z 00401f30 f i agent.obj
 0001:00000f60       ??0system_error@std@@QAE@Verror_code@1@PBD@Z 00401f60 f i agent.obj
 0001:00000fc0       ??1?$_Compressed_pair@U?$_Wrap_alloc@V?$allocator@D@std@@@std@@V?$_String_val@U?$_Simple_types@D@std@@@2@$00@std@@QAE@XZ 00401fc0 f i agent.obj
 0001:00000fe0       ??1?$_String_alloc@U?$_String_base_types@DV?$allocator@D@std@@@std@@@std@@QAE@XZ 00401fe0 f i agent.obj
 0001:00001000       ??1?$_String_val@U?$_Simple_types@D@std@@@std@@QAE@XZ 00402000 f i agent.obj
 0001:00001020       ??1?$_Yarn@_W@std@@QAE@XZ  00402020 f i agent.obj
 0001:00001020       ??1?$_Yarn@D@std@@QAE@XZ   00402020 f i agent.obj
 0001:00001040       ??1?$basic_string@DU?$char_traits@D@std@@V?$allocator@D@2@@std@@QAE@XZ 00402040 f i agent.obj
 0001:00001060       ??1?$ctype@D@std@@MAE@XZ   00402060 f i agent.obj
 0001:00001090       ??1_Bxty@?$_String_val@U?$_Simple_types@D@std@@@std@@QAE@XZ 00402090 f i agent.obj
 0001:00001090       ??1?$_Immortalizer@V_Iostream_error_category@std@@@std@@QAE@XZ 00402090 f i agent.obj
 0001:000010a0       ??1_Facet_base@std@@UAE@XZ 004020a0 f i agent.obj
 0001:000010c0       ??1_Generic_error_category@std@@UAE@XZ 004020c0 f i agent.obj
 0001:000010e0       ??1_Iostream_error_category@std@@UAE@XZ 004020e0 f i agent.obj
 0001:00001100       ??1_Locinfo@std@@QAE@XZ    00402100 f i agent.obj
 0001:00001170       ??1_Sentry_base@?$basic_ostream@DU?$char_traits@D@std@@@std@@QAE@XZ 00402170 f i agent.obj
 0001:000011d0       ??1_System_error@std@@UAE@XZ 004021d0 f i agent.obj
 0001:000011f0       ??1runtime_error@std@@UAE@XZ 004021f0 f i agent.obj
 0001:000011f0       ??1bad_cast@std@@UAE@XZ    004021f0 f i agent.obj
 0001:00001210       ??1ctype_base@std@@UAE@XZ  00402210 f i agent.obj
 0001:00001230       ??1error_category@std@@UAE@XZ 00402230 f i agent.obj
 0001:00001250       ??1exception@std@@UAE@XZ   00402250 f i agent.obj
 0001:00001280       ??1facet@locale@std@@MAE@XZ 00402280 f i agent.obj
 0001:000012a0       ??1failure@ios_base@std@@UAE@XZ 004022a0 f i agent.obj
 0001:000012c0       ??1locale@std@@QAE@XZ      004022c0 f i agent.obj
 0001:00001320       ??1sentry@?$basic_ostream@DU?$char_traits@D@std@@@std@@QAE@XZ 00402320 f i agent.obj
 0001:00001350       ??1system_error@std@@UAE@XZ 00402350 f i agent.obj
 0001:00001370       ??2@YAPAXIPAX@Z            00402370 f i agent.obj
 0001:00001380       ??6?$basic_ostream@DU?$char_traits@D@std@@@std@@QAEAAV01@P6AAAV01@AAV01@@Z@Z 00402380 f i agent.obj
 0001:000013a0       ??8error_category@std@@QBE_NABV01@@Z 004023a0 f i agent.obj
 0001:000013d0       ??8std@@YA_NABVerror_condition@0@0@Z 004023d0 f i agent.obj
 0001:00001430       ??Bid@locale@std@@QAEIXZ   00402430 f i agent.obj
 0001:00001480       ??Bsentry@?$basic_ostream@DU?$char_traits@D@std@@@std@@QBE_NXZ 00402480 f i agent.obj
 0001:000014a0       ??_E?$ctype@D@std@@MAEPAXI@Z 004024a0 f i agent.obj
 0001:000014a0       ??_G?$ctype@D@std@@MAEPAXI@Z 004024a0 f i agent.obj
 0001:000014d0       ??_E_Facet_base@std@@UAEPAXI@Z 004024d0 f i agent.obj
 0001:000014d0       ??_G_Facet_base@std@@UAEPAXI@Z 004024d0 f i agent.obj
 0001:00001500       ??_G_Generic_error_category@std@@UAEPAXI@Z 00402500 f i agent.obj
 0001:00001500       ??_E_Generic_error_category@std@@UAEPAXI@Z 00402500 f i agent.obj
 0001:00001530       ??_E_Iostream_error_category@std@@UAEPAXI@Z 00402530 f i agent.obj
 0001:00001530       ??_G_Iostream_error_category@std@@UAEPAXI@Z 00402530 f i agent.obj
 0001:00001560       ??_G_System_error@std@@UAEPAXI@Z 00402560 f i agent.obj
 0001:00001560       ??_E_System_error@std@@UAEPAXI@Z 00402560 f i agent.obj
 0001:00001590       ??_Ectype_base@std@@UAEPAXI@Z 00402590 f i agent.obj
 0001:00001590       ??_Gctype_base@std@@UAEPAXI@Z 00402590 f i agent.obj
 0001:000015c0       ??_Gerror_category@std@@UAEPAXI@Z 004025c0 f i agent.obj
 0001:000015c0       ??_Eerror_category@std@@UAEPAXI@Z 004025c0 f i agent.obj
 0001:000015f0       ??_Eexception@std@@UAEPAXI@Z 004025f0 f i agent.obj
 0001:000015f0       ??_Gexception@std@@UAEPAXI@Z 004025f0 f i agent.obj
 0001:00001620       ??_Gfacet@locale@std@@MAEPAXI@Z 00402620 f i agent.obj
 0001:00001620       ??_Efacet@locale@std@@MAEPAXI@Z 00402620 f i agent.obj
 0001:00001650       ??_Gfailure@ios_base@std@@UAEPAXI@Z 00402650 f i agent.obj
 0001:00001650       ??_Efailure@ios_base@std@@UAEPAXI@Z 00402650 f i agent.obj
 0001:00001680       ??_Gbad_cast@std@@UAEPAXI@Z 00402680 f i agent.obj
 0001:00001680       ??_Eruntime_error@std@@UAEPAXI@Z 00402680 f i agent.obj
 0001:00001680       ??_Gruntime_error@std@@UAEPAXI@Z 00402680 f i agent.obj
 0001:00001680       ??_Ebad_cast@std@@UAEPAXI@Z 00402680 f i agent.obj
 0001:000016b0       ??_Gsystem_error@std@@UAEPAXI@Z 004026b0 f i agent.obj
 0001:000016b0       ??_Esystem_error@std@@UAEPAXI@Z 004026b0 f i agent.obj
 0001:000016e0       ?_Allocate@std@@YAPAXII_N@Z 004026e0 f i agent.obj
 0001:000017a0       ?_Assign_rv@?$basic_string@DU?$char_traits@D@std@@V?$allocator@D@2@@std@@QAEX$$QAV12@@Z 004027a0 f i agent.obj
 0001:00001860       ?_Bx@?$_String_alloc@U?$_String_base_types@DV?$allocator@D@std@@@std@@@std@@QAEAAT_Bxty@?$_String_val@U?$_Simple_types@D@std@@@2@XZ 00402860 f i agent.obj
 0001:00001880       ?_Check_offset@?$basic_string@DU?$char_traits@D@std@@V?$allocator@D@2@@std@@QBEXI@Z 00402880 f i agent.obj
 0001:000018b0       ?_Clamp_suffix_size@?$basic_string@DU?$char_traits@D@std@@V?$allocator@D@2@@std@@QBEIII@Z 004028b0 f i agent.obj
 0001:000018f0       ?_Copy@?$basic_string@DU?$char_traits@D@std@@V?$allocator@D@2@@std@@QAEXII@Z 004028f0 f i agent.obj
 0001:00001ac0       ?_Deallocate@std@@YAXPAXII@Z 00402ac0 f i agent.obj
 0001:00001b60       ?_Decref@facet@locale@std@@UAEPAV_Facet_base@3@XZ 00402b60 f i agent.obj
 0001:00001b90       ?_Eos@?$basic_string@DU?$char_traits@D@std@@V?$allocator@D@2@@std@@QAEXI@Z 00402b90 f i agent.obj
 0001:00001bd0       ?_Getal@?$_String_alloc@U?$_String_base_types@DV?$allocator@D@std@@@std@@@std@@QAEAAU?$_Wrap_alloc@V?$allocator@D@std@@@2@XZ 00402bd0 f i agent.obj
 0001:00001bd0       ?_Get_data@?$_String_alloc@U?$_String_base_types@DV?$allocator@D@std@@@std@@@std@@QBEABV?$_String_val@U?$_Simple_types@D@std@@@2@XZ 00402bd0 f i agent.obj
 0001:00001bd0       ?_Get_data@?$_String_alloc@U?$_String_base_types@DV?$allocator@D@std@@@std@@@std@@QAEAAV?$_String_val@U?$_Simple_types@D@std@@@2@XZ 00402bd0 f i agent.obj
 0001:00001bd0       ?_Getal@?$_String_alloc@U?$_String_base_types@DV?$allocator@D@std@@@std@@@std@@QBEABU?$_Wrap_alloc@V?$allocator@D@std@@@2@XZ 00402bd0 f i agent.obj
 0001:00001bf0       ?_Getcat@?$ctype@D@std@@SAIPAPBVfacet@locale@2@PBV42@@Z 00402bf0 f i agent.obj
 0001:00001c70       ?_Getctype@_Locinfo@std@@QBE?AU_Ctypevec@@XZ 00402c70 f i agent.obj
 0001:00001cc0       ?_Getfacet@locale@std@@QBEPBVfacet@12@I@Z 00402cc0 f i agent.obj
 0001:00001d50       ?_Grow@?$basic_string@DU?$char_traits@D@std@@V?$allocator@D@2@@std@@QAE_NI_N@Z 00402d50 f i agent.obj
 0001:00001e10       ?_Incref@facet@locale@std@@UAEXXZ 00402e10 f i agent.obj
 0001:00001e30       ?_Init@?$ctype@D@std@@IAEXABV_Locinfo@2@@Z 00402e30 f i agent.obj
 0001:00001e70       ?_Init_atomic_counter@std@@YAXAAKK@Z 00402e70 f i agent.obj
 0001:00001e80       ?_Inside@?$basic_string@DU?$char_traits@D@std@@V?$allocator@D@2@@std@@QAE_NPBD@Z 00402e80 f i agent.obj
 0001:00001ed0       ?_Makestr@_System_error@std@@CA?AV?$basic_string@DU?$char_traits@D@std@@V?$allocator@D@2@@2@Verror_code@2@V32@@Z 00402ed0 f i agent.obj
 0001:00001f40       ?_Myptr@?$_String_alloc@U?$_String_base_types@DV?$allocator@D@std@@@std@@@std@@QAEPADXZ 00402f40 f i agent.obj
 0001:00001f40       ?_Myptr@?$_String_alloc@U?$_String_base_types@DV?$allocator@D@std@@@std@@@std@@QBEPBDXZ 00402f40 f i agent.obj
 0001:00001f60       ?_Myptr@?$_String_val@U?$_Simple_types@D@std@@@std@@QAEPADXZ 00402f60 f i agent.obj
 0001:00001f60       ?_Myptr@?$_String_val@U?$_Simple_types@D@std@@@std@@QBEPBDXZ 00402f60 f i agent.obj
 0001:00001fa0       ?_Myres@?$_String_alloc@U?$_String_base_types@DV?$allocator@D@std@@@std@@@std@@QAEAAIXZ 00402fa0 f i agent.obj
 0001:00001fc0       ?_Mysize@?$_String_alloc@U?$_String_base_types@DV?$allocator@D@std@@@std@@@std@@QAEAAIXZ 00402fc0 f i agent.obj
 0001:00001fc0       ?_Mysize@?$_String_alloc@U?$_String_base_types@DV?$allocator@D@std@@@std@@@std@@QBEABIXZ 00402fc0 f i agent.obj
 0001:00001fe0       ?_Osfx@?$basic_ostream@DU?$char_traits@D@std@@@std@@QAEXXZ 00402fe0 f i agent.obj
 0001:000020a0       ?_Pnavail@?$basic_streambuf@DU?$char_traits@D@std@@@std@@IBE_JXZ 004030a0 f i agent.obj
 0001:000020d0       ?_Pninc@?$basic_streambuf@DU?$char_traits@D@std@@@std@@IAEPADXZ 004030d0 f i agent.obj
 0001:00002120       ?_Tidy@?$_Yarn@_W@std@@AAEXXZ 00403120 f i agent.obj
 0001:00002120       ?_Tidy@?$_Yarn@D@std@@AAEXXZ 00403120 f i agent.obj
 0001:00002150       ?_Tidy@?$basic_string@DU?$char_traits@D@std@@V?$allocator@D@2@@std@@QAEX_NI@Z 00403150 f i agent.obj
 0001:00002210       ?_Tidy@?$ctype@D@std@@IAEXXZ 00403210 f i agent.obj
 0001:00002270       ?_Xlen@?$basic_string@DU?$char_traits@D@std@@V?$allocator@D@2@@std@@QBEXXZ 00403270 f i agent.obj
 0001:00002290       ?_Xran@?$basic_string@DU?$char_traits@D@std@@V?$allocator@D@2@@std@@QBEXXZ 00403290 f i agent.obj
 0001:000022b0       ?allocate@?$_Wrap_alloc@V?$allocator@D@std@@@std@@QAEPADI@Z 004032b0 f i agent.obj
 0001:000022d0       ?allocate@?$allocator@D@std@@QAEPADI@Z 004032d0 f i agent.obj
 0001:000022f0       ?append@?$basic_string@DU?$char_traits@D@std@@V?$allocator@D@2@@std@@QAEAAV12@ABV12@@Z 004032f0 f i agent.obj
 0001:00002320       ?append@?$basic_string@DU?$char_traits@D@std@@V?$allocator@D@2@@std@@QAEAAV12@ABV12@II@Z 00403320 f i agent.obj
 0001:000023e0       ?append@?$basic_string@DU?$char_traits@D@std@@V?$allocator@D@2@@std@@QAEAAV12@PBD@Z 004033e0 f i agent.obj
 0001:00002410       ?append@?$basic_string@DU?$char_traits@D@std@@V?$allocator@D@2@@std@@QAEAAV12@PBDI@Z 00403410 f i agent.obj
 0001:000024d0       ?assign@?$basic_string@DU?$char_traits@D@std@@V?$allocator@D@2@@std@@QAEAAV12@ABV12@II@Z 004034d0 f i agent.obj
 0001:00002570       ?assign@?$basic_string@DU?$char_traits@D@std@@V?$allocator@D@2@@std@@QAEAAV12@PBD@Z 00403570 f i agent.obj
 0001:000025a0       ?assign@?$basic_string@DU?$char_traits@D@std@@V?$allocator@D@2@@std@@QAEAAV12@PBDI@Z 004035a0 f i agent.obj
 0001:00002620       ?assign@?$char_traits@D@std@@SAXAADABD@Z 00403620 f i agent.obj
 0001:00002630       ?c_str@?$_Yarn@D@std@@QBEPBDXZ 00403630 f i agent.obj
 0001:00002660       ?c_str@?$basic_string@DU?$char_traits@D@std@@V?$allocator@D@2@@std@@QBEPBDXZ 00403660 f i agent.obj
 0001:00002680       ?c_str@locale@std@@QBEPBDXZ 00403680 f i agent.obj
 0001:000026c0       ?category@error_condition@std@@QBEABVerror_category@2@XZ 004036c0 f i agent.obj
 0001:000026c0       ?category@error_code@std@@QBEABVerror_category@2@XZ 004036c0 f i agent.obj
 0001:000026e0       ?clear@?$basic_ios@DU?$char_traits@D@std@@@std@@QAEXH_N@Z 004036e0 f i agent.obj
 0001:00002720       ?clear@ios_base@std@@QAEXH_N@Z 00403720 f i agent.obj
 0001:00002810       ?copy@?$char_traits@D@std@@SAPADPADPBDI@Z 00403810 f i agent.obj
 0001:00002840       ?deallocate@?$_Wrap_alloc@V?$allocator@D@std@@@std@@QAEXPADI@Z 00403840 f i agent.obj
 0001:00002860       ?deallocate@?$allocator@D@std@@QAEXPADI@Z 00403860 f i agent.obj
 0001:00002880       ?default_error_condition@error_category@std@@UBE?AVerror_condition@2@H@Z 00403880 f i agent.obj
 0001:000028a0       ?do_narrow@?$ctype@D@std@@MBEDDD@Z 004038a0 f i agent.obj
 0001:000028b0       ?do_narrow@?$ctype@D@std@@MBEPBDPBD0DPAD@Z 004038b0 f i agent.obj
 0001:000028e0       ?do_tolower@?$ctype@D@std@@MBEDD@Z 004038e0 f i agent.obj
 0001:00002910       ?do_tolower@?$ctype@D@std@@MBEPBDPADPBD@Z 00403910 f i agent.obj
 0001:00002950       ?do_toupper@?$ctype@D@std@@MBEDD@Z 00403950 f i agent.obj
 0001:00002980       ?do_toupper@?$ctype@D@std@@MBEPBDPADPBD@Z 00403980 f i agent.obj
 0001:000029c0       ?do_widen@?$ctype@D@std@@MBEDD@Z 004039c0 f i agent.obj
 0001:000029d0       ?do_widen@?$ctype@D@std@@MBEPBDPBD0PAD@Z 004039d0 f i agent.obj
 0001:00002a00       ?empty@?$basic_string@DU?$char_traits@D@std@@V?$allocator@D@2@@std@@QBE_NXZ 00403a00 f i agent.obj
 0001:00002a30       ?eof@?$char_traits@D@std@@SAHXZ 00403a30 f i agent.obj
 0001:00002a40       ?eq_int_type@?$char_traits@D@std@@SA_NABH0@Z 00403a40 f i agent.obj
 0001:00002a70       ?equivalent@error_category@std@@UBE_NABVerror_code@2@H@Z 00403a70 f i agent.obj
 0001:00002ac0       ?equivalent@error_category@std@@UBE_NHABVerror_condition@2@@Z 00403ac0 f i agent.obj
 0001:00002b00       ?erase@?$basic_string@DU?$char_traits@D@std@@V?$allocator@D@2@@std@@QAEAAV12@I@Z 00403b00 f i agent.obj
 0001:00002b30       ?erase@?$basic_string@DU?$char_traits@D@std@@V?$allocator@D@2@@std@@QAEAAV12@II@Z 00403b30 f i agent.obj
 0001:00002bc0       ?fill@?$basic_ios@DU?$char_traits@D@std@@@std@@QBEDXZ 00403bc0 f i agent.obj
 0001:00002be0       ?flags@ios_base@std@@QBEHXZ 00403be0 f i agent.obj
 0001:00002c00       ?flush@?$basic_ostream@DU?$char_traits@D@std@@@std@@QAEAAV12@XZ 00403c00 f i agent.obj
 0001:00002c80       ?getloc@ios_base@std@@QBE?AVlocale@2@XZ 00403c80 f i agent.obj
 0001:00002ca0       ?good@ios_base@std@@QBE_NXZ 00403ca0 f i agent.obj
 0001:00002cd0       ?iostream_category@std@@YAABVerror_category@1@XZ 00403cd0 f i agent.obj
 0001:00002ce0       ?length@?$char_traits@D@std@@SAIPBD@Z 00403ce0 f i agent.obj
 0001:00002d10       ?make_error_code@std@@YA?AVerror_code@1@W4io_errc@1@@Z 00403d10 f i agent.obj
 0001:00002d30       ?max_size@?$_Wrap_alloc@V?$allocator@D@std@@@std@@QBEIU_Nil@2@@Z 00403d30 f i agent.obj
 0001:00002d50       ?max_size@?$allocator@D@std@@QBEIXZ 00403d50 f i agent.obj
 0001:00002d60       ?max_size@?$allocator_traits@V?$allocator@D@std@@@std@@SAIABV?$allocator@D@2@@Z 00403d60 f i agent.obj
 0001:00002d70       ?max_size@?$basic_string@DU?$char_traits@D@std@@V?$allocator@D@2@@std@@QBEIXZ 00403d70 f i agent.obj
 0001:00002db0       ?message@_Generic_error_category@std@@UBE?AV?$basic_string@DU?$char_traits@D@std@@V?$allocator@D@2@@2@H@Z 00403db0 f i agent.obj
 0001:00002de0       ?message@_Iostream_error_category@std@@UBE?AV?$basic_string@DU?$char_traits@D@std@@V?$allocator@D@2@@2@H@Z 00403de0 f i agent.obj
 0001:00002e20       ?message@error_code@std@@QBE?AV?$basic_string@DU?$char_traits@D@std@@V?$allocator@D@2@@2@XZ 00403e20 f i agent.obj
 0001:00002e60       ?move@?$char_traits@D@std@@SAPADPADPBDI@Z 00403e60 f i agent.obj
 0001:00002e90       ?name@_Generic_error_category@std@@UBEPBDXZ 00403e90 f i agent.obj
 0001:00002ea0       ?name@_Iostream_error_category@std@@UBEPBDXZ 00403ea0 f i agent.obj
 0001:00002eb0       ?pubsync@?$basic_streambuf@DU?$char_traits@D@std@@@std@@QAEHXZ 00403eb0 f i agent.obj
 0001:00002ed0       ?put@?$basic_ostream@DU?$char_traits@D@std@@@std@@QAEAAV12@D@Z 00403ed0 f i agent.obj
 0001:00002ff0       ?rdbuf@?$basic_ios@DU?$char_traits@D@std@@@std@@QBEPAV?$basic_streambuf@DU?$char_traits@D@std@@@2@XZ 00403ff0 f i agent.obj
 0001:00003010       ?rdstate@ios_base@std@@QBEHXZ 00404010 f i agent.obj
 0001:00003030       ?select_on_container_copy_construction@?$_Wrap_alloc@V?$allocator@D@std@@@std@@QBE?AU12@U_Nil@2@@Z 00404030 f i agent.obj
 0001:00003060       ?select_on_container_copy_construction@?$allocator_traits@V?$allocator@D@std@@@std@@SA?AV?$allocator@D@2@ABV32@@Z 00404060 f i agent.obj
 0001:00003080       ?setstate@?$basic_ios@DU?$char_traits@D@std@@@std@@QAEXH_N@Z 00404080 f i agent.obj
 0001:000030b0       ?sputc@?$basic_streambuf@DU?$char_traits@D@std@@@std@@QAEHD@Z 004040b0 f i agent.obj
 0001:00003120       ?sputn@?$basic_streambuf@DU?$char_traits@D@std@@@std@@QAE_JPBD_J@Z 00404120 f i agent.obj
 0001:00003150       ?tie@?$basic_ios@DU?$char_traits@D@std@@@std@@QBEPAV?$basic_ostream@DU?$char_traits@D@std@@@2@XZ 00404150 f i agent.obj
 0001:00003170       ?to_int_type@?$char_traits@D@std@@SAHABD@Z 00404170 f i agent.obj
 0001:00003180       ?value@error_condition@std@@QBEHXZ 00404180 f i agent.obj
 0001:00003180       ?value@error_code@std@@QBEHXZ 00404180 f i agent.obj
 0001:00003190       ?what@exception@std@@UBEPBDXZ 00404190 f i agent.obj
 0001:000031c0       ?widen@?$basic_ios@DU?$char_traits@D@std@@@std@@QBEDD@Z 004041c0 f i agent.obj
 0001:00003200       ?widen@?$ctype@D@std@@QBEDD@Z 00404200 f i agent.obj
 0001:00003220       ?width@ios_base@std@@QAE_J_J@Z 00404220 f i agent.obj
 0001:00003260       ?width@ios_base@std@@QBE_JXZ 00404260 f i agent.obj
 0001:00003274       ??0_Init_locks@std@@QAE@XZ 00404274 f   libcpmt:xlock.obj
 0001:000032a1       ??0_Lockit@std@@QAE@H@Z    004042a1 f   libcpmt:xlock.obj
 0001:000032d2       ??1_Init_locks@std@@QAE@XZ 004042d2 f   libcpmt:xlock.obj
 0001:000032f9       ??1_Lockit@std@@QAE@XZ     004042f9 f   libcpmt:xlock.obj
 0001:00003318       ?uncaught_exception@std@@YA_NXZ 00404318 f   libcpmt:uncaught.obj
 0001:0000331d       ??0bad_alloc@std@@QAE@ABV01@@Z 0040431d f i libcpmt:xthrow.obj
 0001:00003338       ??0bad_alloc@std@@QAE@XZ   00404338 f i libcpmt:xthrow.obj
 0001:00003350       ??0length_error@std@@QAE@ABV01@@Z 00404350 f i libcpmt:xthrow.obj
 0001:0000336b       ??0length_error@std@@QAE@PBD@Z 0040436b f i libcpmt:xthrow.obj
 0001:0000338c       ??0logic_error@std@@QAE@ABV01@@Z 0040438c f i libcpmt:xthrow.obj
 0001:000033a7       ??0out_of_range@std@@QAE@ABV01@@Z 004043a7 f i libcpmt:xthrow.obj
 0001:000033c2       ??0out_of_range@std@@QAE@PBD@Z 004043c2 f i libcpmt:xthrow.obj
 0001:000033e3       ??_Eout_of_range@std@@UAEPAXI@Z 004043e3 f i libcpmt:xthrow.obj
 0001:000033e3       ??_Gout_of_range@std@@UAEPAXI@Z 004043e3 f i libcpmt:xthrow.obj
 0001:000033e3       ??_Glogic_error@std@@UAEPAXI@Z 004043e3 f i libcpmt:xthrow.obj
 0001:000033e3       ??_Ebad_array_new_length@std@@UAEPAXI@Z 004043e3 f i LIBCMT:throw_bad_alloc.obj
 0001:000033e3       ??_Ebad_alloc@std@@UAEPAXI@Z 004043e3 f i libcpmt:xthrow.obj
 0001:000033e3       ??_Gbad_array_new_length@std@@UAEPAXI@Z 004043e3 f i LIBCMT:throw_bad_alloc.obj
 0001:000033e3       ??_Ebad_exception@std@@UAEPAXI@Z 004043e3 f i libvcruntime:frame.obj
 0001:000033e3       ??_Elogic_error@std@@UAEPAXI@Z 004043e3 f i libcpmt:xthrow.obj
 0001:000033e3       ??_Gbad_alloc@std@@UAEPAXI@Z 004043e3 f i libcpmt:xthrow.obj
 0001:000033e3       ??_Elength_error@std@@UAEPAXI@Z 004043e3 f i libcpmt:xthrow.obj
 0001:000033e3       ??_Gbad_exception@std@@UAEPAXI@Z 004043e3 f i libvcruntime:frame.obj
 0001:000033e3       ??_Glength_error@std@@UAEPAXI@Z 004043e3 f i libcpmt:xthrow.obj
 0001:00003410       ?_Xbad_alloc@std@@YAXXZ    00404410 f   libcpmt:xthrow.obj
 0001:00003410       ?__scrt_throw_std_bad_alloc@@YAXXZ 00404410 f   LIBCMT:throw_bad_alloc.obj
 0001:0000342d       ?_Xlength_error@std@@YAXPBD@Z 0040442d f   libcpmt:xthrow.obj
 0001:0000344d       ?_Xout_of_range@std@@YAXPBD@Z 0040444d f   libcpmt:xthrow.obj
 0001:0000346d       __Getctype                 0040446d f   libcpmt:_tolower.obj
 0001:000034d8       __Tolower                  004044d8 f   libcpmt:_tolower.obj
 0001:000035d2       __Toupper                  004045d2 f   libcpmt:_toupper.obj
 0001:000036cc       ??0_Locimp@locale@std@@AAE@_N@Z 004046cc f i libcpmt:locale0.obj
 0001:0000370f       ??1_Fac_node@std@@QAE@XZ   0040470f f i libcpmt:locale0.obj
 0001:0000376e       ??1_Fac_tidy_reg_t@std@@QAE@XZ 0040476e f i libcpmt:locale0.obj
 0001:00003795       ??1_Locimp@locale@std@@MAE@XZ 00404795 f i libcpmt:locale0.obj
 0001:000037f0       ??4?$_Yarn@D@std@@QAEAAV01@PBD@Z 004047f0 f i libcpmt:locale0.obj
 0001:00003844       ??_E_Locimp@locale@std@@MAEPAXI@Z 00404844 f i libcpmt:locale0.obj
 0001:00003844       ??_G_Locimp@locale@std@@MAEPAXI@Z 00404844 f i libcpmt:locale0.obj
 0001:00003866       ?_Facet_Register@std@@YAXPAV_Facet_base@1@@Z 00404866 f   libcpmt:locale0.obj
 0001:00003894       ?_Getgloballocale@locale@std@@CAPAV_Locimp@12@XZ 00404894 f   libcpmt:locale0.obj
 0001:0000389a       ?_Init@locale@std@@CAPAV_Locimp@12@_N@Z 0040489a f   libcpmt:locale0.obj
 0001:00003928       ?_Locimp_dtor@_Locimp@locale@std@@CAXPAV123@@Z 00404928 f   libcpmt:locale0.obj
 0001:0000399d       ?_Locinfo_ctor@_Locinfo@std@@SAXPAV12@PBD@Z 0040499d f   libcpmt:locale0.obj
 0001:000039e8       ?_Locinfo_dtor@_Locinfo@std@@SAXPAV12@@Z 004049e8 f   libcpmt:locale0.obj
 0001:00003a0a       ?_New_Locimp@_Locimp@locale@std@@CAPAV123@_N@Z 00404a0a f   libcpmt:locale0.obj
 0001:00003a2f       ?_Setgloballocale@locale@std@@CAXPAX@Z 00404a2f f   libcpmt:locale0.obj
 0001:00003a57       __Deletegloballocale       00404a57 f   libcpmt:locale0.obj
 0001:00003abc       ?_Syserror_map@std@@YAPBDH@Z 00404abc f   libcpmt:syserror.obj
 0001:00003ae1       ??$_Fgetc@D@std@@YA_NAADPAU_iobuf@@@Z 00404ae1 f i libcpmt:cout.obj
 0001:00003b01       ??$_Fputc@D@std@@YA_NDPAU_iobuf@@@Z 00404b01 f i libcpmt:cout.obj
 0001:00003b1d       ??$_Ungetc@D@std@@YA_NABDPAU_iobuf@@@Z 00404b1d f i libcpmt:cout.obj
 0001:00003b3b       ??$use_facet@V?$codecvt@DDU_Mbstatet@@@std@@@std@@YAABV?$codecvt@DDU_Mbstatet@@@0@ABVlocale@0@@Z 00404b3b f i libcpmt:cout.obj
 0001:00003bd8       ??0?$basic_ostream@DU?$char_traits@D@std@@@std@@QAE@PAV?$basic_streambuf@DU?$char_traits@D@std@@@1@_N@Z 00404bd8 f i libcpmt:cout.obj
 0001:00003c3f       ??0?$basic_streambuf@DU?$char_traits@D@std@@@std@@IAE@XZ 00404c3f f i libcpmt:cout.obj
 0001:00003c86       ??0?$fpos@U_Mbstatet@@@std@@QAE@U_Mbstatet@@_J@Z 00404c86 f i libcpmt:cout.obj
 0001:00003cae       ??0_Init_cout@std@@QAE@XZ  00404cae f i libcpmt:cout.obj
 0001:00003d07       ??1?$basic_filebuf@DU?$char_traits@D@std@@@std@@UAE@XZ 00404d07 f i libcpmt:cout.obj
 0001:00003d61       ??1?$basic_ios@DU?$char_traits@D@std@@@std@@UAE@XZ 00404d61 f i libcpmt:cout.obj
 0001:00003da3       ??1?$basic_streambuf@DU?$char_traits@D@std@@@std@@UAE@XZ 00404da3 f i libcpmt:cout.obj
 0001:00003dc4       ??_D?$basic_ostream@DU?$char_traits@D@std@@@std@@QAEXXZ 00404dc4 f i libcpmt:cout.obj
 0001:00003e24       ??_E?$basic_ostream@DU?$char_traits@D@std@@@std@@$4PPPPPPPM@A@AEPAXI@Z 00404e24 f i libcpmt:cout.obj
 0001:00003e2c       ??_G?$basic_filebuf@DU?$char_traits@D@std@@@std@@UAEPAXI@Z 00404e2c f i libcpmt:cout.obj
 0001:00003e2c       ??_E?$basic_filebuf@DU?$char_traits@D@std@@@std@@UAEPAXI@Z 00404e2c f i libcpmt:cout.obj
 0001:00003e4e       ??_G?$basic_ios@DU?$char_traits@D@std@@@std@@UAEPAXI@Z 00404e4e f i libcpmt:cout.obj
 0001:00003e4e       ??_E?$basic_ios@DU?$char_traits@D@std@@@std@@UAEPAXI@Z 00404e4e f i libcpmt:cout.obj
 0001:00003ea8       ??_E?$basic_ostream@DU?$char_traits@D@std@@@std@@UAEPAXI@Z 00404ea8 f i libcpmt:cout.obj
 0001:00003ea8       ??_G?$basic_ostream@DU?$char_traits@D@std@@@std@@UAEPAXI@Z 00404ea8 f i libcpmt:cout.obj
 0001:00003ecd       ??_E?$basic_streambuf@DU?$char_traits@D@std@@@std@@UAEPAXI@Z 00404ecd f i libcpmt:cout.obj
 0001:00003ecd       ??_G?$basic_streambuf@DU?$char_traits@D@std@@@std@@UAEPAXI@Z 00404ecd f i libcpmt:cout.obj
 0001:00003eef       ??_E?$codecvt@DDU_Mbstatet@@@std@@MAEPAXI@Z 00404eef f i libcpmt:cout.obj
 0001:00003eef       ??_G?$codecvt@DDU_Mbstatet@@@std@@MAEPAXI@Z 00404eef f i libcpmt:cout.obj
 0001:00003f12       ??_Eios_base@std@@UAEPAXI@Z 00404f12 f i libcpmt:cout.obj
 0001:00003f12       ??_Gios_base@std@@UAEPAXI@Z 00404f12 f i libcpmt:cout.obj
 0001:00003f6c       ?_Chassign@?$basic_string@DU?$char_traits@D@std@@V?$allocator@D@2@@std@@QAEXIID@Z 00404f6c f i libcpmt:cout.obj
 0001:00003fac       ?_Endwrite@?$basic_filebuf@DU?$char_traits@D@std@@@std@@IAE_NXZ 00404fac f i libcpmt:cout.obj
 0001:000040ca       ?_Getcat@?$codecvt@DDU_Mbstatet@@@std@@SAIPAPBVfacet@locale@2@PBV42@@Z 004050ca f i libcpmt:cout.obj
 0001:00004132       ?_Init@?$basic_filebuf@DU?$char_traits@D@std@@@std@@IAEXPAU_iobuf@@W4_Initfl@12@@Z 00405132 f i libcpmt:cout.obj
 0001:000041b0       ?_Init@?$basic_streambuf@DU?$char_traits@D@std@@@std@@IAEXXZ 004051b0 f i libcpmt:cout.obj
 0001:000041f4       ?_Init@ios_base@std@@IAEXXZ 004051f4 f i libcpmt:cout.obj
 0001:0000425a       ?_Initcvt@?$basic_filebuf@DU?$char_traits@D@std@@@std@@IAEXPBV?$codecvt@DDU_Mbstatet@@@2@@Z 0040525a f i libcpmt:cout.obj
 0001:00004290       ?_Lock@?$basic_filebuf@DU?$char_traits@D@std@@@std@@UAEXXZ 00405290 f i libcpmt:cout.obj
 0001:000042a0       ?_Reset_back@?$basic_filebuf@DU?$char_traits@D@std@@@std@@AAEXXZ 004052a0 f i libcpmt:cout.obj
 0001:000042c3       ?_Set_back@?$basic_filebuf@DU?$char_traits@D@std@@@std@@AAEXXZ 004052c3 f i libcpmt:cout.obj
 0001:000042f9       ?_Unlock@?$basic_filebuf@DU?$char_traits@D@std@@@std@@UAEXXZ 004052f9 f i libcpmt:cout.obj
 0001:00004309       ?append@?$basic_string@DU?$char_traits@D@std@@V?$allocator@D@2@@std@@QAEAAV12@ID@Z 00405309 f i libcpmt:cout.obj
 0001:00004366       ?assign@?$basic_string@DU?$char_traits@D@std@@V?$allocator@D@2@@std@@QAEAAV12@ID@Z 00405366 f i libcpmt:cout.obj
 0001:000043af       ?close@?$basic_filebuf@DU?$char_traits@D@std@@@std@@QAEPAV12@XZ 004053af f i libcpmt:cout.obj
 0001:0000440e       ?do_length@?$codecvt@DDU_Mbstatet@@@std@@MBEHAAU_Mbstatet@@PBD1I@Z 0040540e f i libcpmt:cout.obj
 0001:00004426       ?do_encoding@codecvt_base@std@@MBEHXZ 00405426 f i libcpmt:cout.obj
 0001:00004426       __get_startup_argv_mode    00405426 f i LIBCMT:argv_mode.obj
 0001:00004426       ?do_max_length@codecvt_base@std@@MBEHXZ 00405426 f i libcpmt:cout.obj
 0001:0000442a       ?do_out@?$codecvt@DDU_Mbstatet@@@std@@MBEHAAU_Mbstatet@@PBD1AAPBDPAD3AAPAD@Z 0040542a f i libcpmt:cout.obj
 0001:0000442a       ?do_in@?$codecvt@DDU_Mbstatet@@@std@@MBEHAAU_Mbstatet@@PBD1AAPBDPAD3AAPAD@Z 0040542a f i libcpmt:cout.obj
 0001:00004444       ?do_unshift@?$codecvt@DDU_Mbstatet@@@std@@MBEHAAU_Mbstatet@@PAD1AAPAD@Z 00405444 f i libcpmt:cout.obj
 0001:00004455       ?imbue@?$basic_filebuf@DU?$char_traits@D@std@@@std@@MAEXABVlocale@2@@Z 00405455 f i libcpmt:cout.obj
 0001:00004471       ?imbue@?$basic_streambuf@DU?$char_traits@D@std@@@std@@MAEXABVlocale@2@@Z 00405471 f i libcpmt:cout.obj
 0001:00004474       ?init@?$basic_ios@DU?$char_traits@D@std@@@std@@IAEXPAV?$basic_streambuf@DU?$char_traits@D@std@@@2@_N@Z 00405474 f i libcpmt:cout.obj
 0001:000044bd       ?overflow@?$basic_filebuf@DU?$char_traits@D@std@@@std@@MAEHH@Z 004054bd f i libcpmt:cout.obj
 0001:0000465b       ?overflow@?$basic_streambuf@DU?$char_traits@D@std@@@std@@MAEHH@Z 0040565b f i libcpmt:cout.obj
 0001:0000465b       ?pbackfail@?$basic_streambuf@DU?$char_traits@D@std@@@std@@MAEHH@Z 0040565b f i libcpmt:cout.obj
 0001:00004661       ?pbackfail@?$basic_filebuf@DU?$char_traits@D@std@@@std@@MAEHH@Z 00405661 f i libcpmt:cout.obj
 0001:000046e8       ?seekoff@?$basic_filebuf@DU?$char_traits@D@std@@@std@@MAE?AV?$fpos@U_Mbstatet@@@2@_JHH@Z 004056e8 f i libcpmt:cout.obj
 0001:000047a9       ?seekoff@?$basic_streambuf@DU?$char_traits@D@std@@@std@@MAE?AV?$fpos@U_Mbstatet@@@2@_JHH@Z 004057a9 f i libcpmt:cout.obj
 0001:000047d3       ?seekpos@?$basic_filebuf@DU?$char_traits@D@std@@@std@@MAE?AV?$fpos@U_Mbstatet@@@2@V32@H@Z 004057d3 f i libcpmt:cout.obj
 0001:00004893       ?seekpos@?$basic_streambuf@DU?$char_traits@D@std@@@std@@MAE?AV?$fpos@U_Mbstatet@@@2@V32@H@Z 00405893 f i libcpmt:cout.obj
 0001:000048bd       ?setbuf@?$basic_filebuf@DU?$char_traits@D@std@@@std@@MAEPAV?$basic_streambuf@DU?$char_traits@D@std@@@2@PAD_J@Z 004058bd f i libcpmt:cout.obj
 0001:0000490b       ?setbuf@?$basic_streambuf@DU?$char_traits@D@std@@@std@@MAEPAV12@PAD_J@Z 0040590b f i libcpmt:cout.obj
 0001:00004910       ?showmanyc@?$basic_streambuf@DU?$char_traits@D@std@@@std@@MAE_JXZ 00405910 f i libcpmt:cout.obj
 0001:00004915       ?sync@?$basic_filebuf@DU?$char_traits@D@std@@@std@@MAEHXZ 00405915 f i libcpmt:cout.obj
 0001:0000494d       ?uflow@?$basic_filebuf@DU?$char_traits@D@std@@@std@@MAEHXZ 0040594d f i libcpmt:cout.obj
 0001:00004aec       ?uflow@?$basic_streambuf@DU?$char_traits@D@std@@@std@@MAEHXZ 00405aec f i libcpmt:cout.obj
 0001:00004b1e       ?underflow@?$basic_filebuf@DU?$char_traits@D@std@@@std@@MAEHXZ 00405b1e f i libcpmt:cout.obj
 0001:00004b6c       ?underflow@?$basic_streambuf@DU?$char_traits@D@std@@@std@@MAEHXZ 00405b6c f i libcpmt:cout.obj
 0001:00004b70       ?xsgetn@?$basic_streambuf@DU?$char_traits@D@std@@@std@@MAE_JPAD_J@Z 00405b70 f i libcpmt:cout.obj
 0001:00004c69       ?xsputn@?$basic_streambuf@DU?$char_traits@D@std@@@std@@MAE_JPBD_J@Z 00405c69 f i libcpmt:cout.obj
 0001:00004de3       __Mtxdst                   00405de3 f   libcpmt:xmtx.obj
 0001:00004df1       __Mtxinit                  00405df1 f   libcpmt:xmtx.obj
 0001:00004e08       __Mtxlock                  00405e08 f   libcpmt:xmtx.obj
 0001:00004e16       __Mtxunlock                00405e16 f   libcpmt:xmtx.obj
 0001:00004e24       ___crtLCMapStringA         00405e24 f   libcpmt:StlLCMapStringA.obj
 0001:00005027       __freea_crt                00406027 f i libcpmt:StlLCMapStringA.obj
 0001:00005045       ??1_Init_atexit@@QAE@XZ    00406045 f i libcpmt:iosptrs.obj
 0001:000050a9       ?_Atexit@@YAXP6AXXZ@Z      004060a9 f   libcpmt:iosptrs.obj
 0001:000050d7       ___local_stdio_printf_options 004060d7 f i libcpmt:locale.obj
 0001:000050dd       ?_Addstd@ios_base@std@@SAXPAV12@@Z 004060dd f   libcpmt:ios.obj
 0001:0000512e       ?_Callfns@ios_base@std@@AAEXW4event@12@@Z 0040612e f i libcpmt:ios.obj
 0001:00005160       ?_Ios_base_dtor@ios_base@std@@CAXPAV12@@Z 00406160 f   libcpmt:ios.obj
 0001:000051a0       ?_Tidy@ios_base@std@@AAEXXZ 004061a0 f i libcpmt:ios.obj
 0001:00005592       ___crtInitializeCriticalSectionEx 00406592 f   libcpmt:winapisupp.obj
 0001:000055ca       _GetTableIndexFromLocaleName 004065ca f   libcpmt:winapinls.obj
 0001:00005618       ___crtDownlevelLocaleNameToLCID 00406618 f   libcpmt:winapinls.obj
 0001:00005642       ___crtLCMapStringEx        00406642 f   libcpmt:winapinls.obj
 0001:00005698       ___wcsnicmp_ascii          00406698 f   libcpmt:winapinls.obj
 0001:0000570b       ??2@YAPAXI@Z               0040670b f   LIBCMT:new_scalar.obj
 0001:0000573e       ??3@YAXPAX@Z               0040673e f   LIBCMT:delete_scalar.obj
 0001:00005743       ??3@YAXPAXI@Z              00406743 f   LIBCMT:delete_scalar_size.obj
 0001:00005751       ??_V@YAXPAX@Z              00406751 f   LIBCMT:delete_array.obj
 0001:0000579a       ___scrt_acquire_startup_lock 0040679a f   LIBCMT:utility.obj
 0001:000057cf       ___scrt_initialize_crt     004067cf f   LIBCMT:utility.obj
 0001:00005808       ___scrt_initialize_onexit_tables 00406808 f   LIBCMT:utility.obj
 0001:0000589f       ___scrt_is_nonwritable_in_current_image 0040689f f   LIBCMT:utility.obj
 0001:00005929       ___scrt_release_startup_lock 00406929 f   LIBCMT:utility.obj
 0001:00005946       ___scrt_uninitialize_crt   00406946 f   LIBCMT:utility.obj
 0001:0000596e       __onexit                   0040696e f   LIBCMT:utility.obj
 0001:000059a9       _atexit                    004069a9 f   LIBCMT:utility.obj
 0001:00005a7e       ??$__crt_fast_encode_pointer@PAP6AXXZ@@YAPAP6AXXZQAP6AXXZ@Z 00406a7e f i LIBCMT:utility.obj
 0001:00005a7e       ??$__crt_fast_encode_pointer@PAX@@YAPAXQAX@Z 00406a7e f i libvcruntime:winapi_downlevel.obj
 0001:00005a7e       ??$__crt_fast_encode_pointer@P6GXPAU_RTL_CONDITION_VARIABLE@@@Z@@YAP6GXPAU_RTL_CONDITION_VARIABLE@@@ZQ6GX0@Z@Z 00406a7e f i LIBCMT:thread_safe_statics.obj
 0001:00005a7e       ??$__crt_fast_encode_pointer@P6GHPAU_RTL_CONDITION_VARIABLE@@PAU_RTL_CRITICAL_SECTION@@K@Z@@YAP6GHPAU_RTL_CONDITION_VARIABLE@@PAU_RTL_CRITICAL_SECTION@@K@ZQ6GH01K@Z@Z 00406a7e f i LIBCMT:thread_safe_statics.obj
 0001:00005ab7       __Init_thread_footer       00406ab7 f   LIBCMT:thread_safe_statics.obj
 0001:00005af6       __Init_thread_header       00406af6 f   LIBCMT:thread_safe_statics.obj
 0001:00005b3c       __Init_thread_lock         00406b3c f   LIBCMT:thread_safe_statics.obj
 0001:00005b48       __Init_thread_notify       00406b48 f   LIBCMT:thread_safe_statics.obj
 0001:00005b89       __Init_thread_unlock       00406b89 f   LIBCMT:thread_safe_statics.obj
 0001:00005b95       __Init_thread_wait         00406b95 f   LIBCMT:thread_safe_statics.obj
 0001:00005bfa       @__security_check_cookie@4 00406bfa f   LIBCMT:_secchk_.obj
 0001:00005c0b       ??_Gtype_info@@UAEPAXI@Z   00406c0b f i LIBCMT:std_type_info_static.obj
 0001:00005c0b       ??_Etype_info@@UAEPAXI@Z   00406c0b f i LIBCMT:std_type_info_static.obj
 0001:00005e5b       _mainCRTStartup            00406e5b f   LIBCMT:exe_main.obj
 0001:00005e65       @_guard_check_icall@4      00406e65 f i LIBCMT:checkcfg.obj
 0001:00005e6b       __EH_epilog3               00406e6b f   LIBCMT:ehprolg3.obj
 0001:00005e80       __EH_epilog3_GS            00406e80 f   LIBCMT:ehprolg3.obj
 0001:00005e91       __EH_prolog3               00406e91 f   LIBCMT:ehprolg3.obj
 0001:00005ec5       __EH_prolog3_GS            00406ec5 f   LIBCMT:ehprolg3.obj
 0001:00005efc       __EH_prolog3_catch         00406efc f   LIBCMT:ehprolg3.obj
 0001:00005f40       __alloca_probe_16          00406f40 f   LIBCMT:alloca16.obj
 0001:00005f56       __alloca_probe_8           00406f56     LIBCMT:alloca16.obj
 0001:00005f70       __allmul                   00406f70 f   LIBCMT:llmul.obj
 0001:00005fb0       __aulldiv                  00406fb0 f   LIBCMT:ulldiv.obj
 0001:00006018       ??0bad_array_new_length@std@@QAE@ABV01@@Z 00407018 f i LIBCMT:throw_bad_alloc.obj
 0001:00006033       ??0bad_array_new_length@std@@QAE@XZ 00407033 f i LIBCMT:throw_bad_alloc.obj
 0001:0000604b       ?__scrt_throw_std_bad_array_new_length@@YAXXZ 0040704b f   LIBCMT:throw_bad_alloc.obj
 0001:00006068       ___isa_available_init      00407068 f   LIBCMT:_cpu_disp_.obj
 0001:00006202       ___scrt_is_ucrt_dll_in_use 00407202 f   LIBCMT:ucrt_detection.obj
 0001:0000620e       ___scrt_fastfail           0040720e f   LIBCMT:utility_desktop.obj
 0001:00006329       ___scrt_set_unhandled_exception_filter 00407329 f   LIBCMT:utility_desktop.obj
 0001:00006335       ___scrt_unhandled_exception_filter@4 00407335 f   LIBCMT:utility_desktop.obj
 0001:00006376       __crt_debugger_hook        00407376 f   LIBCMT:utility_desktop.obj
 0001:00006380       __SEH_prolog4              00407380 f   LIBCMT:_sehprolg4_.obj
 0001:000063c6       __SEH_epilog4              004073c6 f   LIBCMT:_sehprolg4_.obj
 0001:000063db       ___raise_securityfailure   004073db f   LIBCMT:gs_report.obj
 0001:00006403       ___report_gsfailure        00407403 f   LIBCMT:gs_report.obj
 0001:000064fe       ___report_rangecheckfailure 004074fe f   LIBCMT:gs_report.obj
 0001:0000650a       ___report_securityfailure  0040750a f   LIBCMT:gs_report.obj
 0001:000065da       ___security_init_cookie    004075da f   LIBCMT:gs_support.obj
 0001:00006676       __get_startup_file_mode    00407676 f   LIBCMT:file_mode.obj
 0001:0000667c       ?__scrt_initialize_type_info@@YAXXZ 0040767c f   LIBCMT:tncleanup.obj
 0001:00006688       __initialize_default_precision 00407688 f   LIBCMT:default_precision.obj
 0001:000066a9       ___except_validate_jump_buffer 004076a9 f   libvcruntime:jbcxrval.obj
 0001:000066a9       ___except_validate_context_record 004076a9 f   libvcruntime:jbcxrval.obj
 0001:000066a9       __initialize_denormal_control 004076a9 f   LIBCMT:denormal_control.obj
 0001:000066a9       ?_Unlock@?$basic_streambuf@DU?$char_traits@D@std@@@std@@UAEXXZ 004076a9 f   libcpmt:cout.obj
 0001:000066a9       @_guard_check_icall_nop@4  004076a9 f   LIBCMT:guard_support.obj
 0001:000066a9       ?_Lock@?$basic_streambuf@DU?$char_traits@D@std@@@std@@UAEXXZ 004076a9 f   libcpmt:cout.obj
 0001:000066a9       __initialize_invalid_parameter_handler 004076a9 f   LIBCMT:invalid_parameter_handler.obj
 0001:000066aa       ___local_stdio_scanf_options 004076aa f i LIBCMT:default_local_stdio_options.obj
 0001:000066b0       ___scrt_initialize_default_local_stdio_options 004076b0 f   LIBCMT:default_local_stdio_options.obj
 0001:000066cd       ___scrt_is_user_matherr_present 004076cd f   LIBCMT:matherr_detection.obj
 0001:000066d9       ___scrt_get_dyn_tls_init_callback 004076d9 f   LIBCMT:dyn_tls_init.obj
 0001:000066df       ___scrt_get_dyn_tls_dtor_callback 004076df f   LIBCMT:dyn_tls_dtor.obj
 0001:000066e5       __RTC_Initialize           004076e5 f   LIBCMT:_initsect_.obj
 0001:00006710       __RTC_Terminate            00407710 f   LIBCMT:_initsect_.obj
 0001:00006740       __chkstk                   00407740 f   LIBCMT:chkstk.obj
 0001:00006740       __alloca_probe             00407740 f   LIBCMT:chkstk.obj
 0001:0000676e       _IsProcessorFeaturePresent@4 0040776e f   kernel32:KERNEL32.dll
 0001:00006774       __get_purecall_handler     00407774 f   libvcruntime:purevirt.obj
 0001:00006793       __purecall                 00407793 f   libvcruntime:purevirt.obj
 0001:000067b0       _memcpy                    004077b0 f   libvcruntime:memcpy.obj
 0001:00006d30       _memmove                   00407d30 f   libvcruntime:memmove.obj
 0001:000072a4       ___std_exception_copy      004082a4 f   libvcruntime:std_exception.obj
 0001:00007307       ___std_exception_destroy   00408307 f   libvcruntime:std_exception.obj
 0001:00007326       __CxxThrowException@8      00408326 f   libvcruntime:throw.obj
 0001:00007394       ?_CallCatchBlock2@@YAPAXPAUEHRegistrationNode@@PBU_s_FuncInfo@@PAXHK@Z 00408394 f   libvcruntime:trnsctrl.obj
 0001:000073f4       ?_CallSETranslator@@YAHPAUEHExceptionRecord@@PAUEHRegistrationNode@@PAX2PBU_s_FuncInfo@@H1@Z 004083f4 f   libvcruntime:trnsctrl.obj
 0001:000074d1       ?_GetRangeOfTrysToCheck@@YAPBU_s_TryBlockMapEntry@@PBU_s_FuncInfo@@HHPAI1@Z 004084d1 f   libvcruntime:trnsctrl.obj
 0001:00007549       ?_JumpToContinuation@@YGXPAXPAUEHRegistrationNode@@@Z 00408549 f   libvcruntime:trnsctrl.obj
 0001:0000757b       ?_UnwindNestedFrames@@YGXPAUEHRegistrationNode@@PAUEHExceptionRecord@@@Z 0040857b f   libvcruntime:trnsctrl.obj
 0001:000075d0       __CatchGuardHandler        004085d0 f   libvcruntime:trnsctrl.obj
 0001:00007601       __CreateFrameInfo          00408601 f   libvcruntime:trnsctrl.obj
 0001:00007625       __FindAndUnlinkFrame       00408625 f   libvcruntime:trnsctrl.obj
 0001:0000766f       __IsExceptionObjectToBeDestroyed 0040866f f   libvcruntime:trnsctrl.obj
 0001:00007695       __TranslatorGuardHandler   00408695 f   libvcruntime:trnsctrl.obj
 0001:00007734       ___CxxFrameHandler3        00408734 f   libvcruntime:trnsctrl.obj
 0001:0000776a       ___DestructExceptionObject 0040876a f   libvcruntime:frame.obj
 0001:000077fe       ??0bad_exception@std@@QAE@ABV01@@Z 004087fe f i libvcruntime:frame.obj
 0001:00007819       ??0bad_exception@std@@QAE@XZ 00408819 f i libvcruntime:frame.obj
 0001:00007831       ??1bad_alloc@std@@UAE@XZ   00408831 f i libcpmt:xthrow.obj
 0001:00007831       ??1bad_exception@std@@UAE@XZ 00408831 f i libvcruntime:frame.obj
 0001:00007831       ??1length_error@std@@UAE@XZ 00408831 f i libcpmt:xthrow.obj
 0001:00007831       ??1out_of_range@std@@UAE@XZ 00408831 f i libcpmt:xthrow.obj
 0001:00007831       ??1bad_array_new_length@std@@UAE@XZ 00408831 f i LIBCMT:throw_bad_alloc.obj
 0001:0000805b       ?_CallMemberFunction2@@YGXQAX00H@Z 0040905b f i libvcruntime:frame.obj
 0001:0000805b       ?_CallMemberFunction0@@YGXQAX0@Z 0040905b f i libvcruntime:frame.obj
 0001:0000805b       ?_CallMemberFunction1@@YGXQAX00@Z 0040905b f i libvcruntime:frame.obj
 0001:00008062       ___AdjustPointer           00409062 f   libvcruntime:frame.obj
 0001:00008087       ___BuildCatchObject        00409087 f   libvcruntime:frame.obj
 0001:00008116       ___BuildCatchObjectHelper  00409116 f   libvcruntime:frame.obj
 0001:00008244       ___FrameUnwindFilter       00409244 f   libvcruntime:frame.obj
 0001:00008289       ___FrameUnwindToState      00409289 f   libvcruntime:frame.obj
 0001:00008351       ___InternalCxxFrameHandler 00409351 f   libvcruntime:frame.obj
 0001:0000844d       ___TypeMatch               0040944d f   libvcruntime:frame.obj
 0001:000084db       ___std_terminate           004094db f   libvcruntime:frame.obj
 0001:000084e0       ___uncaught_exception      004094e0 f   libvcruntime:frame.obj
 0001:000084f0       _memset                    004094f0 f   libvcruntime:memset.obj
 0001:00008650       _memchr                    00409650 f   libvcruntime:memchr.obj
 0001:000086fd       _memcmp                    004096fd f   libvcruntime:_memcmp_.obj
 0001:00009e7d       ___vcrt_initialize         0040ae7d f   libvcruntime:initialization.obj
 0001:00009ea6       ___vcrt_uninitialize       0040aea6 f   libvcruntime:initialization.obj
 0001:00009f10       __except_handler4          0040af10 f   libvcruntime:_chandler4_.obj
 0001:0000a197       ___vcrt_FlsAlloc           0040b197 f   libvcruntime:winapi_downlevel.obj
 0001:0000a1d1       ___vcrt_FlsFree            0040b1d1 f   libvcruntime:winapi_downlevel.obj
 0001:0000a20b       ___vcrt_FlsGetValue        0040b20b f   libvcruntime:winapi_downlevel.obj
 0001:0000a245       ___vcrt_FlsSetValue        0040b245 f   libvcruntime:winapi_downlevel.obj
 0001:0000a282       ___vcrt_InitializeCriticalSectionEx 0040b282 f   libvcruntime:winapi_downlevel.obj
 0001:0000a2c8       ___vcrt_initialize_winapi_thunks 0040b2c8 f   libvcruntime:winapi_downlevel.obj
 0001:0000a302       ___vcrt_uninitialize_winapi_thunks 0040b302 f   libvcruntime:winapi_downlevel.obj
 0001:0000a334       ___std_type_info_compare   0040b334 f   libvcruntime:std_type_info.obj
 0001:0000a370       ___vcrt_initialize_pure_virtual_call_handler 0040b370 f   libvcruntime:purevirt_data.obj
 0001:0000a38d       ___vcrt_freefls@4          0040b38d f   libvcruntime:per_thread_data.obj
 0001:0000a3a9       ___vcrt_getptd             0040b3a9 f   libvcruntime:per_thread_data.obj
 0001:0000a3b7       ___vcrt_getptd_noexit      0040b3b7 f   libvcruntime:per_thread_data.obj
 0001:0000a449       ___vcrt_initialize_ptd     0040b449 f   libvcruntime:per_thread_data.obj
 0001:0000a47c       ___vcrt_uninitialize_ptd   0040b47c f   libvcruntime:per_thread_data.obj
 0001:0000a4a0       __CallSettingFrame@12      0040b4a0 f   libvcruntime:lowhelpr.obj
 0001:0000a4c7       __NLG_Return               0040b4c7     libvcruntime:lowhelpr.obj
 0001:0000a4ec       _unexpected                0040b4ec f   libvcruntime:unexpected.obj
 0001:0000a508       ___vcrt_initialize_locks   0040b508 f   libvcruntime:locks.obj
 0001:0000a544       ___vcrt_uninitialize_locks 0040b544 f   libvcruntime:locks.obj
 0001:0000a580       __local_unwind4            0040b580 f   libvcruntime:_exsup4_.obj
 0001:0000a656       __seh_longjmp_unwind4@4    0040b656 f   libvcruntime:_exsup4_.obj
 0001:0000a67e       @_EH4_CallFilterFunc@8     0040b67e f   libvcruntime:_exsup4_.obj
 0001:0000a695       @_EH4_TransferToHandler@8  0040b695 f   libvcruntime:_exsup4_.obj
 0001:0000a6ae       @_EH4_GlobalUnwind2@8      0040b6ae f   libvcruntime:_exsup4_.obj
 0001:0000a6c7       @_EH4_LocalUnwind@16       0040b6c7 f   libvcruntime:_exsup4_.obj
 0001:0000a6e0       __global_unwind2           0040b6e0 f   libvcruntime:_exsup_.obj
 0001:0000a745       __local_unwind2            0040b745 f   libvcruntime:_exsup_.obj
 0001:0000a7c9       __abnormal_termination     0040b7c9 f   libvcruntime:_exsup_.obj
 0001:0000a7ec       __NLG_Notify1              0040b7ec f   libvcruntime:_exsup_.obj
 0001:0000a7f5       __NLG_Notify               0040b7f5 f   libvcruntime:_exsup_.obj
 0001:0000a80c       __NLG_Dispatch             0040b80c     libvcruntime:_exsup_.obj
 0001:0000a80c       __NLG_Dispatch2            0040b80c     libvcruntime:_exsup_.obj
 0001:0000a814       __NLG_Call                 0040b814 f   libvcruntime:_exsup_.obj
 0001:0000a816       __NLG_Return2              0040b816     libvcruntime:_exsup_.obj
 0001:0000a817       ___acrt_call_reportfault   0040b817 f   libucrt:invalid_parameter.obj
 0001:0000a952       ___acrt_initialize_invalid_parameter_handler 0040b952 f   libucrt:invalid_parameter.obj
 0001:0000a966       __invalid_parameter        0040b966 f   libucrt:invalid_parameter.obj
 0001:0000a9e1       __invalid_parameter_noinfo 0040b9e1 f   libucrt:invalid_parameter.obj
 0001:0000a9f1       __invalid_parameter_noinfo_noreturn 0040b9f1 f   libucrt:invalid_parameter.obj
 0001:0000aa0e       __invoke_watson            0040ba0e f   libucrt:invalid_parameter.obj
 0001:0000aa41       _free                      0040ba41 f   libucrt:free.obj
 0001:0000aa50       _strlen                    0040ba50 f   libucrt:strlen.obj
 0001:0000aadb       ___acrt_initialize_locks   0040badb f   libucrt:locks.obj
 0001:0000ab1c       ___acrt_lock               0040bb1c f   libucrt:locks.obj
 0001:0000ab33       ___acrt_uninitialize_locks 0040bb33 f   libucrt:locks.obj
 0001:0000ab64       ___acrt_unlock             0040bb64 f   libucrt:locks.obj
 0001:0000ab7b       __lock_locales             0040bb7b f   libucrt:locks.obj
 0001:0000ab84       __unlock_locales           0040bb84 f   libucrt:locks.obj
 0001:0000ab8d       __calloc_base              0040bb8d f   libucrt:calloc_base.obj
 0001:0000abea       ___pctype_func             0040bbea f   libucrt:ctype.obj
 0001:0000ac10       ??0_LocaleUpdate@@QAE@QAU__crt_locale_pointers@@@Z 0040bc10 f i libucrt:_ctype.obj
 0001:0000ac93       __chvalidchk_l             0040bc93 f i libucrt:_ctype.obj
 0001:0000acbd       __ischartype_l             0040bcbd f i libucrt:_ctype.obj
 0001:0000acf0       __islower_l                0040bcf0 f i libucrt:_ctype.obj
 0001:0000ad28       __isupper_l                0040bd28 f i libucrt:_ctype.obj
 0001:0000ad60       _islower                   0040bd60 f i libucrt:_ctype.obj
 0001:0000ad8d       _isupper                   0040bd8d f i libucrt:_ctype.obj
 0001:0000adba       __wcsdup                   0040bdba f   libucrt:wcsdup.obj
 0001:0000ae1b       ____lc_codepage_func       0040be1b f   libucrt:initctype.obj
 0001:0000ae42       ____lc_locale_name_func    0040be42 f   libucrt:initctype.obj
 0001:0000ae6b       ___acrt_locale_initialize_ctype 0040be6b f   libucrt:initctype.obj
 0001:0000b209       _malloc                    0040c209 f   libucrt:malloc.obj
 0001:0000b2b1       _setlocale                 0040c2b1 f   libucrt:setlocale.obj
 0001:0000b40e       ___acrt_errno_from_os_error 0040c40e f   libucrt:errno.obj
 0001:0000b451       ___acrt_errno_map_os_error 0040c451 f   libucrt:errno.obj
 0001:0000b474       ___doserrno                0040c474 f   libucrt:errno.obj
 0001:0000b487       __errno                    0040c487 f   libucrt:errno.obj
 0001:0000b49a       ___acrt_initialize_stdio   0040c49a f   libucrt:_file.obj
 0001:0000b562       ___acrt_iob_func           0040c562 f   libucrt:_file.obj
 0001:0000b572       ___acrt_uninitialize_stdio 0040c572 f   libucrt:_file.obj
 0001:0000b5be       __get_stream_buffer_pointers 0040c5be f   libucrt:_file.obj
 0001:0000b604       __lock_file                0040c604 f   libucrt:_file.obj
 0001:0000b618       __unlock_file              0040c618 f   libucrt:_file.obj
 0001:0000b62c       __fclose_nolock            0040c62c f   libucrt:fclose.obj
 0001:0000b6a2       _fclose                    0040c6a2 f   libucrt:fclose.obj
 0001:0000b722       ___acrt_stdio_flush_nolock 0040c722 f   libucrt:fflush.obj
 0001:0000b788       __fflush_nolock            0040c788 f   libucrt:fflush.obj
 0001:0000b7cf       __flushall                 0040c7cf f   libucrt:fflush.obj
 0001:0000b8b0       _fflush                    0040c8b0 f   libucrt:fflush.obj
 0001:0000b909       __fgetc_nolock             0040c909 f   libucrt:fgetc.obj
 0001:0000b945       _fgetc                     0040c945 f   libucrt:fgetc.obj
 0001:0000ba47       _fgetpos                   0040ca47 f   libucrt:fgetpos.obj
 0001:0000baa2       __fputc_nolock             0040caa2 f   libucrt:fputc.obj
 0001:0000bacb       _fputc                     0040cacb f   libucrt:fputc.obj
 0001:0000bbcf       _fsetpos                   0040cbcf f   libucrt:fsetpos.obj
 0001:0000bc0a       ?LongLongSub@@YAJ_J0PA_J@Z 0040cc0a f i libucrt:fseek.obj
 0001:0000bec4       __fseeki64                 0040cec4 f   libucrt:fseek.obj
 0001:0000bedf       ??$?RV<lambda_11b4f7b0d3157825a5656a18eba1ae27>@@AAV<lambda_b51c0495177f500e782686251704ae76>@@V<lambda_cf89b47920b5017557bfe891e78aca36>@@@?$__crt_seh_guarded_call@I@@QAEI$$QAV<lambda_11b4f7b0d3157825a5656a18eba1ae27>@@AAV<lambda_b51c0495177f500e782686251704ae76>@@$$QAV<lambda_cf89b47920b5017557bfe891e78aca36>@@@Z 0040cedf f i libucrt:fwrite.obj
 0001:0000bf30       ??$__acrt_lock_stream_and_call@V<lambda_b51c0495177f500e782686251704ae76>@@@@YAIQAU_iobuf@@$$QAV<lambda_b51c0495177f500e782686251704ae76>@@@Z 0040cf30 f i libucrt:fwrite.obj
 0001:0000bf9e       __fwrite_nolock            0040cf9e f   libucrt:fwrite.obj
 0001:0000c117       _fwrite                    0040d117 f   libucrt:fwrite.obj
 0001:0000c16f       ??$?RV<lambda_d92cfe8357b99225085016881b624cb0>@@AAV<lambda_b721fa326cdb32351d23dfa67958c160>@@V<lambda_42d75b0848218ec137fa420c8ba9fdf9>@@@?$__crt_seh_guarded_call@H@@QAEH$$QAV<lambda_d92cfe8357b99225085016881b624cb0>@@AAV<lambda_b721fa326cdb32351d23dfa67958c160>@@$$QAV<lambda_42d75b0848218ec137fa420c8ba9fdf9>@@@Z 0040d16f f i libucrt:setvbuf.obj
 0001:0000c1c0       ??$__acrt_lock_stream_and_call@V<lambda_b721fa326cdb32351d23dfa67958c160>@@@@YAHQAU_iobuf@@$$QAV<lambda_b721fa326cdb32351d23dfa67958c160>@@@Z 0040d1c0 f i libucrt:setvbuf.obj
 0001:0000c2b5       _setvbuf                   0040d2b5 f   libucrt:setvbuf.obj
 0001:0000c32b       __ungetc_nolock            0040d32b f   libucrt:ungetc.obj
 0001:0000c41a       _ungetc                    0040d41a f   libucrt:ungetc.obj
 0001:0000c48a       ___strncnt                 0040d48a f   libucrt:strncnt.obj
 0001:0000c4a6       __free_base                0040d4a6 f   libucrt:free_base.obj
 0001:0000c4e0       __malloc_base              0040d4e0 f   libucrt:malloc_base.obj
 0001:0000c52e       _abort                     0040d52e f   libucrt:abort.obj
 0001:0000c571       __realloc_base             0040d571 f   libucrt:realloc_base.obj
 0001:0000c5da       ?unget@?$c_string_character_source@_W@__crt_strtox@@QAEX_W@Z 0040d5da f i libucrt:strtod.obj
 0001:0000c606       ?validate@?$c_string_character_source@_W@__crt_strtox@@QBE_NXZ 0040d606 f i libucrt:strtod.obj
 0001:0000c630       _strcspn                   0040d630 f   libucrt:strcspn.obj
 0001:0000c680       _pow                       0040d680 f   libucrt:pow.obj
 0001:0000c6c0       __CIpow                    0040d6c0 f   libucrt:pow.obj
 0001:0000c6fb       __CIpow_default            0040d6fb f   libucrt:pow.obj
 0001:0000c714       __pow_default              0040d714     libucrt:pow.obj
 0001:0000c909       _wcscpy_s                  0040d909 f   libucrt:wcscpy_s.obj
 0001:0000c96d       _wcsnlen                   0040d96d f   libucrt:strnlen.obj
 0001:0000cb7d       __ismbblead                0040db7d f   libucrt:ismbbyte.obj
 0001:0000ccfc       __tolower_l                0040dcfc f   libucrt:tolower_toupper.obj
 0001:0000cd16       ___acrt_initialize_new_handler 0040dd16 f   libucrt:new_handler.obj
 0001:0000cd2a       __callnewh                 0040dd2a f   libucrt:new_handler.obj
 0001:0000cd6e       __query_new_handler        0040dd6e f   libucrt:new_handler.obj
 0001:0000cdc0       __seh_filter_exe           0040ddc0 f   libucrt:exception_filter.obj
 0001:0000d0a0       ___scrt_is_managed_app     0040e0a0 f   LIBCMT:utility_desktop.obj
 0001:0000d14e       ___acrt_initialize_thread_local_exit_callback 0040e14e f   libucrt:exit.obj
 0001:0000d15d       __c_exit                   0040e15d f   libucrt:exit.obj
 0001:0000d16c       __cexit                    0040e16c f   libucrt:exit.obj
 0001:0000d17b       __exit                     0040e17b f   libucrt:exit.obj
 0001:0000d191       __register_thread_local_exe_atexit_callback 0040e191 f   libucrt:exit.obj
 0001:0000d1c9       _exit                      0040e1c9 f   libucrt:exit.obj
 0001:0000d478       ___acrt_allocate_buffer_for_argv 0040e478 f   libucrt:argv_parsing.obj
 0001:0000d4cd       __configure_narrow_argv    0040e4cd f   libucrt:argv_parsing.obj
 0001:0000d6df       ??$uninitialize@A6AXAAPAPAD@Z@?$dual_state_global@PAPAD@__crt_state_management@@QAEXA6AXAAPAPAD@Z@Z 0040e6df f i libucrt:environment_initialization.obj
 0001:0000d6df       ??$uninitialize@A6AXAAPAPA_W@Z@?$dual_state_global@PAPA_W@__crt_state_management@@QAEXA6AXAAPAPA_W@Z@Z 0040e6df f i libucrt:environment_initialization.obj
 0001:0000d755       ___dcrt_get_or_create_narrow_environment_nolock 0040e755 f   libucrt:environment_initialization.obj
 0001:0000d75a       ___dcrt_uninitialize_environments_nolock 0040e75a f   libucrt:environment_initialization.obj
 0001:0000d791       __get_initial_narrow_environment 0040e791 f   libucrt:environment_initialization.obj
 0001:0000d7a5       __initialize_narrow_environment 0040e7a5 f   libucrt:environment_initialization.obj
 0001:0000d7aa       ??$?RV<lambda_800076c951b434888f4765a74a194fcc>@@AAV<lambda_4e60a939b0d047cfe11ddc22648dfba9>@@V<lambda_6dbb1268764f43b569ce7b67e331d33a>@@@?$__crt_seh_guarded_call@H@@QAEH$$QAV<lambda_800076c951b434888f4765a74a194fcc>@@AAV<lambda_4e60a939b0d047cfe11ddc22648dfba9>@@$$QAV<lambda_6dbb1268764f43b569ce7b67e331d33a>@@@Z 0040e7aa f i libucrt:onexit.obj
 0001:0000d7fb       ??$?RV<lambda_995298e7d72eb4c2aab26c0585b3abe5>@@AAV<lambda_275893d493268fdec8709772e3fcec0e>@@V<lambda_293819299cbf9a7022e18b56a874bb5c>@@@?$__crt_seh_guarded_call@H@@QAEH$$QAV<lambda_995298e7d72eb4c2aab26c0585b3abe5>@@AAV<lambda_275893d493268fdec8709772e3fcec0e>@@$$QAV<lambda_293819299cbf9a7022e18b56a874bb5c>@@@Z 0040e7fb f i libucrt:onexit.obj
 0001:0000d84c       ??$__acrt_lock_and_call@V<lambda_275893d493268fdec8709772e3fcec0e>@@@@YAHW4__acrt_lock_id@@$$QAV<lambda_275893d493268fdec8709772e3fcec0e>@@@Z 0040e84c f i libucrt:onexit.obj
 0001:0000d874       ??$__acrt_lock_and_call@V<lambda_4e60a939b0d047cfe11ddc22648dfba9>@@@@YAHW4__acrt_lock_id@@$$QAV<lambda_4e60a939b0d047cfe11ddc22648dfba9>@@@Z 0040e874 f i libucrt:onexit.obj
 0001:0000dafd       __crt_atexit               0040eafd f   libucrt:onexit.obj
 0001:0000db13       __execute_onexit_table     0040eb13 f   libucrt:onexit.obj
 0001:0000db30       __initialize_onexit_table  0040eb30 f   libucrt:onexit.obj
 0001:0000db6d       __register_onexit_function 0040eb6d f   libucrt:onexit.obj
 0001:0000dbc5       ?do_always_noconv@?$codecvt@DDU_Mbstatet@@@std@@MBE_NXZ 0040ebc5 f   libcpmt:cout.obj
 0001:0000dbc5       __should_initialize_environment 0040ebc5 f   LIBCMT:env_mode.obj
 0001:0000dbc5       ___acrt_uninitialize_command_line 0040ebc5 f   libucrt:argv_data.obj
 0001:0000dc85       ___acrt_initialize         0040ec85 f   libucrt:initialization.obj
 0001:0000dc97       ___acrt_uninitialize       0040ec97 f   libucrt:initialization.obj
 0001:0000dca9       __query_app_type           0040eca9 f   libucrt:report_runtime_error.obj
 0001:0000dcaf       __set_app_type             0040ecaf f   libucrt:report_runtime_error.obj
 0001:0000dcbe       ___acrt_has_user_matherr   0040ecbe f   libucrt:matherr.obj
 0001:0000dcd7       ___acrt_initialize_user_matherr 0040ecd7 f   libucrt:matherr.obj
 0001:0000dceb       ___acrt_invoke_user_matherr 0040eceb f   libucrt:matherr.obj
 0001:0000dd34       ___setusermatherr          0040ed34 f   libucrt:matherr.obj
 0001:0000dd49       __initterm                 0040ed49 f   libucrt:initterm.obj
 0001:0000dda5       __initterm_e               0040eda5 f   libucrt:initterm.obj
 0001:0000ddea       __set_fmode                0040edea f   libucrt:setmode.obj
 0001:0000de27       ___acrt_initialize_command_line 0040ee27 f   libucrt:argv_data.obj
 0001:0000de40       ___p___argc                0040ee40 f   libucrt:argv_data.obj
 0001:0000de46       ___p___argv                0040ee46 f   libucrt:argv_data.obj
 0001:0000de4c       ?sync@?$basic_streambuf@DU?$char_traits@D@std@@@std@@MAEHXZ 0040ee4c f   libcpmt:cout.obj
 0001:0000de4c       __get_startup_commit_mode  0040ee4c f   LIBCMT:commit_mode.obj
 0001:0000de4c       __get_startup_new_mode     0040ee4c f   LIBCMT:new_mode.obj
 0001:0000de4c       ___scrt_initialize_winrt   0040ee4c f   LIBCMT:utility_desktop.obj
 0001:0000de4c       __matherr                  0040ee4c f   LIBCMT:matherr.obj
 0001:0000de4c       __get_startup_thread_locale_mode 0040ee4c f   LIBCMT:thread_locale.obj
 0001:0000de4f       ??$?RV<lambda_70818de7b02deff9841e8b0962a60ed9>@@AAV<lambda_2af78c5f5901b1372d98f9ab3177dfa6>@@AAV<lambda_f51fe5fd7c79a33db34fc9310f277369>@@@?$__crt_seh_guarded_call@X@@QAEX$$QAV<lambda_70818de7b02deff9841e8b0962a60ed9>@@AAV<lambda_2af78c5f5901b1372d98f9ab3177dfa6>@@AAV<lambda_f51fe5fd7c79a33db34fc9310f277369>@@@Z 0040ee4f f i libucrt:wsetlocale.obj
 0001:0000de8a       ??$?RV<lambda_c76fdea48760d5f9368b465f31df4405>@@AAV<lambda_e378711a6f6581bf7f0efd7cdf97f5d9>@@V<lambda_e927a58b2a85c081d733e8c6192ae2d2>@@@?$__crt_seh_guarded_call@X@@QAEX$$QAV<lambda_c76fdea48760d5f9368b465f31df4405>@@AAV<lambda_e378711a6f6581bf7f0efd7cdf97f5d9>@@$$QAV<lambda_e927a58b2a85c081d733e8c6192ae2d2>@@@Z 0040ee8a f i libucrt:wsetlocale.obj
 0001:0000decd       ??$__acrt_lock_and_call@V<lambda_e378711a6f6581bf7f0efd7cdf97f5d9>@@@@YAXW4__acrt_lock_id@@$$QAV<lambda_e378711a6f6581bf7f0efd7cdf97f5d9>@@@Z 0040eecd f i libucrt:wsetlocale.obj
 0001:0000e04f       ___acrt_copy_locale_name   0040f04f f   libucrt:wsetlocale.obj
 0001:0000e0b5       ___acrt_set_locale_changed 0040f0b5 f   libucrt:wsetlocale.obj
 0001:0000e0c0       ___acrt_uninitialize_locale 0040f0c0 f   libucrt:wsetlocale.obj
 0001:0000e112       ___lc_lctowcs              0040f112 f   libucrt:wsetlocale.obj
 0001:0000e182       ___lc_wcstolc              0040f182 f   libucrt:wsetlocale.obj
 0001:0000e2b1       __configthreadlocale       0040f2b1 f   libucrt:wsetlocale.obj
 0001:0000e342       __expandlocale             0040f342 f   libucrt:wsetlocale.obj
 0001:0000e6b9       __wcscats                  0040f6b9 f   libucrt:wsetlocale.obj
 0001:0000e6fa       __wsetlocale               0040f6fa f   libucrt:wsetlocale.obj
 0001:0000efc4       __query_new_mode           0040ffc4 f   libucrt:new_mode.obj
 0001:0000efca       __set_new_mode             0040ffca f   libucrt:new_mode.obj
 0001:0000eff9       ___p__commode              0040fff9 f   libucrt:ncommode.obj
 0001:0000efff       _terminate                 0040ffff f   libucrt:terminate.obj
 0001:0000f03b       __controlfp_s              0041003b f   libucrt:contrlfp.obj
 0001:0000f09a       _strcpy_s                  0041009a f   libucrt:strcpy_s.obj
 0001:0000f0f4       ??$is_overflow_condition@K@__crt_strtox@@YA_NIK@Z 004100f4 f i libucrt:atox.obj
 0001:0000f127       ??$make_c_string_character_source@_W$$T@__crt_strtox@@YA?AV?$c_string_character_source@_W@0@QB_W$$T@Z 00410127 f i libucrt:atox.obj
 0001:0000f142       ??$parse_integer@KV?$c_string_character_source@_W@__crt_strtox@@@__crt_strtox@@YAKQAU__crt_locale_pointers@@V?$c_string_character_source@_W@0@H_N@Z 00410142 f i libucrt:atox.obj
 0001:0000f827       __wtol                     00410827 f   libucrt:atox.obj
 0001:0000f851       ??$?RV<lambda_3518db117f0e7cdb002338c5d3c47b6c>@@AAV<lambda_b2ea41f6bbb362cd97d94c6828d90b61>@@V<lambda_abdedf541bb04549bc734292b4a045d4>@@@?$__crt_seh_guarded_call@X@@QAEX$$QAV<lambda_3518db117f0e7cdb002338c5d3c47b6c>@@AAV<lambda_b2ea41f6bbb362cd97d94c6828d90b61>@@$$QAV<lambda_abdedf541bb04549bc734292b4a045d4>@@@Z 00410851 f i libucrt:per_thread_data.obj
 0001:0000f8a1       ??$?RV<lambda_51b6e8b1eb166f2a3faf91f424b38130>@@AAV<lambda_6250bd4b2a391816dd638c3bf72b0bcb>@@V<lambda_0b5a4a3e68152e1d9b943535f5f47bed>@@@?$__crt_seh_guarded_call@X@@QAEX$$QAV<lambda_51b6e8b1eb166f2a3faf91f424b38130>@@AAV<lambda_6250bd4b2a391816dd638c3bf72b0bcb>@@$$QAV<lambda_0b5a4a3e68152e1d9b943535f5f47bed>@@@Z 004108a1 f i libucrt:per_thread_data.obj
 0001:0000f902       ??$?RV<lambda_5b71d36f03204c0beab531769a5b5694>@@AAV<lambda_be2b3da3f62db62e9dad5dc70221a656>@@V<lambda_8f9ce462984622f9bf76b59e2aaaf805>@@@?$__crt_seh_guarded_call@X@@QAEX$$QAV<lambda_5b71d36f03204c0beab531769a5b5694>@@AAV<lambda_be2b3da3f62db62e9dad5dc70221a656>@@$$QAV<lambda_8f9ce462984622f9bf76b59e2aaaf805>@@@Z 00410902 f i libucrt:per_thread_data.obj
 0001:0000f94d       ??$?RV<lambda_9df27f884b057bc3edfc946cb5b7cf47>@@AAV<lambda_e69574bed617af4e071282c136b37893>@@V<lambda_cc0d902bcbbeb830f749456577db4721>@@@?$__crt_seh_guarded_call@X@@QAEX$$QAV<lambda_9df27f884b057bc3edfc946cb5b7cf47>@@AAV<lambda_e69574bed617af4e071282c136b37893>@@$$QAV<lambda_cc0d902bcbbeb830f749456577db4721>@@@Z 0041094d f i libucrt:per_thread_data.obj
 0001:0000f995       ??$__acrt_lock_and_call@V<lambda_6250bd4b2a391816dd638c3bf72b0bcb>@@@@YAXW4__acrt_lock_id@@$$QAV<lambda_6250bd4b2a391816dd638c3bf72b0bcb>@@@Z 00410995 f i libucrt:per_thread_data.obj
 0001:0000f9bd       ??$__acrt_lock_and_call@V<lambda_b2ea41f6bbb362cd97d94c6828d90b61>@@@@YAXW4__acrt_lock_id@@$$QAV<lambda_b2ea41f6bbb362cd97d94c6828d90b61>@@@Z 004109bd f i libucrt:per_thread_data.obj
 0001:0000f9e5       ??$__acrt_lock_and_call@V<lambda_be2b3da3f62db62e9dad5dc70221a656>@@@@YAXW4__acrt_lock_id@@$$QAV<lambda_be2b3da3f62db62e9dad5dc70221a656>@@@Z 004109e5 f i libucrt:per_thread_data.obj
 0001:0000fa0d       ??$__acrt_lock_and_call@V<lambda_e69574bed617af4e071282c136b37893>@@@@YAXW4__acrt_lock_id@@$$QAV<lambda_e69574bed617af4e071282c136b37893>@@@Z 00410a0d f i libucrt:per_thread_data.obj
 0001:0000fbc3       ___acrt_getptd             00410bc3 f   libucrt:per_thread_data.obj
 0001:0000fc47       ___acrt_getptd_noexit      00410c47 f   libucrt:per_thread_data.obj
 0001:0000fccc       ___acrt_initialize_ptd     00410ccc f   libucrt:per_thread_data.obj
 0001:0000fcf8       ___acrt_uninitialize_ptd   00410cf8 f   libucrt:per_thread_data.obj
 0001:0000fd58       ??$?RV<lambda_9227be29367c048ad7fd93a717dcb1a1>@@AAV<lambda_a463b7b0560cfcaf9b17f27c6ef46564>@@V<lambda_ccea11b5727ccf69be64f5f5d9a08d9f>@@@?$__crt_seh_guarded_call@H@@QAEH$$QAV<lambda_9227be29367c048ad7fd93a717dcb1a1>@@AAV<lambda_a463b7b0560cfcaf9b17f27c6ef46564>@@$$QAV<lambda_ccea11b5727ccf69be64f5f5d9a08d9f>@@@Z 00410d58 f i libucrt:winapi_thunks.obj
 0001:0000fddc       ??$__acrt_lock_and_call@V<lambda_a463b7b0560cfcaf9b17f27c6ef46564>@@@@YAHW4__acrt_lock_id@@$$QAV<lambda_a463b7b0560cfcaf9b17f27c6ef46564>@@@Z 00410ddc f i libucrt:winapi_thunks.obj
 0001:0000fe04       ??$__crt_fast_encode_pointer@P6GXPAXK0@Z@@YAP6GXPAXK0@ZQ6GX0K0@Z@Z 00410e04 f i libucrt:exit.obj
 0001:0000fe04       ??$__crt_fast_encode_pointer@P6AHXZ@@YAP6AHXZQ6AHXZ@Z 00410e04 f i libucrt:onexit.obj
 0001:0000fe04       ??$__crt_fast_encode_pointer@P6GHPA_WKJ@Z@@YAP6GHPA_WKJ@ZQ6GH0KJ@Z@Z 00410e04 f i libucrt:winapi_thunks.obj
 0001:0000fe04       ??$__crt_fast_encode_pointer@P6AHPAU_exception@@@Z@@YAP6AHPAU_exception@@@ZQ6AH0@Z@Z 00410e04 f i libucrt:matherr.obj
 0001:0000ff54       ___acrt_CompareStringEx@36 00410f54 f   libucrt:winapi_thunks.obj
 0001:0000ffc8       ___acrt_EnumSystemLocalesEx@16 00410fc8 f   libucrt:winapi_thunks.obj
 0001:00010035       ___acrt_FlsAlloc@4         00411035 f   libucrt:winapi_thunks.obj
 0001:0001008b       ___acrt_FlsFree@4          0041108b f   libucrt:winapi_thunks.obj
 0001:000100e1       ___acrt_FlsGetValue@4      004110e1 f   libucrt:winapi_thunks.obj
 0001:00010137       ___acrt_FlsSetValue@8      00411137 f   libucrt:winapi_thunks.obj
 0001:00010190       ___acrt_GetLocaleInfoEx@16 00411190 f   libucrt:winapi_thunks.obj
 0001:000101fa       ___acrt_GetUserDefaultLocaleName@8 004111fa f   libucrt:winapi_thunks.obj
 0001:00010261       ___acrt_InitializeCriticalSectionEx@12 00411261 f   libucrt:winapi_thunks.obj
 0001:000102c3       ___acrt_IsValidLocaleName@4 004112c3 f   libucrt:winapi_thunks.obj
 0001:00010326       ___acrt_LCIDToLocaleName@16 00411326 f   libucrt:winapi_thunks.obj
 0001:00010390       ___acrt_LCMapStringEx@36   00411390 f   libucrt:winapi_thunks.obj
 0001:00010418       ___acrt_LocaleNameToLCID@8 00411418 f   libucrt:winapi_thunks.obj
 0001:00010474       ___acrt_can_use_vista_locale_apis 00411474 f   libucrt:winapi_thunks.obj
 0001:00010480       ___acrt_initialize_winapi_thunks 00411480 f   libucrt:winapi_thunks.obj
 0001:000104a6       ___acrt_is_packaged_app    004114a6 f   libucrt:winapi_thunks.obj
 0001:0001052d       ___acrt_uninitialize_winapi_thunks 0041152d f   libucrt:winapi_thunks.obj
 0001:00010563       ___acrt_initialize_heap    00411563 f   libucrt:heap_handle.obj
 0001:00010574       ___acrt_uninitialize_heap  00411574 f   libucrt:heap_handle.obj
 0001:0001057e       ___acrt_update_locale_info 0041157e f   libucrt:locale_update.obj
 0001:000105ab       ___acrt_update_multibyte_info 004115ab f   libucrt:locale_update.obj
 0001:000105d8       __isctype_l                004115d8 f   libucrt:isctype.obj
 0001:000107a5       ___acrt_GetLocaleInfoA     004117a5 f   libucrt:getlocaleinfoa.obj
 0001:00010957       ___acrt_GetStringTypeA     00411957 f   libucrt:getstringtypea.obj
 0001:00010c91       ___acrt_LCMapStringA       00411c91 f   libucrt:lcmapstringa.obj
 0001:00010e55       __mbstowcs_s_l             00411e55 f   libucrt:mbstowcs.obj
 0001:00010f38       _mbstowcs_s                00411f38 f   libucrt:mbstowcs.obj
 0001:000111d9       __wcstombs_s_l             004121d9 f   libucrt:wcstombs.obj
 0001:000112a6       __fcloseall                004122a6 f   libucrt:closeall.obj
 0001:00011346       ___acrt_stdio_free_buffer_nolock 00412346 f   libucrt:_freebuf.obj
 0001:000114f0       ___acrt_initialize_lowio   004124f0 f   libucrt:ioinit.obj
 0001:00011546       ___acrt_uninitialize_lowio 00412546 f   libucrt:ioinit.obj
 0001:00011572       ??$?RV<lambda_123407a5e2ac06da108355a851863b7a>@@AAV<lambda_2fe9b910cf3cbf4a0ab98a02ba45b3ec>@@V<lambda_ae55bdf541ad94d75914d381c370e64d>@@@?$__crt_seh_guarded_call@H@@QAEH$$QAV<lambda_123407a5e2ac06da108355a851863b7a>@@AAV<lambda_2fe9b910cf3cbf4a0ab98a02ba45b3ec>@@$$QAV<lambda_ae55bdf541ad94d75914d381c370e64d>@@@Z 00412572 f i libucrt:close.obj
 0001:000115f4       ??$__acrt_lowio_lock_fh_and_call@V<lambda_2fe9b910cf3cbf4a0ab98a02ba45b3ec>@@@@YAHH$$QAV<lambda_2fe9b910cf3cbf4a0ab98a02ba45b3ec>@@@Z 004125f4 f i libucrt:close.obj
 0001:0001161c       __close                    0041261c f   libucrt:close.obj
 0001:0001169b       __close_nolock             0041269b f   libucrt:close.obj
 0001:00011737       __fileno                   00412737 f   libucrt:fileno.obj
 0001:0001175d       ?__acrt_stdio_free_stream@@YAXV__crt_stdio_stream@@@Z 0041275d f   libucrt:stream.obj
 0001:00011798       ??$?RV<lambda_61cee617f5178ae960314fd4d05640a0>@@AAV<lambda_6978c1fb23f02e42e1d9e99668cc68aa>@@V<lambda_9cd88cf8ad10232537feb2133f08c833>@@@?$__crt_seh_guarded_call@H@@QAEH$$QAV<lambda_61cee617f5178ae960314fd4d05640a0>@@AAV<lambda_6978c1fb23f02e42e1d9e99668cc68aa>@@$$QAV<lambda_9cd88cf8ad10232537feb2133f08c833>@@@Z 00412798 f i libucrt:commit.obj
 0001:00011830       ??$__acrt_lowio_lock_fh_and_call@V<lambda_6978c1fb23f02e42e1d9e99668cc68aa>@@@@YAHH$$QAV<lambda_6978c1fb23f02e42e1d9e99668cc68aa>@@@Z 00412830 f i libucrt:commit.obj
 0001:00011858       __commit                   00412858 f   libucrt:commit.obj
 0001:00011e57       __write                    00412e57 f   libucrt:write.obj
 0001:00011f42       __write_nolock             00412f42 f   libucrt:write.obj
 0001:000122cf       ___acrt_stdio_refill_and_read_narrow_nolock 004132cf f   libucrt:_filbuf.obj
 0001:0001280a       __ftelli64                 0041380a f   libucrt:ftell.obj
 0001:00012815       __ftelli64_nolock          00413815 f   libucrt:ftell.obj
 0001:000129fd       ___acrt_stdio_flush_and_write_narrow_nolock 004139fd f   libucrt:_flsbuf.obj
 0001:00012b8b       __lseeki64                 00413b8b f   libucrt:lseek.obj
 0001:00012ba6       __lseeki64_nolock          00413ba6 f   libucrt:lseek.obj
 0001:00012bc1       ___acrt_stdio_begin_temporary_buffering_nolock 00413bc1 f   libucrt:_sftbuf.obj
 0001:00012c76       ___acrt_stdio_end_temporary_buffering_nolock 00413c76 f   libucrt:_sftbuf.obj
 0001:00012caf       ___acrt_stdio_allocate_buffer_nolock 00413caf f   libucrt:_getbuf.obj
 0001:00012d0c       ??$?RV<lambda_a048d3beccc847880fc8490e18b82769>@@AAV<lambda_ec61778202f4f5fc7e7711acc23c3bca>@@V<lambda_f7496a158712204296dd6628a163878e>@@@?$__crt_seh_guarded_call@P6AXH@Z@@QAEP6AXH@Z$$QAV<lambda_a048d3beccc847880fc8490e18b82769>@@AAV<lambda_ec61778202f4f5fc7e7711acc23c3bca>@@$$QAV<lambda_f7496a158712204296dd6628a163878e>@@@Z 00413d0c f i libucrt:signal.obj
 0001:00012d66       ??$__acrt_lock_and_call@V<lambda_ec61778202f4f5fc7e7711acc23c3bca>@@@@YAP6AXH@ZW4__acrt_lock_id@@$$QAV<lambda_ec61778202f4f5fc7e7711acc23c3bca>@@@Z 00413d66 f i libucrt:signal.obj
 0001:00012dd0       ?initialize@?$dual_state_global@P6AXPB_W00II@Z@__crt_state_management@@QAEXQ6AXPB_W00II@Z@Z 00413dd0 f i libucrt:invalid_parameter.obj
[...]
 0002:0000cc10       __sehtable$_ungetc         00429c10     libucrt:ungetc.obj
 0002:0000cc30       __sehtable$__query_new_handler 00429c30     libucrt:new_handler.obj
 0002:0000cc50       __sehtable$?common_exit@@YAXHW4_crt_exit_cleanup_mode@@W4_crt_exit_return_mode@@@Z 00429c50     libucrt:exit.obj
 0002:0000cc78       __sehtable$??$?RV<lambda_800076c951b434888f4765a74a194fcc>@@AAV<lambda_4e60a939b0d047cfe11ddc22648dfba9>@@V<lambda_6dbb1268764f43b569ce7b67e331d33a>@@@?$__crt_seh_guarded_call@H@@QAEH$$QAV<lambda_800076c951b434888f4765a74a194fcc>@@AAV<lambda_4e60a939b0d047cfe11ddc22648dfba9>@@$$QAV<lambda_6dbb1268764f43b569ce7b67e331d33a>@@@Z 00429c78     libucrt:onexit.obj
 0002:0000cc98       __sehtable$??$?RV<lambda_995298e7d72eb4c2aab26c0585b3abe5>@@AAV<lambda_275893d493268fdec8709772e3fcec0e>@@V<lambda_293819299cbf9a7022e18b56a874bb5c>@@@?$__crt_seh_guarded_call@H@@QAEH$$QAV<lambda_995298e7d72eb4c2aab26c0585b3abe5>@@AAV<lambda_275893d493268fdec8709772e3fcec0e>@@$$QAV<lambda_293819299cbf9a7022e18b56a874bb5c>@@@Z 00429c98     libucrt:onexit.obj
 0002:0000ccb8       __sehtable$___acrt_uninitialize_locale 00429cb8     libucrt:wsetlocale.obj
 0002:0000ccd8       __sehtable$??$?RV<lambda_70818de7b02deff9841e8b0962a60ed9>@@AAV<lambda_2af78c5f5901b1372d98f9ab3177dfa6>@@AAV<lambda_f51fe5fd7c79a33db34fc9310f277369>@@@?$__crt_seh_guarded_call@X@@QAEX$$QAV<lambda_70818de7b02deff9841e8b0962a60ed9>@@AAV<lambda_2af78c5f5901b1372d98f9ab3177dfa6>@@AAV<lambda_f51fe5fd7c79a33db34fc9310f277369>@@@Z 00429cd8     libucrt:wsetlocale.obj
 0002:0000ccf8       __sehtable$??$?RV<lambda_c76fdea48760d5f9368b465f31df4405>@@AAV<lambda_e378711a6f6581bf7f0efd7cdf97f5d9>@@V<lambda_e927a58b2a85c081d733e8c6192ae2d2>@@@?$__crt_seh_guarded_call@X@@QAEX$$QAV<lambda_c76fdea48760d5f9368b465f31df4405>@@AAV<lambda_e378711a6f6581bf7f0efd7cdf97f5d9>@@$$QAV<lambda_e927a58b2a85c081d733e8c6192ae2d2>@@@Z 00429cf8     libucrt:wsetlocale.obj
 0002:0000cd18       __sehtable$_terminate      00429d18     libucrt:terminate.obj
 0002:0000cd38       __sehtable$??$?RV<lambda_9df27f884b057bc3edfc946cb5b7cf47>@@AAV<lambda_e69574bed617af4e071282c136b37893>@@V<lambda_cc0d902bcbbeb830f749456577db4721>@@@?$__crt_seh_guarded_call@X@@QAEX$$QAV<lambda_9df27f884b057bc3edfc946cb5b7cf47>@@AAV<lambda_e69574bed617af4e071282c136b37893>@@$$QAV<lambda_cc0d902bcbbeb830f749456577db4721>@@@Z 00429d38     libucrt:per_thread_data.obj
 0002:0000cd58       __sehtable$??$?RV<lambda_3518db117f0e7cdb002338c5d3c47b6c>@@AAV<lambda_b2ea41f6bbb362cd97d94c6828d90b61>@@V<lambda_abdedf541bb04549bc734292b4a045d4>@@@?$__crt_seh_guarded_call@X@@QAEX$$QAV<lambda_3518db117f0e7cdb002338c5d3c47b6c>@@AAV<lambda_b2ea41f6bbb362cd97d94c6828d90b61>@@$$QAV<lambda_abdedf541bb04549bc734292b4a045d4>@@@Z 00429d58     libucrt:per_thread_data.obj
 0002:0000cd78       __sehtable$??$?RV<lambda_51b6e8b1eb166f2a3faf91f424b38130>@@AAV<lambda_6250bd4b2a391816dd638c3bf72b0bcb>@@V<lambda_0b5a4a3e68152e1d9b943535f5f47bed>@@@?$__crt_seh_guarded_call@X@@QAEX$$QAV<lambda_51b6e8b1eb166f2a3faf91f424b38130>@@AAV<lambda_6250bd4b2a391816dd638c3bf72b0bcb>@@$$QAV<lambda_0b5a4a3e68152e1d9b943535f5f47bed>@@@Z 00429d78     libucrt:per_thread_data.obj
 0002:0000cd98       __sehtable$??$?RV<lambda_5b71d36f03204c0beab531769a5b5694>@@AAV<lambda_be2b3da3f62db62e9dad5dc70221a656>@@V<lambda_8f9ce462984622f9bf76b59e2aaaf805>@@@?$__crt_seh_guarded_call@X@@QAEX$$QAV<lambda_5b71d36f03204c0beab531769a5b5694>@@AAV<lambda_be2b3da3f62db62e9dad5dc70221a656>@@$$QAV<lambda_8f9ce462984622f9bf76b59e2aaaf805>@@@Z 00429d98     libucrt:per_thread_data.obj
 0002:0000cdb8       __sehtable$??$?RV<lambda_9227be29367c048ad7fd93a717dcb1a1>@@AAV<lambda_a463b7b0560cfcaf9b17f27c6ef46564>@@V<lambda_ccea11b5727ccf69be64f5f5d9a08d9f>@@@?$__crt_seh_guarded_call@H@@QAEH$$QAV<lambda_9227be29367c048ad7fd93a717dcb1a1>@@AAV<lambda_a463b7b0560cfcaf9b17f27c6ef46564>@@$$QAV<lambda_ccea11b5727ccf69be64f5f5d9a08d9f>@@@Z 00429db8     libucrt:winapi_thunks.obj
 0002:0000cdd8       __sehtable$__fcloseall     00429dd8     libucrt:closeall.obj
 0002:0000cdf8       __sehtable$___acrt_initialize_lowio 00429df8     libucrt:ioinit.obj
 0002:0000ce18       __sehtable$??$?RV<lambda_123407a5e2ac06da108355a851863b7a>@@AAV<lambda_2fe9b910cf3cbf4a0ab98a02ba45b3ec>@@V<lambda_ae55bdf541ad94d75914d381c370e64d>@@@?$__crt_seh_guarded_call@H@@QAEH$$QAV<lambda_123407a5e2ac06da108355a851863b7a>@@AAV<lambda_2fe9b910cf3cbf4a0ab98a02ba45b3ec>@@$$QAV<lambda_ae55bdf541ad94d75914d381c370e64d>@@@Z 00429e18     libucrt:close.obj
 0002:0000ce38       __sehtable$??$?RV<lambda_61cee617f5178ae960314fd4d05640a0>@@AAV<lambda_6978c1fb23f02e42e1d9e99668cc68aa>@@V<lambda_9cd88cf8ad10232537feb2133f08c833>@@@?$__crt_seh_guarded_call@H@@QAEH$$QAV<lambda_61cee617f5178ae960314fd4d05640a0>@@AAV<lambda_6978c1fb23f02e42e1d9e99668cc68aa>@@$$QAV<lambda_9cd88cf8ad10232537feb2133f08c833>@@@Z 00429e38     libucrt:commit.obj
 0002:0000ce58       __sehtable$__write         00429e58     libucrt:write.obj
 0002:0000ce78       __sehtable$??$common_ftell@_J@@YA_JV__crt_stdio_stream@@@Z 00429e78     libucrt:ftell.obj
 0002:0000ce98       __sehtable$??$common_lseek@_J@@YA_JH_JH@Z 00429e98     libucrt:lseek.obj
 0002:0000ceb8       __sehtable$_raise          00429eb8     libucrt:signal.obj
 0002:0000ced8       __sehtable$??$?RV<lambda_a048d3beccc847880fc8490e18b82769>@@AAV<lambda_ec61778202f4f5fc7e7711acc23c3bca>@@V<lambda_f7496a158712204296dd6628a163878e>@@@?$__crt_seh_guarded_call@P6AXH@Z@@QAEP6AXH@Z$$QAV<lambda_a048d3beccc847880fc8490e18b82769>@@AAV<lambda_ec61778202f4f5fc7e7711acc23c3bca>@@$$QAV<lambda_f7496a158712204296dd6628a163878e>@@@Z 00429ed8     libucrt:signal.obj
 0002:0000cef8       __sehtable$___set_fpsr_sse2 00429ef8     libucrt:fpctrl.obj
 0002:0000cf18       __sehtable$___acrt_update_thread_multibyte_data 00429f18     libucrt:mbctype.obj
 0002:0000cf38       __sehtable$??$?RV<lambda_978dc153c237d78434369da87b74ff60>@@AAV<lambda_ad1ced32f4ac17aa236e5ef05d6b3b7c>@@V<lambda_4a8533e2866a575feecb8298ce776b0d>@@@?$__crt_seh_guarded_call@X@@QAEX$$QAV<lambda_978dc153c237d78434369da87b74ff60>@@AAV<lambda_ad1ced32f4ac17aa236e5ef05d6b3b7c>@@$$QAV<lambda_4a8533e2866a575feecb8298ce776b0d>@@@Z 00429f38     libucrt:mbctype.obj
 0002:0000cf58       __sehtable$___acrt_lowio_ensure_fh_exists 00429f58     libucrt:osfinfo.obj
 0002:0000cf78       __sehtable$___acrt_update_thread_locale_data 00429f78     libucrt:locale_refcounting.obj
 0002:0000cf98       __sehtable$__read          00429f98     libucrt:read.obj
 0002:0000cfb8       __sehtable$__IsNonwritableInCurrentImage 00429fb8     LIBCMT:pesect.obj
 0002:0000d410       .idata$6                   0042a410     kernel32:KERNEL32.dll
 0003:00000200       ?init@std@@3JA             0042b200     libcpmt:xlock.obj
 0003:00000208       ?atcount_cdecl@@3IA        0042b208     libcpmt:iosptrs.obj
 0003:000002b0       ?__vcrt_flsindex@@3KA      0042b2b0     libvcruntime:per_thread_data.obj
 0003:000002d8       _errno_no_memory           0042b2d8     libucrt:errno.obj
 0003:000002dc       _doserrno_no_memory        0042b2dc     libucrt:errno.obj
 0003:000003f0       __ctype_loc_style          0042b3f0     libucrt:wsetlocale.obj
 0003:000003f4       ___acrt_flsindex           0042b3f4     libucrt:per_thread_data.obj
 0003:000004f8       ?__DAZ_ENABLED@?1??__set_fpsr_sse2@@9@9 0042b4f8     libucrt:fpctrl.obj
 0003:00000500       _tzstd_program             0042b500     libucrt:timeset.obj
 0003:00000540       _tzdst_program             0042b540     libucrt:timeset.obj
 0003:00000580       _tzname_states             0042b580     libucrt:timeset.obj
 0003:00000588       ___rgctypeflag             0042b588     libucrt:mbctype.obj
 0003:00000590       ___rgcode_page_info        0042b590     libucrt:mbctype.obj
 0003:00001020       ?initlocks@std@@3V_Init_locks@1@A 0042c020     libcpmt:xlock.obj
 0003:00001028       ?mtx@std@@3PAU_RTL_CRITICAL_SECTION@@A 0042c028     libcpmt:xlock.obj
 0003:000010f0       _global_locale             0042c0f0     libcpmt:locale0.obj
 0003:000010f4       ?_Fac_head@std@@3PAU_Fac_node@1@A 0042c0f4     libcpmt:locale0.obj
 0003:0000110c       ?classic_locale@std@@3Vlocale@1@A 0042c10c     libcpmt:locale0.obj
 0003:00001114       ?_Fac_tidy_reg@std@@3U_Fac_tidy_reg_t@1@B 0042c114     libcpmt:locale0.obj
 0003:00001115       ?registered@?1??_Setgloballocale@locale@std@@CAXPAX@Z@4_NA 0042c115     libcpmt:locale0.obj
 0003:00001118       ?initlocks@@3V_Init_locks@std@@A 0042c118     libcpmt:cout.obj
 0003:00001119       ?init_cout@std@@3U_Init_cout@1@A 0042c119     libcpmt:cout.obj
 0003:00001170       ?fout@std@@3V?$basic_filebuf@DU?$char_traits@D@std@@@1@A 0042c170     libcpmt:cout.obj
 0003:000011f8       ?atfuns_cdecl@@3PAP6AXXZA  0042c1f8     libcpmt:iosptrs.obj
 0003:00001220       ?initlocks@std@@3V_Init_locks@1@A 0042c220     libcpmt:iosptrs.obj
 0003:00001221       ?init_atexit@@3U_Init_atexit@@A 0042c221     libcpmt:iosptrs.obj
 0003:00001240       ?stdstr@std@@3PAPAVios_base@1@A 0042c240     libcpmt:ios.obj
 0003:00001268       ?stdopens@std@@3PADA       0042c268     libcpmt:ios.obj
 0003:00001398       ?module_local_atexit_table@@3U_onexit_table_t@@A 0042c398     LIBCMT:utility.obj
 0003:000013a4       ?module_local_at_quick_exit_table@@3U_onexit_table_t@@A 0042c3a4     LIBCMT:utility.obj
 0003:000013b0       ?is_initialized_as_dll@@3_NA 0042c3b0     LIBCMT:utility.obj
 0003:000013b4       ?_Tss_mutex@@3U_RTL_CRITICAL_SECTION@@A 0042c3b4     LIBCMT:thread_safe_statics.obj
 0003:000013cc       ?_Tss_cv@@3U_RTL_CONDITION_VARIABLE@@A 0042c3cc     LIBCMT:thread_safe_statics.obj
 0003:000013d0       ?_Tss_event@@3PAXA         0042c3d0     LIBCMT:thread_safe_statics.obj
 0003:000013d4       ?encoded_sleep_condition_variable_cs@@3P6GHPAU_RTL_CONDITION_VARIABLE@@PAU_RTL_CRITICAL_SECTION@@K@ZA 0042c3d4     LIBCMT:thread_safe_statics.obj
 0003:000013d8       ?encoded_wake_all_condition_variable@@3P6GXPAU_RTL_CONDITION_VARIABLE@@@ZA 0042c3d8     LIBCMT:thread_safe_statics.obj
 0003:000013f0       _GS_ExceptionRecord        0042c3f0     LIBCMT:gs_report.obj
 0003:00001440       _GS_ContextRecord          0042c440     LIBCMT:gs_report.obj
 0003:00001724       ?module_handles@@3PAPAUHINSTANCE__@@A 0042c724     libvcruntime:winapi_downlevel.obj
 0003:00001734       ?encoded_function_pointers@@3PAPAXA 0042c734     libvcruntime:winapi_downlevel.obj
 0003:0000175c       ?__vcrt_startup_thread_ptd@@3U__vcrt_ptd@@A 0042c75c     libvcruntime:per_thread_data.obj
 0003:00001784       ___vcrt_lock_table         0042c784     libvcruntime:locks.obj
 0003:0000179c       ___vcrt_locks_initialized  0042c79c     libvcruntime:locks.obj
 0003:000017c8       ?heap@@3V_HeapManager@@A   0042c7c8     libvcruntime:undname.obj
 0003:000017dc       ___acrt_invalid_parameter_handler 0042c7dc     libucrt:invalid_parameter.obj
 0003:000017e0       ___acrt_lock_table         0042c7e0     libucrt:locks.obj
 0003:00001918       ___acrt_locks_initialized  0042c918     libucrt:locks.obj
 0003:00001930       ___acrt_new_handler        0042c930     libucrt:new_handler.obj
 0003:00001934       _c_termination_complete    0042c934     libucrt:exit.obj
 0003:00001938       _thread_local_exit_callback_func 0042c938     libucrt:exit.obj
 0003:0000193c       ?c_exit_complete@?5??common_exit@@YAXHW4_crt_exit_cleanup_mode@@W4_crt_exit_return_mode@@@Z@4_NA 0042c93c     libucrt:exit.obj
 0003:00001940       ?program_name@?5???$common_configure_argv@D@@YAHW4_crt_argv_mode@@@Z@4PADA 0042c940     libucrt:argv_parsing.obj
 0003:00001a70       ___acrt_app_type           0042ca70     libucrt:report_runtime_error.obj
 0003:00001a74       _user_matherr              0042ca74     libucrt:matherr.obj
 0003:00001a94       ___acrt_global_new_mode    0042ca94     libucrt:new_mode.obj
 0003:00001aa0       _module_handles            0042caa0     libucrt:winapi_thunks.obj
 0003:00001af0       _encoded_function_pointers 0042caf0     libucrt:winapi_thunks.obj
 0003:00001b70       ?static_enum_proc@?1??enum_system_locales_ex_nolock@@YAHQ6GHPA_WKJ@Z@Z@4P6GH0KJ@ZA 0042cb70     libucrt:winapi_thunks.obj
 0003:00001b74       ?state_cache@?1??__acrt_is_packaged_app@@9@4JA 0042cb74     libucrt:winapi_thunks.obj
 0003:00001d8c       _ctrlc_action              0042cd8c     libucrt:signal.obj
 0003:00001d90       _ctrlbreak_action          0042cd90     libucrt:signal.obj
 0003:00001d94       _abort_action              0042cd94     libucrt:signal.obj
 0003:00001d98       _term_action               0042cd98     libucrt:signal.obj
 0003:00001dac       __tzname                   0042cdac     libucrt:timeset.obj
 0003:00001db0       _tz_api_used               0042cdb0     libucrt:tzset.obj
 0003:00001db8       _tz_info                   0042cdb8     libucrt:tzset.obj
 0003:00001e7c       _fSystemSet                0042ce7c     libucrt:mbctype.obj
 0003:00001e80       ?initialized@?1??__acrt_initialize_multibyte@@9@4_NA 0042ce80     libucrt:mbctype.obj
 0003:00001e88       __pmatherr_set             0042ce88     libucrt:libm_error.obj
 0004:00000000       __guard_fids____dcrt_uninitialize_environments_nolock 0042d000     libucrt:environment_initialization.obj
 0004:00000008       __guard_fids__             0042d008     libucrt:initialization.obj
 0004:00000068       __guard_fids__             0042d068     libucrt:wsetlocale.obj
 0004:00000080       __guard_fids____acrt_initialize_ptd 0042d080     libucrt:per_thread_data.obj
 0004:00000084       __guard_fids_??$?RV<lambda_9227be29367c048ad7fd93a717dcb1a1>@@AAV<lambda_a463b7b0560cfcaf9b17f27c6ef46564>@@V<lambda_ccea11b5727ccf69be64f5f5d9a08d9f>@@@?$__crt_seh_guarded_call@H@@QAEH$$QAV<lambda_9227be29367c048ad7fd93a717dcb1a1>@@AAV<lambda_a463b7b0560cfcaf9b17f27c6ef46564>@@$$QAV<lambda_ccea11b5727ccf69be64f5f5d9a08d9f>@@@Z 0042d084     libucrt:winapi_thunks.obj
 0004:00000088       __guard_fids__             0042d088     libucrt:stdio_initializer.obj
 0004:0000008c       __guard_fids__             0042d08c     libucrt:stdio_initializer.obj
 0004:00000090       __guard_fids_??$expand_argument_wildcards@D@@YAHQAD0AAV?$argument_list@D@?A0xb0e4b824@@@Z 0042d090     libucrt:argv_wildcards.obj
 0004:00000094       __guard_fids__             0042d094     libucrt:locale_initializer.obj
 0004:00000098       __guard_fids__GetLocaleNameFromLangCountry 0042d098     libucrt:get_qualified_locale.obj
 0004:0000009c       __guard_fids__GetLocaleNameFromLanguage 0042d09c     libucrt:get_qualified_locale.obj
 0004:000000a0       __guard_fids__GetLcidFromLangCountry 0042d0a0     libucrt:getqloc_downlevel.obj
 0004:000000a4       __guard_fids__GetLcidFromLanguage 0042d0a4     libucrt:getqloc_downlevel.obj
 0004:000000a8       __guard_fids__GetLcidFromCountry 0042d0a8     libucrt:getqloc_downlevel.obj
 0004:000000ac       __guard_fids__             0042d0ac     libucrt:sse2_initializer.obj
 0004:000000b0       __guard_fids____libm_error_support 0042d0b0     libucrt:libm_error.obj
 0004:000000b4       __guard_fids__             0042d0b4     libucrt:timeset_initializer.obj
 0004:000000b8       __guard_fids__             0042d0b8     libucrt:multibyte_initializer.obj
 0004:000000bc       __guard_fids__             0042d0bc     libucrt:console_output_initializer.obj
 0004:000000c0       __guard_fids_??__Einitlocks@std@@YAXXZ 0042d0c0     libcpmt:xlock.obj
 0004:000000c4       __guard_fids__             0042d0c4     libcpmt:xlock.obj
 0004:000000c8       __guard_fids__             0042d0c8     libcpmt:xthrow.obj
 0004:000000d0       __guard_fids__             0042d0d0     libcpmt:xthrow.obj
 0004:000000d8       __guard_fids__             0042d0d8     libcpmt:xthrow.obj
 0004:000000e0       __guard_fids__             0042d0e0     libcpmt:xthrow.obj
 0004:000000e8       __guard_fids__             0042d0e8     libcpmt:xthrow.obj
 0004:000000ec       __guard_fids__             0042d0ec     libcpmt:xthrow.obj
 0004:000000f0       __guard_fids__             0042d0f0     libcpmt:xthrow.obj
 0004:000000f4       __guard_fids__             0042d0f4     libcpmt:xthrow.obj
 0004:000000f8       __guard_fids__             0042d0f8     libcpmt:xthrow.obj
 0004:000000fc       __guard_fids__             0042d0fc     libcpmt:xthrow.obj
 0004:00000100       __guard_fids__             0042d100     libcpmt:xthrow.obj
 0004:00000104       __guard_fids_??__E_Fac_tidy_reg@std@@YAXXZ 0042d104     libcpmt:locale0.obj
 0004:00000108       __guard_fids_?_Setgloballocale@locale@std@@CAXPAX@Z 0042d108     libcpmt:locale0.obj
 0004:0000010c       __guard_fids_??__Eclassic_locale@std@@YAXXZ 0042d10c     libcpmt:locale0.obj
 0004:00000110       __guard_fids__             0042d110     libcpmt:locale0.obj
 0004:0000011c       __guard_fids__             0042d11c     libcpmt:locale0.obj
 0004:00000120       __guard_fids__             0042d120     libcpmt:locale0.obj
 0004:00000124       __guard_fids_??__Einitlocks@@YAXXZ 0042d124     libcpmt:cout.obj
 0004:00000128       __guard_fids_??__Efout@std@@YAXXZ 0042d128     libcpmt:cout.obj
 0004:0000012c       __guard_fids_??__Ecout@std@@YAXXZ 0042d12c     libcpmt:cout.obj
 0004:00000130       __guard_fids__             0042d130     libcpmt:cout.obj
 0004:00000134       __guard_fids__             0042d134     libcpmt:cout.obj
 0004:00000170       __guard_fids__             0042d170     libcpmt:cout.obj
 0004:000001ac       __guard_fids__             0042d1ac     libcpmt:cout.obj
 0004:000001b0       __guard_fids__             0042d1b0     libcpmt:cout.obj
 0004:000001b4       __guard_fids__             0042d1b4     libcpmt:cout.obj
 0004:000001dc       __guard_fids__             0042d1dc     libcpmt:cout.obj
 0004:000001e0       __guard_fids__             0042d1e0     libcpmt:cout.obj
 0004:000001e4       __guard_fids__             0042d1e4     libcpmt:cout.obj
 0004:000001e8       __guard_fids__             0042d1e8     libcpmt:cout.obj
 0004:000001ec       __guard_fids_??__Einitlocks@std@@YAXXZ 0042d1ec     libcpmt:iosptrs.obj
 0004:000001f0       __guard_fids_??__Einit_atexit@@YAXXZ 0042d1f0     libcpmt:iosptrs.obj
 0004:000001f4       __guard_fids__             0042d1f4     libcpmt:iosptrs.obj
 0004:000001f8       __guard_fids__             0042d1f8     libcpmt:iosptrs.obj
 0004:000001fc       __guard_fids__             0042d1fc     libcpmt:winapisupp.obj
 0004:00000200       __guard_fids__             0042d200     LIBCMT:thread_safe_statics.obj
 0004:00000204       __guard_fids_?__scrt_initialize_thread_safe_statics@@YAHXZ 0042d204     LIBCMT:thread_safe_statics.obj
 0004:00000208       __guard_fids__             0042d208     LIBCMT:std_type_info_static.obj
 0004:0000020c       __guard_fids__             0042d20c     LIBCMT:exe_main.obj
 0004:00000210       __guard_fids__             0042d210     LIBCMT:exe_main.obj
 0004:00000214       __guard_fids__             0042d214     LIBCMT:exe_main.obj
 0004:00000218       __guard_fids_?pre_c_initialization@@YAHXZ 0042d218     LIBCMT:exe_main.obj
 0004:00000220       __guard_fids__             0042d220     LIBCMT:throw_bad_alloc.obj
 0004:00000228       __guard_fids__             0042d228     LIBCMT:throw_bad_alloc.obj
 0004:0000022c       __guard_fids__             0042d22c     LIBCMT:throw_bad_alloc.obj
 0004:00000230       __guard_fids____scrt_set_unhandled_exception_filter 0042d230     LIBCMT:utility_desktop.obj
 0004:00000234       __guard_fids__             0042d234     LIBCMT:guard_support.obj
 0004:00000238       __guard_fids__             0042d238     libvcruntime:frame.obj
 0004:0000023c       __guard_fids__             0042d23c     libvcruntime:frame.obj
 0004:00000244       __guard_fids__             0042d244     libvcruntime:frame.obj
 0004:00000248       __guard_fids__             0042d248     libvcruntime:frame.obj
 0004:0000024c       __guard_fids____vcrt_initialize_ptd 0042d24c     libvcruntime:per_thread_data.obj
